[2025-11-14T15:04:33.240+0100][gc,init] CardTable entry size: 512
[2025-11-14T15:04:33.246+0100][gc     ] Using G1
[2025-11-14T15:04:33.262+0100][gc,init] Version: 21.0.1+12-LTS-29 (release)
[2025-11-14T15:04:33.262+0100][gc,init] CPUs: 8 total, 8 available
[2025-11-14T15:04:33.262+0100][gc,init] Memory: 3842M
[2025-11-14T15:04:33.263+0100][gc,init] Large Page Support: Disabled
[2025-11-14T15:04:33.263+0100][gc,init] NUMA Support: Disabled
[2025-11-14T15:04:33.264+0100][gc,init] Compressed Oops: Enabled (32-bit)
[2025-11-14T15:04:33.264+0100][gc,init] Heap Region Size: 1M
[2025-11-14T15:04:33.265+0100][gc,init] Heap Min Capacity: 1G
[2025-11-14T15:04:33.265+0100][gc,init] Heap Initial Capacity: 1G
[2025-11-14T15:04:33.266+0100][gc,init] Heap Max Capacity: 1G
[2025-11-14T15:04:33.266+0100][gc,init] Pre-touch: Disabled
[2025-11-14T15:04:33.267+0100][gc,init] Parallel Workers: 8
[2025-11-14T15:04:33.267+0100][gc,init] Concurrent Workers: 2
[2025-11-14T15:04:33.268+0100][gc,init] Concurrent Refinement Workers: 8
[2025-11-14T15:04:33.268+0100][gc,init] Periodic GC: Disabled
[2025-11-14T15:04:33.289+0100][gc,metaspace] CDS archive(s) mapped at: [0x000073d0c3000000-0x000073d0c3cab000-0x000073d0c3cab000), size 13283328, SharedBaseAddress: 0x000073d0c3000000, ArchiveRelocationMode: 1.
[2025-11-14T15:04:33.289+0100][gc,metaspace] Compressed class space mapped at: 0x000073d0c4000000-0x000073d104000000, reserved size: 1073741824
[2025-11-14T15:04:33.290+0100][gc,metaspace] Narrow klass base: 0x000073d0c3000000, Narrow klass shift: 0, Narrow klass range: 0x100000000
[2025-11-14T15:04:55.788+0100][gc,heap,exit] Heap
[2025-11-14T15:04:55.788+0100][gc,heap,exit]  garbage-first heap   total 1048576K, used 38432K [0x00000000c0000000, 0x0000000100000000)
[2025-11-14T15:04:55.789+0100][gc,heap,exit]   region size 1024K, 37 young (37888K), 0 survivors (0K)
[2025-11-14T15:04:55.789+0100][gc,heap,exit]  Metaspace       used 13244K, committed 13440K, reserved 1114112K
[2025-11-14T15:04:55.789+0100][gc,heap,exit]   class space    used 1765K, committed 1856K, reserved 1048576K
