[2025-11-14T21:37:57.630+0100][gc,init] CardTable entry size: 512
[2025-11-14T21:37:57.634+0100][gc     ] Using G1
[2025-11-14T21:37:57.651+0100][gc,init] Version: 21.0.1+12-LTS-29 (release)
[2025-11-14T21:37:57.652+0100][gc,init] CPUs: 8 total, 8 available
[2025-11-14T21:37:57.652+0100][gc,init] Memory: 3842M
[2025-11-14T21:37:57.652+0100][gc,init] Large Page Support: Disabled
[2025-11-14T21:37:57.652+0100][gc,init] NUMA Support: Disabled
[2025-11-14T21:37:57.653+0100][gc,init] Compressed Oops: Enabled (32-bit)
[2025-11-14T21:37:57.653+0100][gc,init] Heap Region Size: 1M
[2025-11-14T21:37:57.653+0100][gc,init] Heap Min Capacity: 1G
[2025-11-14T21:37:57.653+0100][gc,init] Heap Initial Capacity: 1G
[2025-11-14T21:37:57.654+0100][gc,init] Heap Max Capacity: 1G
[2025-11-14T21:37:57.654+0100][gc,init] Pre-touch: Disabled
[2025-11-14T21:37:57.654+0100][gc,init] Parallel Workers: 8
[2025-11-14T21:37:57.655+0100][gc,init] Concurrent Workers: 2
[2025-11-14T21:37:57.655+0100][gc,init] Concurrent Refinement Workers: 8
[2025-11-14T21:37:57.655+0100][gc,init] Periodic GC: Disabled
[2025-11-14T21:37:57.689+0100][gc,metaspace] CDS archive(s) mapped at: [0x0000796783000000-0x0000796783cab000-0x0000796783cab000), size 13283328, SharedBaseAddress: 0x0000796783000000, ArchiveRelocationMode: 1.
[2025-11-14T21:37:57.689+0100][gc,metaspace] Compressed class space mapped at: 0x0000796784000000-0x00007967c4000000, reserved size: 1073741824
[2025-11-14T21:37:57.690+0100][gc,metaspace] Narrow klass base: 0x0000796783000000, Narrow klass shift: 0, Narrow klass range: 0x100000000
[2025-11-14T21:38:01.597+0100][gc,start    ] GC(0) Pause Young (Normal) (G1 Evacuation Pause)
[2025-11-14T21:38:01.599+0100][gc,task     ] GC(0) Using 8 workers of 8 for evacuation
[2025-11-14T21:38:01.613+0100][gc,phases   ] GC(0)   Pre Evacuate Collection Set: 0.3ms
[2025-11-14T21:38:01.614+0100][gc,phases   ] GC(0)   Merge Heap Roots: 0.2ms
[2025-11-14T21:38:01.614+0100][gc,phases   ] GC(0)   Evacuate Collection Set: 11.2ms
[2025-11-14T21:38:01.615+0100][gc,phases   ] GC(0)   Post Evacuate Collection Set: 1.9ms
[2025-11-14T21:38:01.615+0100][gc,phases   ] GC(0)   Other: 2.3ms
[2025-11-14T21:38:01.615+0100][gc,heap     ] GC(0) Eden regions: 51->0(44)
[2025-11-14T21:38:01.616+0100][gc,heap     ] GC(0) Survivor regions: 0->7(7)
[2025-11-14T21:38:01.616+0100][gc,heap     ] GC(0) Old regions: 2->4
[2025-11-14T21:38:01.617+0100][gc,heap     ] GC(0) Humongous regions: 0->0
[2025-11-14T21:38:01.617+0100][gc,metaspace] GC(0) Metaspace: 18345K(18624K)->18345K(18624K) NonClass: 16210K(16384K)->16210K(16384K) Class: 2134K(2240K)->2134K(2240K)
[2025-11-14T21:38:01.617+0100][gc          ] GC(0) Pause Young (Normal) (G1 Evacuation Pause) 52M->9M(1024M) 20.538ms
[2025-11-14T21:38:01.618+0100][gc,cpu      ] GC(0) User=0.02s Sys=0.07s Real=0.03s
[2025-11-14T21:38:02.104+0100][gc,start    ] GC(1) Pause Young (Concurrent Start) (Metadata GC Threshold)
[2025-11-14T21:38:02.104+0100][gc,task     ] GC(1) Using 8 workers of 8 for evacuation
[2025-11-14T21:38:02.126+0100][gc,mmu      ] GC(1) MMU target violated: 21.0ms (20.0ms/21.0ms)
[2025-11-14T21:38:02.127+0100][gc,phases   ] GC(1)   Pre Evacuate Collection Set: 0.7ms
[2025-11-14T21:38:02.127+0100][gc,phases   ] GC(1)   Merge Heap Roots: 0.2ms
[2025-11-14T21:38:02.128+0100][gc,phases   ] GC(1)   Evacuate Collection Set: 20.1ms
[2025-11-14T21:38:02.128+0100][gc,phases   ] GC(1)   Post Evacuate Collection Set: 0.9ms
[2025-11-14T21:38:02.128+0100][gc,phases   ] GC(1)   Other: 0.9ms
[2025-11-14T21:38:02.129+0100][gc,heap     ] GC(1) Eden regions: 10->0(50)
[2025-11-14T21:38:02.129+0100][gc,heap     ] GC(1) Survivor regions: 7->1(7)
[2025-11-14T21:38:02.129+0100][gc,heap     ] GC(1) Old regions: 4->11
[2025-11-14T21:38:02.130+0100][gc,heap     ] GC(1) Humongous regions: 0->0
[2025-11-14T21:38:02.130+0100][gc,metaspace] GC(1) Metaspace: 21286K(21504K)->21286K(21504K) NonClass: 18917K(19008K)->18917K(19008K) Class: 2369K(2496K)->2369K(2496K)
[2025-11-14T21:38:02.130+0100][gc          ] GC(1) Pause Young (Concurrent Start) (Metadata GC Threshold) 19M->10M(1024M) 26.698ms
[2025-11-14T21:38:02.131+0100][gc,cpu      ] GC(1) User=0.03s Sys=0.08s Real=0.03s
[2025-11-14T21:38:02.131+0100][gc          ] GC(2) Concurrent Mark Cycle
[2025-11-14T21:38:02.132+0100][gc,marking  ] GC(2) Concurrent Scan Root Regions
[2025-11-14T21:38:02.135+0100][gc,marking  ] GC(2) Concurrent Scan Root Regions 3.371ms
[2025-11-14T21:38:02.136+0100][gc,marking  ] GC(2) Concurrent Mark
[2025-11-14T21:38:02.136+0100][gc,marking  ] GC(2) Concurrent Mark From Roots
[2025-11-14T21:38:02.136+0100][gc,task     ] GC(2) Using 2 workers of 2 for marking
[2025-11-14T21:38:02.141+0100][gc,marking  ] GC(2) Concurrent Mark From Roots 4.811ms
[2025-11-14T21:38:02.141+0100][gc,marking  ] GC(2) Concurrent Preclean
[2025-11-14T21:38:02.141+0100][gc,marking  ] GC(2) Concurrent Preclean 0.390ms
[2025-11-14T21:38:02.144+0100][gc,start    ] GC(2) Pause Remark
[2025-11-14T21:38:02.147+0100][gc          ] GC(2) Pause Remark 11M->11M(1024M) 3.254ms
[2025-11-14T21:38:02.148+0100][gc,cpu      ] GC(2) User=0.00s Sys=0.01s Real=0.00s
[2025-11-14T21:38:02.148+0100][gc,marking  ] GC(2) Concurrent Mark 12.673ms
[2025-11-14T21:38:02.149+0100][gc,marking  ] GC(2) Concurrent Rebuild Remembered Sets and Scrub Regions
[2025-11-14T21:38:02.151+0100][gc,marking  ] GC(2) Concurrent Rebuild Remembered Sets and Scrub Regions 2.763ms
[2025-11-14T21:38:02.152+0100][gc,start    ] GC(2) Pause Cleanup
[2025-11-14T21:38:02.153+0100][gc          ] GC(2) Pause Cleanup 11M->11M(1024M) 0.801ms
[2025-11-14T21:38:02.153+0100][gc,cpu      ] GC(2) User=0.01s Sys=0.00s Real=0.00s
[2025-11-14T21:38:02.154+0100][gc,marking  ] GC(2) Concurrent Clear Claimed Marks
[2025-11-14T21:38:02.154+0100][gc,marking  ] GC(2) Concurrent Clear Claimed Marks 0.364ms
[2025-11-14T21:38:02.154+0100][gc,marking  ] GC(2) Concurrent Cleanup for Next Mark
[2025-11-14T21:38:02.217+0100][gc,marking  ] GC(2) Concurrent Cleanup for Next Mark 63.105ms
[2025-11-14T21:38:02.218+0100][gc          ] GC(2) Concurrent Mark Cycle 86.846ms
[2025-11-14T21:38:04.047+0100][gc,start    ] GC(3) Pause Young (Prepare Mixed) (G1 Evacuation Pause)
[2025-11-14T21:38:04.048+0100][gc,task     ] GC(3) Using 8 workers of 8 for evacuation
[2025-11-14T21:38:04.052+0100][gc,phases   ] GC(3)   Pre Evacuate Collection Set: 0.5ms
[2025-11-14T21:38:04.052+0100][gc,phases   ] GC(3)   Merge Heap Roots: 0.1ms
[2025-11-14T21:38:04.053+0100][gc,phases   ] GC(3)   Evacuate Collection Set: 2.6ms
[2025-11-14T21:38:04.053+0100][gc,phases   ] GC(3)   Post Evacuate Collection Set: 0.9ms
[2025-11-14T21:38:04.053+0100][gc,phases   ] GC(3)   Other: 0.5ms
[2025-11-14T21:38:04.053+0100][gc,heap     ] GC(3) Eden regions: 50->0(46)
[2025-11-14T21:38:04.054+0100][gc,heap     ] GC(3) Survivor regions: 1->5(7)
[2025-11-14T21:38:04.054+0100][gc,heap     ] GC(3) Old regions: 11->11
[2025-11-14T21:38:04.054+0100][gc,heap     ] GC(3) Humongous regions: 0->0
[2025-11-14T21:38:04.054+0100][gc,metaspace] GC(3) Metaspace: 30495K(30784K)->30495K(30784K) NonClass: 26892K(27072K)->26892K(27072K) Class: 3602K(3712K)->3602K(3712K)
[2025-11-14T21:38:04.055+0100][gc          ] GC(3) Pause Young (Prepare Mixed) (G1 Evacuation Pause) 60M->13M(1024M) 7.427ms
[2025-11-14T21:38:04.055+0100][gc,cpu      ] GC(3) User=0.02s Sys=0.00s Real=0.01s
[2025-11-14T21:38:05.424+0100][gc,start    ] GC(4) Pause Young (Mixed) (Metadata GC Threshold)
[2025-11-14T21:38:05.424+0100][gc,task     ] GC(4) Using 8 workers of 8 for evacuation
[2025-11-14T21:38:05.432+0100][gc,phases   ] GC(4)   Pre Evacuate Collection Set: 0.5ms
[2025-11-14T21:38:05.433+0100][gc,phases   ] GC(4)   Merge Heap Roots: 0.2ms
[2025-11-14T21:38:05.433+0100][gc,phases   ] GC(4)   Evacuate Collection Set: 6.0ms
[2025-11-14T21:38:05.433+0100][gc,phases   ] GC(4)   Post Evacuate Collection Set: 1.0ms
[2025-11-14T21:38:05.433+0100][gc,phases   ] GC(4)   Other: 0.5ms
[2025-11-14T21:38:05.433+0100][gc,heap     ] GC(4) Eden regions: 40->0(44)
[2025-11-14T21:38:05.434+0100][gc,heap     ] GC(4) Survivor regions: 5->7(7)
[2025-11-14T21:38:05.434+0100][gc,heap     ] GC(4) Old regions: 11->11
[2025-11-14T21:38:05.434+0100][gc,heap     ] GC(4) Humongous regions: 9->9
[2025-11-14T21:38:05.434+0100][gc,metaspace] GC(4) Metaspace: 35676K(35968K)->35676K(35968K) NonClass: 31464K(31616K)->31464K(31616K) Class: 4212K(4352K)->4212K(4352K)
[2025-11-14T21:38:05.434+0100][gc          ] GC(4) Pause Young (Mixed) (Metadata GC Threshold) 62M->25M(1024M) 10.550ms
[2025-11-14T21:38:05.434+0100][gc,cpu      ] GC(4) User=0.04s Sys=0.01s Real=0.01s
[2025-11-14T21:38:05.504+0100][gc,start    ] GC(5) Pause Young (Concurrent Start) (Metadata GC Threshold)
[2025-11-14T21:38:05.504+0100][gc,task     ] GC(5) Using 8 workers of 8 for evacuation
[2025-11-14T21:38:05.515+0100][gc,phases   ] GC(5)   Pre Evacuate Collection Set: 0.6ms
[2025-11-14T21:38:05.515+0100][gc,phases   ] GC(5)   Merge Heap Roots: 0.2ms
[2025-11-14T21:38:05.515+0100][gc,phases   ] GC(5)   Evacuate Collection Set: 8.5ms
[2025-11-14T21:38:05.516+0100][gc,phases   ] GC(5)   Post Evacuate Collection Set: 0.9ms
[2025-11-14T21:38:05.516+0100][gc,phases   ] GC(5)   Other: 0.5ms
[2025-11-14T21:38:05.516+0100][gc,heap     ] GC(5) Eden regions: 3->0(47)
[2025-11-14T21:38:05.516+0100][gc,heap     ] GC(5) Survivor regions: 7->4(7)
[2025-11-14T21:38:05.516+0100][gc,heap     ] GC(5) Old regions: 11->14
[2025-11-14T21:38:05.517+0100][gc,heap     ] GC(5) Humongous regions: 9->9
[2025-11-14T21:38:05.517+0100][gc,metaspace] GC(5) Metaspace: 35969K(36288K)->35969K(36288K) NonClass: 31719K(31872K)->31719K(31872K) Class: 4249K(4416K)->4249K(4416K)
[2025-11-14T21:38:05.517+0100][gc          ] GC(5) Pause Young (Concurrent Start) (Metadata GC Threshold) 27M->26M(1024M) 13.176ms
[2025-11-14T21:38:05.517+0100][gc          ] GC(6) Concurrent Mark Cycle
[2025-11-14T21:38:05.517+0100][gc,cpu      ] GC(5) User=0.04s Sys=0.02s Real=0.01s
[2025-11-14T21:38:05.517+0100][gc,marking  ] GC(6) Concurrent Scan Root Regions
[2025-11-14T21:38:05.523+0100][gc,marking  ] GC(6) Concurrent Scan Root Regions 5.727ms
[2025-11-14T21:38:05.524+0100][gc,marking  ] GC(6) Concurrent Mark
[2025-11-14T21:38:05.525+0100][gc,marking  ] GC(6) Concurrent Mark From Roots
[2025-11-14T21:38:05.528+0100][gc,task     ] GC(6) Using 2 workers of 2 for marking
[2025-11-14T21:38:05.540+0100][gc,marking  ] GC(6) Concurrent Mark From Roots 15.578ms
[2025-11-14T21:38:05.542+0100][gc,marking  ] GC(6) Concurrent Preclean
[2025-11-14T21:38:05.542+0100][gc,marking  ] GC(6) Concurrent Preclean 0.404ms
[2025-11-14T21:38:05.544+0100][gc,start    ] GC(6) Pause Remark
[2025-11-14T21:38:05.547+0100][gc          ] GC(6) Pause Remark 27M->27M(1024M) 2.979ms
[2025-11-14T21:38:05.548+0100][gc,cpu      ] GC(6) User=0.00s Sys=0.01s Real=0.00s
[2025-11-14T21:38:05.548+0100][gc,marking  ] GC(6) Concurrent Mark 24.172ms
[2025-11-14T21:38:05.548+0100][gc,marking  ] GC(6) Concurrent Rebuild Remembered Sets and Scrub Regions
[2025-11-14T21:38:05.552+0100][gc,marking  ] GC(6) Concurrent Rebuild Remembered Sets and Scrub Regions 3.888ms
[2025-11-14T21:38:05.553+0100][gc,start    ] GC(6) Pause Cleanup
[2025-11-14T21:38:05.553+0100][gc          ] GC(6) Pause Cleanup 27M->27M(1024M) 0.465ms
[2025-11-14T21:38:05.553+0100][gc,cpu      ] GC(6) User=0.01s Sys=0.00s Real=0.00s
[2025-11-14T21:38:05.554+0100][gc,marking  ] GC(6) Concurrent Clear Claimed Marks
[2025-11-14T21:38:05.554+0100][gc,marking  ] GC(6) Concurrent Clear Claimed Marks 0.215ms
[2025-11-14T21:38:05.554+0100][gc,marking  ] GC(6) Concurrent Cleanup for Next Mark
[2025-11-14T21:38:05.558+0100][gc,marking  ] GC(6) Concurrent Cleanup for Next Mark 3.485ms
[2025-11-14T21:38:05.559+0100][gc          ] GC(6) Concurrent Mark Cycle 41.562ms
[2025-11-14T21:38:09.086+0100][gc,start    ] GC(7) Pause Young (Prepare Mixed) (G1 Evacuation Pause)
[2025-11-14T21:38:09.086+0100][gc,task     ] GC(7) Using 8 workers of 8 for evacuation
[2025-11-14T21:38:09.095+0100][gc,phases   ] GC(7)   Pre Evacuate Collection Set: 0.4ms
[2025-11-14T21:38:09.095+0100][gc,phases   ] GC(7)   Merge Heap Roots: 0.1ms
[2025-11-14T21:38:09.095+0100][gc,phases   ] GC(7)   Evacuate Collection Set: 5.0ms
[2025-11-14T21:38:09.096+0100][gc,phases   ] GC(7)   Post Evacuate Collection Set: 2.2ms
[2025-11-14T21:38:09.096+0100][gc,phases   ] GC(7)   Other: 0.7ms
[2025-11-14T21:38:09.097+0100][gc,heap     ] GC(7) Eden regions: 47->0(44)
[2025-11-14T21:38:09.097+0100][gc,heap     ] GC(7) Survivor regions: 4->7(7)
[2025-11-14T21:38:09.097+0100][gc,heap     ] GC(7) Old regions: 14->14
[2025-11-14T21:38:09.097+0100][gc,heap     ] GC(7) Humongous regions: 150->138
[2025-11-14T21:38:09.098+0100][gc,metaspace] GC(7) Metaspace: 43015K(43648K)->43015K(43648K) NonClass: 37797K(38144K)->37797K(38144K) Class: 5218K(5504K)->5218K(5504K)
[2025-11-14T21:38:09.098+0100][gc          ] GC(7) Pause Young (Prepare Mixed) (G1 Evacuation Pause) 214M->158M(1024M) 12.205ms
[2025-11-14T21:38:09.098+0100][gc,cpu      ] GC(7) User=0.04s Sys=0.00s Real=0.02s
[2025-11-14T21:41:45.218+0100][gc,start    ] GC(8) Pause Young (Mixed) (G1 Evacuation Pause)
[2025-11-14T21:41:45.220+0100][gc,task     ] GC(8) Using 8 workers of 8 for evacuation
[2025-11-14T21:41:45.237+0100][gc,phases   ] GC(8)   Pre Evacuate Collection Set: 3.7ms
[2025-11-14T21:41:45.238+0100][gc,phases   ] GC(8)   Merge Heap Roots: 0.2ms
[2025-11-14T21:41:45.238+0100][gc,phases   ] GC(8)   Evacuate Collection Set: 11.7ms
[2025-11-14T21:41:45.239+0100][gc,phases   ] GC(8)   Post Evacuate Collection Set: 1.0ms
[2025-11-14T21:41:45.239+0100][gc,phases   ] GC(8)   Other: 0.6ms
[2025-11-14T21:41:45.239+0100][gc,heap     ] GC(8) Eden regions: 44->0(48)
[2025-11-14T21:41:45.240+0100][gc,heap     ] GC(8) Survivor regions: 7->3(7)
[2025-11-14T21:41:45.240+0100][gc,heap     ] GC(8) Old regions: 14->21
[2025-11-14T21:41:45.240+0100][gc,heap     ] GC(8) Humongous regions: 138->138
[2025-11-14T21:41:45.241+0100][gc,metaspace] GC(8) Metaspace: 45247K(45824K)->45247K(45824K) NonClass: 39930K(40256K)->39930K(40256K) Class: 5316K(5568K)->5316K(5568K)
[2025-11-14T21:41:45.241+0100][gc          ] GC(8) Pause Young (Mixed) (G1 Evacuation Pause) 202M->161M(1024M) 22.682ms
[2025-11-14T21:41:45.241+0100][gc,cpu      ] GC(8) User=0.09s Sys=0.00s Real=0.03s
[2025-11-14T21:46:11.850+0100][gc,start    ] GC(9) Pause Young (Normal) (G1 Evacuation Pause)
[2025-11-14T21:46:11.850+0100][gc,task     ] GC(9) Using 8 workers of 8 for evacuation
[2025-11-14T21:46:11.860+0100][gc,phases   ] GC(9)   Pre Evacuate Collection Set: 0.5ms
[2025-11-14T21:46:11.860+0100][gc,phases   ] GC(9)   Merge Heap Roots: 0.2ms
[2025-11-14T21:46:11.860+0100][gc,phases   ] GC(9)   Evacuate Collection Set: 7.7ms
[2025-11-14T21:46:11.861+0100][gc,phases   ] GC(9)   Post Evacuate Collection Set: 0.8ms
[2025-11-14T21:46:11.861+0100][gc,phases   ] GC(9)   Other: 0.4ms
[2025-11-14T21:46:11.861+0100][gc,heap     ] GC(9) Eden regions: 48->0(47)
[2025-11-14T21:46:11.862+0100][gc,heap     ] GC(9) Survivor regions: 3->4(7)
[2025-11-14T21:46:11.862+0100][gc,heap     ] GC(9) Old regions: 21->21
[2025-11-14T21:46:11.862+0100][gc,heap     ] GC(9) Humongous regions: 138->138
[2025-11-14T21:46:11.863+0100][gc,metaspace] GC(9) Metaspace: 45476K(46016K)->45476K(46016K) NonClass: 40158K(40448K)->40158K(40448K) Class: 5317K(5568K)->5317K(5568K)
[2025-11-14T21:46:11.863+0100][gc          ] GC(9) Pause Young (Normal) (G1 Evacuation Pause) 209M->162M(1024M) 13.483ms
[2025-11-14T21:46:11.864+0100][gc,cpu      ] GC(9) User=0.04s Sys=0.01s Real=0.02s
[2025-11-14T21:50:28.518+0100][gc,start    ] GC(10) Pause Young (Normal) (G1 Evacuation Pause)
[2025-11-14T21:50:28.519+0100][gc,task     ] GC(10) Using 8 workers of 8 for evacuation
[2025-11-14T21:50:28.529+0100][gc,phases   ] GC(10)   Pre Evacuate Collection Set: 0.5ms
[2025-11-14T21:50:28.530+0100][gc,phases   ] GC(10)   Merge Heap Roots: 0.2ms
[2025-11-14T21:50:28.530+0100][gc,phases   ] GC(10)   Evacuate Collection Set: 8.4ms
[2025-11-14T21:50:28.531+0100][gc,phases   ] GC(10)   Post Evacuate Collection Set: 0.8ms
[2025-11-14T21:50:28.531+0100][gc,phases   ] GC(10)   Other: 0.9ms
[2025-11-14T21:50:28.531+0100][gc,heap     ] GC(10) Eden regions: 47->0(47)
[2025-11-14T21:50:28.532+0100][gc,heap     ] GC(10) Survivor regions: 4->4(7)
[2025-11-14T21:50:28.532+0100][gc,heap     ] GC(10) Old regions: 21->21
[2025-11-14T21:50:28.532+0100][gc,heap     ] GC(10) Humongous regions: 138->138
[2025-11-14T21:50:28.533+0100][gc,metaspace] GC(10) Metaspace: 46153K(46848K)->46153K(46848K) NonClass: 40681K(41088K)->40681K(41088K) Class: 5472K(5760K)->5472K(5760K)
[2025-11-14T21:50:28.533+0100][gc          ] GC(10) Pause Young (Normal) (G1 Evacuation Pause) 209M->162M(1024M) 15.050ms
[2025-11-14T21:50:28.533+0100][gc,cpu      ] GC(10) User=0.06s Sys=0.01s Real=0.01s
[2025-11-14T21:50:38.343+0100][gc,heap,exit] Heap
[2025-11-14T21:50:38.344+0100][gc,heap,exit]  garbage-first heap   total 1048576K, used 183730K [0x00000000c0000000, 0x0000000100000000)
[2025-11-14T21:50:38.344+0100][gc,heap,exit]   region size 1024K, 22 young (22528K), 4 survivors (4096K)
[2025-11-14T21:50:38.344+0100][gc,heap,exit]  Metaspace       used 47091K, committed 47744K, reserved 1114112K
[2025-11-14T21:50:38.344+0100][gc,heap,exit]   class space    used 5680K, committed 5952K, reserved 1048576K
