[2025-11-14T16:38:38.298+0100][gc,init] CardTable entry size: 512
[2025-11-14T16:38:38.302+0100][gc     ] Using G1
[2025-11-14T16:38:38.314+0100][gc,init] Version: 21.0.1+12-LTS-29 (release)
[2025-11-14T16:38:38.315+0100][gc,init] CPUs: 8 total, 8 available
[2025-11-14T16:38:38.315+0100][gc,init] Memory: 3842M
[2025-11-14T16:38:38.315+0100][gc,init] Large Page Support: Disabled
[2025-11-14T16:38:38.316+0100][gc,init] NUMA Support: Disabled
[2025-11-14T16:38:38.316+0100][gc,init] Compressed Oops: Enabled (32-bit)
[2025-11-14T16:38:38.317+0100][gc,init] Heap Region Size: 1M
[2025-11-14T16:38:38.317+0100][gc,init] Heap Min Capacity: 1G
[2025-11-14T16:38:38.317+0100][gc,init] Heap Initial Capacity: 1G
[2025-11-14T16:38:38.318+0100][gc,init] Heap Max Capacity: 1G
[2025-11-14T16:38:38.318+0100][gc,init] Pre-touch: Disabled
[2025-11-14T16:38:38.318+0100][gc,init] Parallel Workers: 8
[2025-11-14T16:38:38.318+0100][gc,init] Concurrent Workers: 2
[2025-11-14T16:38:38.319+0100][gc,init] Concurrent Refinement Workers: 8
[2025-11-14T16:38:38.319+0100][gc,init] Periodic GC: Disabled
[2025-11-14T16:38:38.330+0100][gc,metaspace] CDS archive(s) mapped at: [0x00007ffa17000000-0x00007ffa17cab000-0x00007ffa17cab000), size 13283328, SharedBaseAddress: 0x00007ffa17000000, ArchiveRelocationMode: 1.
[2025-11-14T16:38:38.330+0100][gc,metaspace] Compressed class space mapped at: 0x00007ffa18000000-0x00007ffa58000000, reserved size: 1073741824
[2025-11-14T16:38:38.330+0100][gc,metaspace] Narrow klass base: 0x00007ffa17000000, Narrow klass shift: 0, Narrow klass range: 0x100000000
[2025-11-14T16:38:41.401+0100][gc,start    ] GC(0) Pause Young (Normal) (G1 Evacuation Pause)
[2025-11-14T16:38:41.403+0100][gc,task     ] GC(0) Using 8 workers of 8 for evacuation
[2025-11-14T16:38:41.413+0100][gc,phases   ] GC(0)   Pre Evacuate Collection Set: 0.3ms
[2025-11-14T16:38:41.414+0100][gc,phases   ] GC(0)   Merge Heap Roots: 0.2ms
[2025-11-14T16:38:41.414+0100][gc,phases   ] GC(0)   Evacuate Collection Set: 7.4ms
[2025-11-14T16:38:41.414+0100][gc,phases   ] GC(0)   Post Evacuate Collection Set: 1.6ms
[2025-11-14T16:38:41.414+0100][gc,phases   ] GC(0)   Other: 2.0ms
[2025-11-14T16:38:41.415+0100][gc,heap     ] GC(0) Eden regions: 51->0(44)
[2025-11-14T16:38:41.415+0100][gc,heap     ] GC(0) Survivor regions: 0->7(7)
[2025-11-14T16:38:41.415+0100][gc,heap     ] GC(0) Old regions: 2->4
[2025-11-14T16:38:41.415+0100][gc,heap     ] GC(0) Humongous regions: 0->0
[2025-11-14T16:38:41.416+0100][gc,metaspace] GC(0) Metaspace: 18171K(18368K)->18171K(18368K) NonClass: 16047K(16192K)->16047K(16192K) Class: 2123K(2176K)->2123K(2176K)
[2025-11-14T16:38:41.416+0100][gc          ] GC(0) Pause Young (Normal) (G1 Evacuation Pause) 52M->9M(1024M) 14.622ms
[2025-11-14T16:38:41.416+0100][gc,cpu      ] GC(0) User=0.03s Sys=0.02s Real=0.01s
[2025-11-14T16:38:41.762+0100][gc,start    ] GC(1) Pause Young (Concurrent Start) (Metadata GC Threshold)
[2025-11-14T16:38:41.762+0100][gc,task     ] GC(1) Using 8 workers of 8 for evacuation
[2025-11-14T16:38:41.768+0100][gc,phases   ] GC(1)   Pre Evacuate Collection Set: 0.4ms
[2025-11-14T16:38:41.769+0100][gc,phases   ] GC(1)   Merge Heap Roots: 0.2ms
[2025-11-14T16:38:41.769+0100][gc,phases   ] GC(1)   Evacuate Collection Set: 4.7ms
[2025-11-14T16:38:41.769+0100][gc,phases   ] GC(1)   Post Evacuate Collection Set: 0.8ms
[2025-11-14T16:38:41.770+0100][gc,phases   ] GC(1)   Other: 0.4ms
[2025-11-14T16:38:41.770+0100][gc,heap     ] GC(1) Eden regions: 11->0(50)
[2025-11-14T16:38:41.770+0100][gc,heap     ] GC(1) Survivor regions: 7->1(7)
[2025-11-14T16:38:41.771+0100][gc,heap     ] GC(1) Old regions: 4->11
[2025-11-14T16:38:41.771+0100][gc,heap     ] GC(1) Humongous regions: 0->0
[2025-11-14T16:38:41.771+0100][gc,metaspace] GC(1) Metaspace: 21280K(21504K)->21280K(21504K) NonClass: 18911K(19008K)->18911K(19008K) Class: 2369K(2496K)->2369K(2496K)
[2025-11-14T16:38:41.771+0100][gc          ] GC(1) Pause Young (Concurrent Start) (Metadata GC Threshold) 20M->10M(1024M) 9.765ms
[2025-11-14T16:38:41.772+0100][gc,cpu      ] GC(1) User=0.03s Sys=0.01s Real=0.01s
[2025-11-14T16:38:41.772+0100][gc          ] GC(2) Concurrent Mark Cycle
[2025-11-14T16:38:41.772+0100][gc,marking  ] GC(2) Concurrent Scan Root Regions
[2025-11-14T16:38:41.775+0100][gc,marking  ] GC(2) Concurrent Scan Root Regions 2.241ms
[2025-11-14T16:38:41.775+0100][gc,marking  ] GC(2) Concurrent Mark
[2025-11-14T16:38:41.775+0100][gc,marking  ] GC(2) Concurrent Mark From Roots
[2025-11-14T16:38:41.776+0100][gc,task     ] GC(2) Using 2 workers of 2 for marking
[2025-11-14T16:38:41.780+0100][gc,marking  ] GC(2) Concurrent Mark From Roots 5.317ms
[2025-11-14T16:38:41.781+0100][gc,marking  ] GC(2) Concurrent Preclean
[2025-11-14T16:38:41.781+0100][gc,marking  ] GC(2) Concurrent Preclean 0.334ms
[2025-11-14T16:38:41.781+0100][gc,start    ] GC(2) Pause Remark
[2025-11-14T16:38:41.784+0100][gc          ] GC(2) Pause Remark 11M->11M(1024M) 2.548ms
[2025-11-14T16:38:41.784+0100][gc,cpu      ] GC(2) User=0.01s Sys=0.00s Real=0.00s
[2025-11-14T16:38:41.785+0100][gc,marking  ] GC(2) Concurrent Mark 9.923ms
[2025-11-14T16:38:41.785+0100][gc,marking  ] GC(2) Concurrent Rebuild Remembered Sets and Scrub Regions
[2025-11-14T16:38:41.788+0100][gc,marking  ] GC(2) Concurrent Rebuild Remembered Sets and Scrub Regions 3.028ms
[2025-11-14T16:38:41.789+0100][gc,start    ] GC(2) Pause Cleanup
[2025-11-14T16:38:41.789+0100][gc          ] GC(2) Pause Cleanup 11M->11M(1024M) 0.579ms
[2025-11-14T16:38:41.789+0100][gc,cpu      ] GC(2) User=0.00s Sys=0.00s Real=0.01s
[2025-11-14T16:38:41.790+0100][gc,marking  ] GC(2) Concurrent Clear Claimed Marks
[2025-11-14T16:38:41.790+0100][gc,marking  ] GC(2) Concurrent Clear Claimed Marks 0.317ms
[2025-11-14T16:38:41.790+0100][gc,marking  ] GC(2) Concurrent Cleanup for Next Mark
[2025-11-14T16:38:41.805+0100][gc,marking  ] GC(2) Concurrent Cleanup for Next Mark 15.006ms
[2025-11-14T16:38:41.806+0100][gc          ] GC(2) Concurrent Mark Cycle 34.068ms
[2025-11-14T16:38:43.521+0100][gc,start    ] GC(3) Pause Young (Prepare Mixed) (G1 Evacuation Pause)
[2025-11-14T16:38:43.521+0100][gc,task     ] GC(3) Using 8 workers of 8 for evacuation
[2025-11-14T16:38:43.529+0100][gc,phases   ] GC(3)   Pre Evacuate Collection Set: 0.4ms
[2025-11-14T16:38:43.530+0100][gc,phases   ] GC(3)   Merge Heap Roots: 0.2ms
[2025-11-14T16:38:43.530+0100][gc,phases   ] GC(3)   Evacuate Collection Set: 6.3ms
[2025-11-14T16:38:43.530+0100][gc,phases   ] GC(3)   Post Evacuate Collection Set: 1.4ms
[2025-11-14T16:38:43.530+0100][gc,phases   ] GC(3)   Other: 0.3ms
[2025-11-14T16:38:43.531+0100][gc,heap     ] GC(3) Eden regions: 50->0(47)
[2025-11-14T16:38:43.531+0100][gc,heap     ] GC(3) Survivor regions: 1->4(7)
[2025-11-14T16:38:43.531+0100][gc,heap     ] GC(3) Old regions: 11->11
[2025-11-14T16:38:43.531+0100][gc,heap     ] GC(3) Humongous regions: 9->9
[2025-11-14T16:38:43.532+0100][gc,metaspace] GC(3) Metaspace: 32819K(33216K)->32819K(33216K) NonClass: 28907K(29120K)->28907K(29120K) Class: 3911K(4096K)->3911K(4096K)
[2025-11-14T16:38:43.532+0100][gc          ] GC(3) Pause Young (Prepare Mixed) (G1 Evacuation Pause) 69M->22M(1024M) 11.249ms
[2025-11-14T16:38:43.532+0100][gc,cpu      ] GC(3) User=0.04s Sys=0.01s Real=0.01s
[2025-11-14T16:38:43.982+0100][gc,start    ] GC(4) Pause Young (Mixed) (Metadata GC Threshold)
[2025-11-14T16:38:43.982+0100][gc,task     ] GC(4) Using 8 workers of 8 for evacuation
[2025-11-14T16:38:43.993+0100][gc,phases   ] GC(4)   Pre Evacuate Collection Set: 0.4ms
[2025-11-14T16:38:43.993+0100][gc,phases   ] GC(4)   Merge Heap Roots: 0.2ms
[2025-11-14T16:38:43.993+0100][gc,phases   ] GC(4)   Evacuate Collection Set: 8.4ms
[2025-11-14T16:38:43.994+0100][gc,phases   ] GC(4)   Post Evacuate Collection Set: 1.3ms
[2025-11-14T16:38:43.994+0100][gc,phases   ] GC(4)   Other: 0.3ms
[2025-11-14T16:38:43.994+0100][gc,heap     ] GC(4) Eden regions: 21->0(44)
[2025-11-14T16:38:43.994+0100][gc,heap     ] GC(4) Survivor regions: 4->7(7)
[2025-11-14T16:38:43.994+0100][gc,heap     ] GC(4) Old regions: 11->11
[2025-11-14T16:38:43.995+0100][gc,heap     ] GC(4) Humongous regions: 9->9
[2025-11-14T16:38:43.995+0100][gc,metaspace] GC(4) Metaspace: 35597K(35968K)->35597K(35968K) NonClass: 31357K(31616K)->31357K(31616K) Class: 4240K(4352K)->4240K(4352K)
[2025-11-14T16:38:43.995+0100][gc          ] GC(4) Pause Young (Mixed) (Metadata GC Threshold) 43M->25M(1024M) 13.307ms
[2025-11-14T16:38:43.995+0100][gc,cpu      ] GC(4) User=0.05s Sys=0.02s Real=0.01s
[2025-11-14T16:38:44.057+0100][gc,start    ] GC(5) Pause Young (Concurrent Start) (Metadata GC Threshold)
[2025-11-14T16:38:44.057+0100][gc,task     ] GC(5) Using 8 workers of 8 for evacuation
[2025-11-14T16:38:44.070+0100][gc,phases   ] GC(5)   Pre Evacuate Collection Set: 0.5ms
[2025-11-14T16:38:44.070+0100][gc,phases   ] GC(5)   Merge Heap Roots: 0.2ms
[2025-11-14T16:38:44.071+0100][gc,phases   ] GC(5)   Evacuate Collection Set: 10.8ms
[2025-11-14T16:38:44.071+0100][gc,phases   ] GC(5)   Post Evacuate Collection Set: 1.0ms
[2025-11-14T16:38:44.071+0100][gc,phases   ] GC(5)   Other: 0.4ms
[2025-11-14T16:38:44.071+0100][gc,heap     ] GC(5) Eden regions: 3->0(47)
[2025-11-14T16:38:44.072+0100][gc,heap     ] GC(5) Survivor regions: 7->4(7)
[2025-11-14T16:38:44.072+0100][gc,heap     ] GC(5) Old regions: 11->14
[2025-11-14T16:38:44.073+0100][gc,heap     ] GC(5) Humongous regions: 9->9
[2025-11-14T16:38:44.073+0100][gc,metaspace] GC(5) Metaspace: 35934K(36288K)->35934K(36288K) NonClass: 31661K(31872K)->31661K(31872K) Class: 4273K(4416K)->4273K(4416K)
[2025-11-14T16:38:44.073+0100][gc          ] GC(5) Pause Young (Concurrent Start) (Metadata GC Threshold) 27M->26M(1024M) 16.358ms
[2025-11-14T16:38:44.074+0100][gc          ] GC(6) Concurrent Mark Cycle
[2025-11-14T16:38:44.074+0100][gc,marking  ] GC(6) Concurrent Scan Root Regions
[2025-11-14T16:38:44.074+0100][gc,cpu      ] GC(5) User=0.06s Sys=0.03s Real=0.02s
[2025-11-14T16:38:44.081+0100][gc,marking  ] GC(6) Concurrent Scan Root Regions 6.817ms
[2025-11-14T16:38:44.081+0100][gc,marking  ] GC(6) Concurrent Mark
[2025-11-14T16:38:44.081+0100][gc,marking  ] GC(6) Concurrent Mark From Roots
[2025-11-14T16:38:44.081+0100][gc,task     ] GC(6) Using 2 workers of 2 for marking
[2025-11-14T16:38:44.096+0100][gc,marking  ] GC(6) Concurrent Mark From Roots 15.075ms
[2025-11-14T16:38:44.097+0100][gc,marking  ] GC(6) Concurrent Preclean
[2025-11-14T16:38:44.097+0100][gc,marking  ] GC(6) Concurrent Preclean 0.296ms
[2025-11-14T16:38:44.097+0100][gc,start    ] GC(6) Pause Remark
[2025-11-14T16:38:44.101+0100][gc          ] GC(6) Pause Remark 28M->28M(1024M) 3.348ms
[2025-11-14T16:38:44.101+0100][gc,cpu      ] GC(6) User=0.01s Sys=0.00s Real=0.00s
[2025-11-14T16:38:44.101+0100][gc,marking  ] GC(6) Concurrent Mark 20.315ms
[2025-11-14T16:38:44.102+0100][gc,marking  ] GC(6) Concurrent Rebuild Remembered Sets and Scrub Regions
[2025-11-14T16:38:44.110+0100][gc,marking  ] GC(6) Concurrent Rebuild Remembered Sets and Scrub Regions 8.167ms
[2025-11-14T16:38:44.110+0100][gc,start    ] GC(6) Pause Cleanup
[2025-11-14T16:38:44.111+0100][gc          ] GC(6) Pause Cleanup 28M->28M(1024M) 0.620ms
[2025-11-14T16:38:44.111+0100][gc,cpu      ] GC(6) User=0.00s Sys=0.00s Real=0.00s
[2025-11-14T16:38:44.111+0100][gc,marking  ] GC(6) Concurrent Clear Claimed Marks
[2025-11-14T16:38:44.112+0100][gc,marking  ] GC(6) Concurrent Clear Claimed Marks 0.236ms
[2025-11-14T16:38:44.112+0100][gc,marking  ] GC(6) Concurrent Cleanup for Next Mark
[2025-11-14T16:38:44.114+0100][gc,marking  ] GC(6) Concurrent Cleanup for Next Mark 1.826ms
[2025-11-14T16:38:44.114+0100][gc          ] GC(6) Concurrent Mark Cycle 40.305ms
[2025-11-14T16:45:57.344+0100][gc,start    ] GC(7) Pause Young (Prepare Mixed) (G1 Evacuation Pause)
[2025-11-14T16:45:57.344+0100][gc,task     ] GC(7) Using 8 workers of 8 for evacuation
[2025-11-14T16:45:57.357+0100][gc,phases   ] GC(7)   Pre Evacuate Collection Set: 0.7ms
[2025-11-14T16:45:57.358+0100][gc,phases   ] GC(7)   Merge Heap Roots: 0.2ms
[2025-11-14T16:45:57.358+0100][gc,phases   ] GC(7)   Evacuate Collection Set: 9.7ms
[2025-11-14T16:45:57.358+0100][gc,phases   ] GC(7)   Post Evacuate Collection Set: 2.0ms
[2025-11-14T16:45:57.359+0100][gc,phases   ] GC(7)   Other: 0.3ms
[2025-11-14T16:45:57.359+0100][gc,heap     ] GC(7) Eden regions: 47->0(45)
[2025-11-14T16:45:57.359+0100][gc,heap     ] GC(7) Survivor regions: 4->6(7)
[2025-11-14T16:45:57.360+0100][gc,heap     ] GC(7) Old regions: 14->14
[2025-11-14T16:45:57.360+0100][gc,heap     ] GC(7) Humongous regions: 138->138
[2025-11-14T16:45:57.360+0100][gc,metaspace] GC(7) Metaspace: 40758K(41088K)->40758K(41088K) NonClass: 36086K(36288K)->36086K(36288K) Class: 4671K(4800K)->4671K(4800K)
[2025-11-14T16:45:57.360+0100][gc          ] GC(7) Pause Young (Prepare Mixed) (G1 Evacuation Pause) 202M->157M(1024M) 16.541ms
[2025-11-14T16:45:57.361+0100][gc,cpu      ] GC(7) User=0.03s Sys=0.00s Real=0.02s
[2025-11-14T16:56:45.467+0100][gc,start    ] GC(8) Pause Young (Mixed) (G1 Evacuation Pause)
[2025-11-14T16:56:45.468+0100][gc,task     ] GC(8) Using 8 workers of 8 for evacuation
[2025-11-14T16:56:45.480+0100][gc,phases   ] GC(8)   Pre Evacuate Collection Set: 0.6ms
[2025-11-14T16:56:45.481+0100][gc,phases   ] GC(8)   Merge Heap Roots: 0.2ms
[2025-11-14T16:56:45.481+0100][gc,phases   ] GC(8)   Evacuate Collection Set: 9.2ms
[2025-11-14T16:56:45.481+0100][gc,phases   ] GC(8)   Post Evacuate Collection Set: 1.5ms
[2025-11-14T16:56:45.482+0100][gc,phases   ] GC(8)   Other: 0.4ms
[2025-11-14T16:56:45.482+0100][gc,heap     ] GC(8) Eden regions: 45->0(47)
[2025-11-14T16:56:45.482+0100][gc,heap     ] GC(8) Survivor regions: 6->4(7)
[2025-11-14T16:56:45.483+0100][gc,heap     ] GC(8) Old regions: 14->17
[2025-11-14T16:56:45.483+0100][gc,heap     ] GC(8) Humongous regions: 138->138
[2025-11-14T16:56:45.483+0100][gc,metaspace] GC(8) Metaspace: 41410K(41728K)->41410K(41728K) NonClass: 36681K(36864K)->36681K(36864K) Class: 4728K(4864K)->4728K(4864K)
[2025-11-14T16:56:45.483+0100][gc          ] GC(8) Pause Young (Mixed) (G1 Evacuation Pause) 202M->158M(1024M) 16.068ms
[2025-11-14T16:56:45.484+0100][gc,cpu      ] GC(8) User=0.05s Sys=0.01s Real=0.02s
[2025-11-14T16:58:43.862+0100][gc,start    ] GC(9) Pause Young (Normal) (G1 Evacuation Pause)
[2025-11-14T16:58:43.864+0100][gc,task     ] GC(9) Using 8 workers of 8 for evacuation
[2025-11-14T16:58:43.876+0100][gc,phases   ] GC(9)   Pre Evacuate Collection Set: 0.9ms
[2025-11-14T16:58:43.877+0100][gc,phases   ] GC(9)   Merge Heap Roots: 0.2ms
[2025-11-14T16:58:43.877+0100][gc,phases   ] GC(9)   Evacuate Collection Set: 9.3ms
[2025-11-14T16:58:43.877+0100][gc,phases   ] GC(9)   Post Evacuate Collection Set: 1.3ms
[2025-11-14T16:58:43.878+0100][gc,phases   ] GC(9)   Other: 0.5ms
[2025-11-14T16:58:43.878+0100][gc,heap     ] GC(9) Eden regions: 47->0(44)
[2025-11-14T16:58:43.878+0100][gc,heap     ] GC(9) Survivor regions: 4->7(7)
[2025-11-14T16:58:43.879+0100][gc,heap     ] GC(9) Old regions: 17->17
[2025-11-14T16:58:43.879+0100][gc,heap     ] GC(9) Humongous regions: 138->138
[2025-11-14T16:58:43.880+0100][gc,metaspace] GC(9) Metaspace: 45383K(46080K)->45383K(46080K) NonClass: 39982K(40384K)->39982K(40384K) Class: 5401K(5696K)->5401K(5696K)
[2025-11-14T16:58:43.881+0100][gc          ] GC(9) Pause Young (Normal) (G1 Evacuation Pause) 205M->161M(1024M) 18.470ms
[2025-11-14T16:58:43.882+0100][gc,cpu      ] GC(9) User=0.04s Sys=0.01s Real=0.02s
[2025-11-14T17:03:39.852+0100][gc,start    ] GC(10) Pause Young (Normal) (G1 Evacuation Pause)
[2025-11-14T17:03:39.871+0100][gc,task     ] GC(10) Using 8 workers of 8 for evacuation
[2025-11-14T17:03:39.903+0100][gc,mmu      ] GC(10) MMU target violated: 21.0ms (20.0ms/21.0ms)
[2025-11-14T17:03:39.903+0100][gc,phases   ] GC(10)   Pre Evacuate Collection Set: 0.5ms
[2025-11-14T17:03:39.903+0100][gc,phases   ] GC(10)   Merge Heap Roots: 0.2ms
[2025-11-14T17:03:39.904+0100][gc,phases   ] GC(10)   Evacuate Collection Set: 14.3ms
[2025-11-14T17:03:39.904+0100][gc,phases   ] GC(10)   Post Evacuate Collection Set: 16.7ms
[2025-11-14T17:03:39.904+0100][gc,phases   ] GC(10)   Other: 0.9ms
[2025-11-14T17:03:39.904+0100][gc,heap     ] GC(10) Eden regions: 44->0(45)
[2025-11-14T17:03:39.904+0100][gc,heap     ] GC(10) Survivor regions: 7->6(7)
[2025-11-14T17:03:39.905+0100][gc,heap     ] GC(10) Old regions: 17->20
[2025-11-14T17:03:39.905+0100][gc,heap     ] GC(10) Humongous regions: 138->138
[2025-11-14T17:03:39.905+0100][gc,metaspace] GC(10) Metaspace: 45662K(46400K)->45662K(46400K) NonClass: 40236K(40640K)->40236K(40640K) Class: 5426K(5760K)->5426K(5760K)
[2025-11-14T17:03:39.905+0100][gc          ] GC(10) Pause Young (Normal) (G1 Evacuation Pause) 205M->163M(1024M) 53.824ms
[2025-11-14T17:03:39.906+0100][gc,cpu      ] GC(10) User=0.09s Sys=0.02s Real=0.05s
[2025-11-14T17:08:59.741+0100][gc,start    ] GC(11) Pause Young (Normal) (G1 Evacuation Pause)
[2025-11-14T17:08:59.742+0100][gc,task     ] GC(11) Using 8 workers of 8 for evacuation
[2025-11-14T17:08:59.750+0100][gc,phases   ] GC(11)   Pre Evacuate Collection Set: 0.4ms
[2025-11-14T17:08:59.751+0100][gc,phases   ] GC(11)   Merge Heap Roots: 0.5ms
[2025-11-14T17:08:59.751+0100][gc,phases   ] GC(11)   Evacuate Collection Set: 6.7ms
[2025-11-14T17:08:59.751+0100][gc,phases   ] GC(11)   Post Evacuate Collection Set: 0.7ms
[2025-11-14T17:08:59.751+0100][gc,phases   ] GC(11)   Other: 0.4ms
[2025-11-14T17:08:59.752+0100][gc,heap     ] GC(11) Eden regions: 45->0(47)
[2025-11-14T17:08:59.752+0100][gc,heap     ] GC(11) Survivor regions: 6->4(7)
[2025-11-14T17:08:59.752+0100][gc,heap     ] GC(11) Old regions: 20->22
[2025-11-14T17:08:59.752+0100][gc,heap     ] GC(11) Humongous regions: 138->138
[2025-11-14T17:08:59.752+0100][gc,metaspace] GC(11) Metaspace: 45725K(46400K)->45725K(46400K) NonClass: 40297K(40640K)->40297K(40640K) Class: 5427K(5760K)->5427K(5760K)
[2025-11-14T17:08:59.753+0100][gc          ] GC(11) Pause Young (Normal) (G1 Evacuation Pause) 208M->163M(1024M) 11.576ms
[2025-11-14T17:08:59.753+0100][gc,cpu      ] GC(11) User=0.03s Sys=0.01s Real=0.01s
[2025-11-14T17:14:45.683+0100][gc,start    ] GC(12) Pause Young (Normal) (G1 Evacuation Pause)
[2025-11-14T17:14:45.683+0100][gc,task     ] GC(12) Using 8 workers of 8 for evacuation
[2025-11-14T17:14:45.689+0100][gc,phases   ] GC(12)   Pre Evacuate Collection Set: 0.4ms
[2025-11-14T17:14:45.689+0100][gc,phases   ] GC(12)   Merge Heap Roots: 0.1ms
[2025-11-14T17:14:45.689+0100][gc,phases   ] GC(12)   Evacuate Collection Set: 3.8ms
[2025-11-14T17:14:45.690+0100][gc,phases   ] GC(12)   Post Evacuate Collection Set: 0.6ms
[2025-11-14T17:14:45.690+0100][gc,phases   ] GC(12)   Other: 0.4ms
[2025-11-14T17:14:45.690+0100][gc,heap     ] GC(12) Eden regions: 47->0(47)
[2025-11-14T17:14:45.690+0100][gc,heap     ] GC(12) Survivor regions: 4->4(7)
[2025-11-14T17:14:45.691+0100][gc,heap     ] GC(12) Old regions: 22->23
[2025-11-14T17:14:45.691+0100][gc,heap     ] GC(12) Humongous regions: 138->138
[2025-11-14T17:14:45.691+0100][gc,metaspace] GC(12) Metaspace: 45776K(46528K)->45776K(46528K) NonClass: 40348K(40768K)->40348K(40768K) Class: 5427K(5760K)->5427K(5760K)
[2025-11-14T17:14:45.691+0100][gc          ] GC(12) Pause Young (Normal) (G1 Evacuation Pause) 210M->164M(1024M) 8.532ms
[2025-11-14T17:14:45.692+0100][gc,cpu      ] GC(12) User=0.03s Sys=0.00s Real=0.01s
[2025-11-14T17:20:41.730+0100][gc,start    ] GC(13) Pause Young (Normal) (G1 Evacuation Pause)
[2025-11-14T17:20:41.731+0100][gc,task     ] GC(13) Using 8 workers of 8 for evacuation
[2025-11-14T17:20:41.736+0100][gc,phases   ] GC(13)   Pre Evacuate Collection Set: 0.4ms
[2025-11-14T17:20:41.737+0100][gc,phases   ] GC(13)   Merge Heap Roots: 0.1ms
[2025-11-14T17:20:41.737+0100][gc,phases   ] GC(13)   Evacuate Collection Set: 3.8ms
[2025-11-14T17:20:41.737+0100][gc,phases   ] GC(13)   Post Evacuate Collection Set: 0.7ms
[2025-11-14T17:20:41.737+0100][gc,phases   ] GC(13)   Other: 0.4ms
[2025-11-14T17:20:41.738+0100][gc,heap     ] GC(13) Eden regions: 47->0(44)
[2025-11-14T17:20:41.738+0100][gc,heap     ] GC(13) Survivor regions: 4->7(7)
[2025-11-14T17:20:41.738+0100][gc,heap     ] GC(13) Old regions: 23->23
[2025-11-14T17:20:41.739+0100][gc,heap     ] GC(13) Humongous regions: 138->138
[2025-11-14T17:20:41.739+0100][gc,metaspace] GC(13) Metaspace: 45796K(46528K)->45796K(46528K) NonClass: 40368K(40768K)->40368K(40768K) Class: 5427K(5760K)->5427K(5760K)
[2025-11-14T17:20:41.739+0100][gc          ] GC(13) Pause Young (Normal) (G1 Evacuation Pause) 211M->167M(1024M) 8.602ms
[2025-11-14T17:20:41.739+0100][gc,cpu      ] GC(13) User=0.03s Sys=0.00s Real=0.01s
[2025-11-14T17:26:14.912+0100][gc,start    ] GC(14) Pause Young (Normal) (G1 Evacuation Pause)
[2025-11-14T17:26:14.912+0100][gc,task     ] GC(14) Using 8 workers of 8 for evacuation
[2025-11-14T17:26:14.918+0100][gc,phases   ] GC(14)   Pre Evacuate Collection Set: 0.3ms
[2025-11-14T17:26:14.919+0100][gc,phases   ] GC(14)   Merge Heap Roots: 0.1ms
[2025-11-14T17:26:14.919+0100][gc,phases   ] GC(14)   Evacuate Collection Set: 4.3ms
[2025-11-14T17:26:14.919+0100][gc,phases   ] GC(14)   Post Evacuate Collection Set: 0.9ms
[2025-11-14T17:26:14.920+0100][gc,phases   ] GC(14)   Other: 0.3ms
[2025-11-14T17:26:14.920+0100][gc,heap     ] GC(14) Eden regions: 44->0(88)
[2025-11-14T17:26:14.920+0100][gc,heap     ] GC(14) Survivor regions: 7->5(7)
[2025-11-14T17:26:14.920+0100][gc,heap     ] GC(14) Old regions: 23->26
[2025-11-14T17:26:14.921+0100][gc,heap     ] GC(14) Humongous regions: 138->138
[2025-11-14T17:26:14.921+0100][gc,metaspace] GC(14) Metaspace: 45830K(46528K)->45830K(46528K) NonClass: 40401K(40768K)->40401K(40768K) Class: 5428K(5760K)->5428K(5760K)
[2025-11-14T17:26:14.921+0100][gc          ] GC(14) Pause Young (Normal) (G1 Evacuation Pause) 211M->167M(1024M) 8.899ms
[2025-11-14T17:26:14.921+0100][gc,cpu      ] GC(14) User=0.02s Sys=0.01s Real=0.01s
[2025-11-14T17:36:12.232+0100][gc,start    ] GC(15) Pause Young (Normal) (G1 Evacuation Pause)
[2025-11-14T17:36:12.233+0100][gc,task     ] GC(15) Using 8 workers of 8 for evacuation
[2025-11-14T17:36:12.242+0100][gc,phases   ] GC(15)   Pre Evacuate Collection Set: 0.4ms
[2025-11-14T17:36:12.242+0100][gc,phases   ] GC(15)   Merge Heap Roots: 0.2ms
[2025-11-14T17:36:12.243+0100][gc,phases   ] GC(15)   Evacuate Collection Set: 7.8ms
[2025-11-14T17:36:12.243+0100][gc,phases   ] GC(15)   Post Evacuate Collection Set: 0.7ms
[2025-11-14T17:36:12.243+0100][gc,phases   ] GC(15)   Other: 0.4ms
[2025-11-14T17:36:12.243+0100][gc,heap     ] GC(15) Eden regions: 76->0(69)
[2025-11-14T17:36:12.243+0100][gc,heap     ] GC(15) Survivor regions: 5->9(11)
[2025-11-14T17:36:12.244+0100][gc,heap     ] GC(15) Old regions: 26->26
[2025-11-14T17:36:12.244+0100][gc,heap     ] GC(15) Humongous regions: 138->138
[2025-11-14T17:36:12.244+0100][gc,metaspace] GC(15) Metaspace: 45863K(46592K)->45863K(46592K) NonClass: 40434K(40832K)->40434K(40832K) Class: 5428K(5760K)->5428K(5760K)
[2025-11-14T17:36:12.244+0100][gc          ] GC(15) Pause Young (Normal) (G1 Evacuation Pause) 243M->171M(1024M) 12.353ms
[2025-11-14T17:36:12.244+0100][gc,cpu      ] GC(15) User=0.05s Sys=0.01s Real=0.01s
[2025-11-14T17:43:35.425+0100][gc,start    ] GC(16) Pause Young (Normal) (G1 Evacuation Pause)
[2025-11-14T17:43:35.425+0100][gc,task     ] GC(16) Using 8 workers of 8 for evacuation
[2025-11-14T17:43:35.439+0100][gc,phases   ] GC(16)   Pre Evacuate Collection Set: 0.4ms
[2025-11-14T17:43:35.439+0100][gc,phases   ] GC(16)   Merge Heap Roots: 0.2ms
[2025-11-14T17:43:35.439+0100][gc,phases   ] GC(16)   Evacuate Collection Set: 7.1ms
[2025-11-14T17:43:35.439+0100][gc,phases   ] GC(16)   Post Evacuate Collection Set: 5.4ms
[2025-11-14T17:43:35.440+0100][gc,phases   ] GC(16)   Other: 0.4ms
[2025-11-14T17:43:35.440+0100][gc,heap     ] GC(16) Eden regions: 61->0(57)
[2025-11-14T17:43:35.440+0100][gc,heap     ] GC(16) Survivor regions: 9->8(9)
[2025-11-14T17:43:35.440+0100][gc,heap     ] GC(16) Old regions: 26->29
[2025-11-14T17:43:35.440+0100][gc,heap     ] GC(16) Humongous regions: 147->147
[2025-11-14T17:43:35.441+0100][gc,metaspace] GC(16) Metaspace: 46038K(46720K)->46038K(46720K) NonClass: 40579K(40960K)->40579K(40960K) Class: 5458K(5760K)->5458K(5760K)
[2025-11-14T17:43:35.441+0100][gc          ] GC(16) Pause Young (Normal) (G1 Evacuation Pause) 241M->183M(1024M) 16.487ms
[2025-11-14T17:43:35.441+0100][gc,cpu      ] GC(16) User=0.07s Sys=0.01s Real=0.02s
[2025-11-14T17:49:44.424+0100][gc,start    ] GC(17) Pause Young (Normal) (G1 Evacuation Pause)
[2025-11-14T17:49:44.425+0100][gc,task     ] GC(17) Using 8 workers of 8 for evacuation
[2025-11-14T17:49:44.432+0100][gc,phases   ] GC(17)   Pre Evacuate Collection Set: 0.3ms
[2025-11-14T17:49:44.433+0100][gc,phases   ] GC(17)   Merge Heap Roots: 0.2ms
[2025-11-14T17:49:44.433+0100][gc,phases   ] GC(17)   Evacuate Collection Set: 6.0ms
[2025-11-14T17:49:44.433+0100][gc,phases   ] GC(17)   Post Evacuate Collection Set: 0.8ms
[2025-11-14T17:49:44.434+0100][gc,phases   ] GC(17)   Other: 0.4ms
[2025-11-14T17:49:44.434+0100][gc,heap     ] GC(17) Eden regions: 47->0(177)
[2025-11-14T17:49:44.434+0100][gc,heap     ] GC(17) Survivor regions: 8->4(7)
[2025-11-14T17:49:44.435+0100][gc,heap     ] GC(17) Old regions: 29->35
[2025-11-14T17:49:44.435+0100][gc,heap     ] GC(17) Humongous regions: 147->147
[2025-11-14T17:49:44.435+0100][gc,metaspace] GC(17) Metaspace: 46044K(46720K)->46044K(46720K) NonClass: 40586K(40960K)->40586K(40960K) Class: 5458K(5760K)->5458K(5760K)
[2025-11-14T17:49:44.435+0100][gc          ] GC(17) Pause Young (Normal) (G1 Evacuation Pause) 230M->185M(1024M) 10.980ms
[2025-11-14T17:49:44.435+0100][gc,cpu      ] GC(17) User=0.02s Sys=0.02s Real=0.01s
[2025-11-14T18:15:34.741+0100][gc,start    ] GC(18) Pause Young (Normal) (G1 Evacuation Pause)
[2025-11-14T18:15:34.742+0100][gc,task     ] GC(18) Using 8 workers of 8 for evacuation
[2025-11-14T18:15:34.762+0100][gc,phases   ] GC(18)   Pre Evacuate Collection Set: 0.4ms
[2025-11-14T18:15:34.763+0100][gc,phases   ] GC(18)   Merge Heap Roots: 0.2ms
[2025-11-14T18:15:34.763+0100][gc,phases   ] GC(18)   Evacuate Collection Set: 18.4ms
[2025-11-14T18:15:34.763+0100][gc,phases   ] GC(18)   Post Evacuate Collection Set: 0.8ms
[2025-11-14T18:15:34.763+0100][gc,phases   ] GC(18)   Other: 0.4ms
[2025-11-14T18:15:34.764+0100][gc,heap     ] GC(18) Eden regions: 195->0(80)
[2025-11-14T18:15:34.764+0100][gc,heap     ] GC(18) Survivor regions: 4->16(25)
[2025-11-14T18:15:34.764+0100][gc,heap     ] GC(18) Old regions: 35->35
[2025-11-14T18:15:34.764+0100][gc,heap     ] GC(18) Humongous regions: 147->147
[2025-11-14T18:15:34.765+0100][gc,metaspace] GC(18) Metaspace: 46096K(46784K)->46096K(46784K) NonClass: 40638K(41024K)->40638K(41024K) Class: 5458K(5760K)->5458K(5760K)
[2025-11-14T18:15:34.765+0100][gc          ] GC(18) Pause Young (Normal) (G1 Evacuation Pause) 380M->197M(1024M) 23.524ms
[2025-11-14T18:15:34.765+0100][gc,cpu      ] GC(18) User=0.11s Sys=0.04s Real=0.02s
[2025-11-14T18:26:44.326+0100][gc,start    ] GC(19) Pause Young (Normal) (G1 Evacuation Pause)
[2025-11-14T18:26:44.327+0100][gc,task     ] GC(19) Using 8 workers of 8 for evacuation
[2025-11-14T18:26:44.341+0100][gc,phases   ] GC(19)   Pre Evacuate Collection Set: 0.4ms
[2025-11-14T18:26:44.341+0100][gc,phases   ] GC(19)   Merge Heap Roots: 0.2ms
[2025-11-14T18:26:44.342+0100][gc,phases   ] GC(19)   Evacuate Collection Set: 12.5ms
[2025-11-14T18:26:44.342+0100][gc,phases   ] GC(19)   Post Evacuate Collection Set: 0.8ms
[2025-11-14T18:26:44.342+0100][gc,phases   ] GC(19)   Other: 0.4ms
[2025-11-14T18:26:44.342+0100][gc,heap     ] GC(19) Eden regions: 84->0(121)
[2025-11-14T18:26:44.343+0100][gc,heap     ] GC(19) Survivor regions: 16->7(13)
[2025-11-14T18:26:44.343+0100][gc,heap     ] GC(19) Old regions: 35->49
[2025-11-14T18:26:44.343+0100][gc,heap     ] GC(19) Humongous regions: 147->147
[2025-11-14T18:26:44.343+0100][gc,metaspace] GC(19) Metaspace: 46113K(46784K)->46113K(46784K) NonClass: 40655K(41024K)->40655K(41024K) Class: 5458K(5760K)->5458K(5760K)
[2025-11-14T18:26:44.344+0100][gc          ] GC(19) Pause Young (Normal) (G1 Evacuation Pause) 281M->202M(1024M) 17.381ms
[2025-11-14T18:26:44.344+0100][gc,cpu      ] GC(19) User=0.07s Sys=0.02s Real=0.02s
[2025-11-14T18:41:22.160+0100][gc,start    ] GC(20) Pause Young (Normal) (G1 Evacuation Pause)
[2025-11-14T18:41:22.161+0100][gc,task     ] GC(20) Using 8 workers of 8 for evacuation
[2025-11-14T18:41:22.173+0100][gc,phases   ] GC(20)   Pre Evacuate Collection Set: 0.4ms
[2025-11-14T18:41:22.174+0100][gc,phases   ] GC(20)   Merge Heap Roots: 0.1ms
[2025-11-14T18:41:22.174+0100][gc,phases   ] GC(20)   Evacuate Collection Set: 10.7ms
[2025-11-14T18:41:22.174+0100][gc,phases   ] GC(20)   Post Evacuate Collection Set: 0.9ms
[2025-11-14T18:41:22.174+0100][gc,phases   ] GC(20)   Other: 0.3ms
[2025-11-14T18:41:22.175+0100][gc,heap     ] GC(20) Eden regions: 115->0(35)
[2025-11-14T18:41:22.175+0100][gc,heap     ] GC(20) Survivor regions: 7->16(16)
[2025-11-14T18:41:22.175+0100][gc,heap     ] GC(20) Old regions: 49->49
[2025-11-14T18:41:22.176+0100][gc,heap     ] GC(20) Humongous regions: 147->147
[2025-11-14T18:41:22.176+0100][gc,metaspace] GC(20) Metaspace: 46253K(46912K)->46253K(46912K) NonClass: 40772K(41152K)->40772K(41152K) Class: 5480K(5760K)->5480K(5760K)
[2025-11-14T18:41:22.176+0100][gc          ] GC(20) Pause Young (Normal) (G1 Evacuation Pause) 317M->212M(1024M) 15.862ms
[2025-11-14T18:41:22.176+0100][gc,cpu      ] GC(20) User=0.06s Sys=0.02s Real=0.01s
[2025-11-14T18:45:52.091+0100][gc,start    ] GC(21) Pause Young (Normal) (G1 Evacuation Pause)
[2025-11-14T18:45:52.092+0100][gc,task     ] GC(21) Using 8 workers of 8 for evacuation
[2025-11-14T18:45:52.108+0100][gc,phases   ] GC(21)   Pre Evacuate Collection Set: 0.4ms
[2025-11-14T18:45:52.108+0100][gc,phases   ] GC(21)   Merge Heap Roots: 0.2ms
[2025-11-14T18:45:52.108+0100][gc,phases   ] GC(21)   Evacuate Collection Set: 9.3ms
[2025-11-14T18:45:52.108+0100][gc,phases   ] GC(21)   Post Evacuate Collection Set: 5.5ms
[2025-11-14T18:45:52.109+0100][gc,phases   ] GC(21)   Other: 0.3ms
[2025-11-14T18:45:52.109+0100][gc,heap     ] GC(21) Eden regions: 35->0(202)
[2025-11-14T18:45:52.109+0100][gc,heap     ] GC(21) Survivor regions: 16->4(7)
[2025-11-14T18:45:52.109+0100][gc,heap     ] GC(21) Old regions: 49->63
[2025-11-14T18:45:52.110+0100][gc,heap     ] GC(21) Humongous regions: 147->147
[2025-11-14T18:45:52.110+0100][gc,metaspace] GC(21) Metaspace: 46261K(46912K)->46261K(46912K) NonClass: 40780K(41152K)->40780K(41152K) Class: 5480K(5760K)->5480K(5760K)
[2025-11-14T18:45:52.110+0100][gc          ] GC(21) Pause Young (Normal) (G1 Evacuation Pause) 247M->213M(1024M) 18.874ms
[2025-11-14T18:45:52.110+0100][gc,cpu      ] GC(21) User=0.06s Sys=0.03s Real=0.02s
[2025-11-14T18:47:52.694+0100][gc,heap,exit] Heap
[2025-11-14T18:47:52.695+0100][gc,heap,exit]  garbage-first heap   total 1048576K, used 249988K [0x00000000c0000000, 0x0000000100000000)
[2025-11-14T18:47:52.695+0100][gc,heap,exit]   region size 1024K, 35 young (35840K), 4 survivors (4096K)
[2025-11-14T18:47:52.695+0100][gc,heap,exit]  Metaspace       used 47613K, committed 48320K, reserved 1114112K
[2025-11-14T18:47:52.695+0100][gc,heap,exit]   class space    used 5760K, committed 6080K, reserved 1048576K
