[2025-11-14T21:23:39.152+0100][gc,init] CardTable entry size: 512
[2025-11-14T21:23:39.161+0100][gc     ] Using G1
[2025-11-14T21:23:39.191+0100][gc,init] Version: 21.0.1+12-LTS-29 (release)
[2025-11-14T21:23:39.192+0100][gc,init] CPUs: 8 total, 8 available
[2025-11-14T21:23:39.193+0100][gc,init] Memory: 3842M
[2025-11-14T21:23:39.194+0100][gc,init] Large Page Support: Disabled
[2025-11-14T21:23:39.195+0100][gc,init] NUMA Support: Disabled
[2025-11-14T21:23:39.198+0100][gc,init] Compressed Oops: Enabled (32-bit)
[2025-11-14T21:23:39.199+0100][gc,init] Heap Region Size: 1M
[2025-11-14T21:23:39.199+0100][gc,init] Heap Min Capacity: 1G
[2025-11-14T21:23:39.200+0100][gc,init] Heap Initial Capacity: 1G
[2025-11-14T21:23:39.200+0100][gc,init] Heap Max Capacity: 1G
[2025-11-14T21:23:39.200+0100][gc,init] Pre-touch: Disabled
[2025-11-14T21:23:39.201+0100][gc,init] Parallel Workers: 8
[2025-11-14T21:23:39.203+0100][gc,init] Concurrent Workers: 2
[2025-11-14T21:23:39.203+0100][gc,init] Concurrent Refinement Workers: 8
[2025-11-14T21:23:39.204+0100][gc,init] Periodic GC: Disabled
[2025-11-14T21:23:39.236+0100][gc,metaspace] CDS archive(s) mapped at: [0x00007037d3000000-0x00007037d3cab000-0x00007037d3cab000), size 13283328, SharedBaseAddress: 0x00007037d3000000, ArchiveRelocationMode: 1.
[2025-11-14T21:23:39.237+0100][gc,metaspace] Compressed class space mapped at: 0x00007037d4000000-0x0000703814000000, reserved size: 1073741824
[2025-11-14T21:23:39.237+0100][gc,metaspace] Narrow klass base: 0x00007037d3000000, Narrow klass shift: 0, Narrow klass range: 0x100000000
[2025-11-14T21:23:47.233+0100][gc,start    ] GC(0) Pause Young (Normal) (G1 Evacuation Pause)
[2025-11-14T21:23:47.236+0100][gc,task     ] GC(0) Using 8 workers of 8 for evacuation
[2025-11-14T21:23:47.248+0100][gc,phases   ] GC(0)   Pre Evacuate Collection Set: 0.4ms
[2025-11-14T21:23:47.251+0100][gc,phases   ] GC(0)   Merge Heap Roots: 0.3ms
[2025-11-14T21:23:47.251+0100][gc,phases   ] GC(0)   Evacuate Collection Set: 9.0ms
[2025-11-14T21:23:47.251+0100][gc,phases   ] GC(0)   Post Evacuate Collection Set: 1.6ms
[2025-11-14T21:23:47.252+0100][gc,phases   ] GC(0)   Other: 2.8ms
[2025-11-14T21:23:47.252+0100][gc,heap     ] GC(0) Eden regions: 51->0(44)
[2025-11-14T21:23:47.252+0100][gc,heap     ] GC(0) Survivor regions: 0->7(7)
[2025-11-14T21:23:47.252+0100][gc,heap     ] GC(0) Old regions: 2->4
[2025-11-14T21:23:47.252+0100][gc,heap     ] GC(0) Humongous regions: 0->0
[2025-11-14T21:23:47.253+0100][gc,metaspace] GC(0) Metaspace: 18344K(18560K)->18344K(18560K) NonClass: 16209K(16320K)->16209K(16320K) Class: 2134K(2240K)->2134K(2240K)
[2025-11-14T21:23:47.253+0100][gc          ] GC(0) Pause Young (Normal) (G1 Evacuation Pause) 52M->9M(1024M) 19.670ms
[2025-11-14T21:23:47.253+0100][gc,cpu      ] GC(0) User=0.04s Sys=0.02s Real=0.02s
[2025-11-14T21:23:47.768+0100][gc,start    ] GC(1) Pause Young (Concurrent Start) (Metadata GC Threshold)
[2025-11-14T21:23:47.769+0100][gc,task     ] GC(1) Using 8 workers of 8 for evacuation
[2025-11-14T21:23:47.782+0100][gc,phases   ] GC(1)   Pre Evacuate Collection Set: 0.5ms
[2025-11-14T21:23:47.783+0100][gc,phases   ] GC(1)   Merge Heap Roots: 0.3ms
[2025-11-14T21:23:47.783+0100][gc,phases   ] GC(1)   Evacuate Collection Set: 10.8ms
[2025-11-14T21:23:47.783+0100][gc,phases   ] GC(1)   Post Evacuate Collection Set: 1.0ms
[2025-11-14T21:23:47.784+0100][gc,phases   ] GC(1)   Other: 0.7ms
[2025-11-14T21:23:47.784+0100][gc,heap     ] GC(1) Eden regions: 10->0(50)
[2025-11-14T21:23:47.784+0100][gc,heap     ] GC(1) Survivor regions: 7->1(7)
[2025-11-14T21:23:47.784+0100][gc,heap     ] GC(1) Old regions: 4->11
[2025-11-14T21:23:47.785+0100][gc,heap     ] GC(1) Humongous regions: 0->0
[2025-11-14T21:23:47.785+0100][gc,metaspace] GC(1) Metaspace: 21294K(21504K)->21294K(21504K) NonClass: 18924K(19008K)->18924K(19008K) Class: 2369K(2496K)->2369K(2496K)
[2025-11-14T21:23:47.785+0100][gc          ] GC(1) Pause Young (Concurrent Start) (Metadata GC Threshold) 19M->10M(1024M) 17.004ms
[2025-11-14T21:23:47.786+0100][gc,cpu      ] GC(1) User=0.01s Sys=0.04s Real=0.02s
[2025-11-14T21:23:47.786+0100][gc          ] GC(2) Concurrent Mark Cycle
[2025-11-14T21:23:47.786+0100][gc,marking  ] GC(2) Concurrent Scan Root Regions
[2025-11-14T21:23:47.790+0100][gc,marking  ] GC(2) Concurrent Scan Root Regions 4.048ms
[2025-11-14T21:23:47.791+0100][gc,marking  ] GC(2) Concurrent Mark
[2025-11-14T21:23:47.791+0100][gc,marking  ] GC(2) Concurrent Mark From Roots
[2025-11-14T21:23:47.791+0100][gc,task     ] GC(2) Using 2 workers of 2 for marking
[2025-11-14T21:23:47.795+0100][gc,marking  ] GC(2) Concurrent Mark From Roots 4.003ms
[2025-11-14T21:23:47.795+0100][gc,marking  ] GC(2) Concurrent Preclean
[2025-11-14T21:23:47.795+0100][gc,marking  ] GC(2) Concurrent Preclean 0.263ms
[2025-11-14T21:23:47.796+0100][gc,start    ] GC(2) Pause Remark
[2025-11-14T21:23:47.799+0100][gc          ] GC(2) Pause Remark 11M->11M(1024M) 3.190ms
[2025-11-14T21:23:47.800+0100][gc,cpu      ] GC(2) User=0.00s Sys=0.00s Real=0.00s
[2025-11-14T21:23:47.800+0100][gc,marking  ] GC(2) Concurrent Mark 9.389ms
[2025-11-14T21:23:47.800+0100][gc,marking  ] GC(2) Concurrent Rebuild Remembered Sets and Scrub Regions
[2025-11-14T21:23:47.804+0100][gc,marking  ] GC(2) Concurrent Rebuild Remembered Sets and Scrub Regions 4.198ms
[2025-11-14T21:23:47.805+0100][gc,start    ] GC(2) Pause Cleanup
[2025-11-14T21:23:47.808+0100][gc          ] GC(2) Pause Cleanup 11M->11M(1024M) 2.494ms
[2025-11-14T21:23:47.808+0100][gc,cpu      ] GC(2) User=0.01s Sys=0.00s Real=0.00s
[2025-11-14T21:23:47.808+0100][gc,marking  ] GC(2) Concurrent Clear Claimed Marks
[2025-11-14T21:23:47.809+0100][gc,marking  ] GC(2) Concurrent Clear Claimed Marks 0.331ms
[2025-11-14T21:23:47.809+0100][gc,marking  ] GC(2) Concurrent Cleanup for Next Mark
[2025-11-14T21:23:47.827+0100][gc,marking  ] GC(2) Concurrent Cleanup for Next Mark 17.886ms
[2025-11-14T21:23:47.827+0100][gc          ] GC(2) Concurrent Mark Cycle 41.630ms
[2025-11-14T21:23:51.621+0100][gc,start    ] GC(3) Pause Young (Prepare Mixed) (G1 Evacuation Pause)
[2025-11-14T21:23:51.622+0100][gc,task     ] GC(3) Using 8 workers of 8 for evacuation
[2025-11-14T21:23:51.631+0100][gc,phases   ] GC(3)   Pre Evacuate Collection Set: 0.9ms
[2025-11-14T21:23:51.631+0100][gc,phases   ] GC(3)   Merge Heap Roots: 0.2ms
[2025-11-14T21:23:51.632+0100][gc,phases   ] GC(3)   Evacuate Collection Set: 5.2ms
[2025-11-14T21:23:51.633+0100][gc,phases   ] GC(3)   Post Evacuate Collection Set: 2.1ms
[2025-11-14T21:23:51.634+0100][gc,phases   ] GC(3)   Other: 0.5ms
[2025-11-14T21:23:51.634+0100][gc,heap     ] GC(3) Eden regions: 50->0(47)
[2025-11-14T21:23:51.634+0100][gc,heap     ] GC(3) Survivor regions: 1->4(7)
[2025-11-14T21:23:51.635+0100][gc,heap     ] GC(3) Old regions: 11->11
[2025-11-14T21:23:51.635+0100][gc,heap     ] GC(3) Humongous regions: 9->9
[2025-11-14T21:23:51.635+0100][gc,metaspace] GC(3) Metaspace: 30896K(31296K)->30896K(31296K) NonClass: 27252K(27456K)->27252K(27456K) Class: 3644K(3840K)->3644K(3840K)
[2025-11-14T21:23:51.636+0100][gc          ] GC(3) Pause Young (Prepare Mixed) (G1 Evacuation Pause) 69M->22M(1024M) 14.327ms
[2025-11-14T21:23:51.636+0100][gc,cpu      ] GC(3) User=0.03s Sys=0.00s Real=0.01s
[2025-11-14T21:23:53.368+0100][gc,start    ] GC(4) Pause Young (Mixed) (Metadata GC Threshold)
[2025-11-14T21:23:53.368+0100][gc,task     ] GC(4) Using 8 workers of 8 for evacuation
[2025-11-14T21:23:53.383+0100][gc,phases   ] GC(4)   Pre Evacuate Collection Set: 0.8ms
[2025-11-14T21:23:53.383+0100][gc,phases   ] GC(4)   Merge Heap Roots: 0.1ms
[2025-11-14T21:23:53.384+0100][gc,phases   ] GC(4)   Evacuate Collection Set: 11.6ms
[2025-11-14T21:23:53.384+0100][gc,phases   ] GC(4)   Post Evacuate Collection Set: 1.3ms
[2025-11-14T21:23:53.385+0100][gc,phases   ] GC(4)   Other: 0.5ms
[2025-11-14T21:23:53.385+0100][gc,heap     ] GC(4) Eden regions: 38->0(44)
[2025-11-14T21:23:53.386+0100][gc,heap     ] GC(4) Survivor regions: 4->7(7)
[2025-11-14T21:23:53.386+0100][gc,heap     ] GC(4) Old regions: 11->10
[2025-11-14T21:23:53.386+0100][gc,heap     ] GC(4) Humongous regions: 9->9
[2025-11-14T21:23:53.386+0100][gc,metaspace] GC(4) Metaspace: 35680K(35968K)->35680K(35968K) NonClass: 31463K(31616K)->31463K(31616K) Class: 4216K(4352K)->4216K(4352K)
[2025-11-14T21:23:53.387+0100][gc          ] GC(4) Pause Young (Mixed) (Metadata GC Threshold) 59M->25M(1024M) 18.786ms
[2025-11-14T21:23:53.387+0100][gc,cpu      ] GC(4) User=0.05s Sys=0.01s Real=0.02s
[2025-11-14T21:23:53.455+0100][gc,start    ] GC(5) Pause Young (Concurrent Start) (Metadata GC Threshold)
[2025-11-14T21:23:53.456+0100][gc,task     ] GC(5) Using 8 workers of 8 for evacuation
[2025-11-14T21:23:53.467+0100][gc,phases   ] GC(5)   Pre Evacuate Collection Set: 0.6ms
[2025-11-14T21:23:53.467+0100][gc,phases   ] GC(5)   Merge Heap Roots: 0.2ms
[2025-11-14T21:23:53.468+0100][gc,phases   ] GC(5)   Evacuate Collection Set: 8.9ms
[2025-11-14T21:23:53.468+0100][gc,phases   ] GC(5)   Post Evacuate Collection Set: 0.9ms
[2025-11-14T21:23:53.468+0100][gc,phases   ] GC(5)   Other: 0.5ms
[2025-11-14T21:23:53.469+0100][gc,heap     ] GC(5) Eden regions: 4->0(47)
[2025-11-14T21:23:53.469+0100][gc,heap     ] GC(5) Survivor regions: 7->4(7)
[2025-11-14T21:23:53.469+0100][gc,heap     ] GC(5) Old regions: 10->14
[2025-11-14T21:23:53.470+0100][gc,heap     ] GC(5) Humongous regions: 9->9
[2025-11-14T21:23:53.470+0100][gc,metaspace] GC(5) Metaspace: 35971K(36288K)->35971K(36288K) NonClass: 31722K(31872K)->31722K(31872K) Class: 4249K(4416K)->4249K(4416K)
[2025-11-14T21:23:53.471+0100][gc          ] GC(5) Pause Young (Concurrent Start) (Metadata GC Threshold) 29M->26M(1024M) 15.628ms
[2025-11-14T21:23:53.471+0100][gc          ] GC(6) Concurrent Mark Cycle
[2025-11-14T21:23:53.471+0100][gc,marking  ] GC(6) Concurrent Scan Root Regions
[2025-11-14T21:23:53.471+0100][gc,cpu      ] GC(5) User=0.04s Sys=0.02s Real=0.02s
[2025-11-14T21:23:53.475+0100][gc,marking  ] GC(6) Concurrent Scan Root Regions 3.836ms
[2025-11-14T21:23:53.476+0100][gc,marking  ] GC(6) Concurrent Mark
[2025-11-14T21:23:53.476+0100][gc,marking  ] GC(6) Concurrent Mark From Roots
[2025-11-14T21:23:53.477+0100][gc,task     ] GC(6) Using 2 workers of 2 for marking
[2025-11-14T21:23:53.492+0100][gc,marking  ] GC(6) Concurrent Mark From Roots 15.852ms
[2025-11-14T21:23:53.492+0100][gc,marking  ] GC(6) Concurrent Preclean
[2025-11-14T21:23:53.494+0100][gc,marking  ] GC(6) Concurrent Preclean 1.834ms
[2025-11-14T21:23:53.495+0100][gc,start    ] GC(6) Pause Remark
[2025-11-14T21:23:53.500+0100][gc          ] GC(6) Pause Remark 27M->27M(1024M) 5.060ms
[2025-11-14T21:23:53.500+0100][gc,cpu      ] GC(6) User=0.01s Sys=0.01s Real=0.00s
[2025-11-14T21:23:53.501+0100][gc,marking  ] GC(6) Concurrent Mark 24.973ms
[2025-11-14T21:23:53.501+0100][gc,marking  ] GC(6) Concurrent Rebuild Remembered Sets and Scrub Regions
[2025-11-14T21:23:53.509+0100][gc,marking  ] GC(6) Concurrent Rebuild Remembered Sets and Scrub Regions 7.560ms
[2025-11-14T21:23:53.510+0100][gc,start    ] GC(6) Pause Cleanup
[2025-11-14T21:23:53.511+0100][gc          ] GC(6) Pause Cleanup 28M->28M(1024M) 0.638ms
[2025-11-14T21:23:53.511+0100][gc,cpu      ] GC(6) User=0.00s Sys=0.00s Real=0.00s
[2025-11-14T21:23:53.512+0100][gc,marking  ] GC(6) Concurrent Clear Claimed Marks
[2025-11-14T21:23:53.513+0100][gc,marking  ] GC(6) Concurrent Clear Claimed Marks 1.432ms
[2025-11-14T21:23:53.514+0100][gc,marking  ] GC(6) Concurrent Cleanup for Next Mark
[2025-11-14T21:23:53.517+0100][gc,marking  ] GC(6) Concurrent Cleanup for Next Mark 3.187ms
[2025-11-14T21:23:53.518+0100][gc          ] GC(6) Concurrent Mark Cycle 46.697ms
[2025-11-14T21:24:25.992+0100][gc,start    ] GC(7) Pause Young (Prepare Mixed) (G1 Evacuation Pause)
[2025-11-14T21:24:25.993+0100][gc,task     ] GC(7) Using 8 workers of 8 for evacuation
[2025-11-14T21:24:26.011+0100][gc,phases   ] GC(7)   Pre Evacuate Collection Set: 1.2ms
[2025-11-14T21:24:26.011+0100][gc,phases   ] GC(7)   Merge Heap Roots: 0.6ms
[2025-11-14T21:24:26.012+0100][gc,phases   ] GC(7)   Evacuate Collection Set: 12.2ms
[2025-11-14T21:24:26.013+0100][gc,phases   ] GC(7)   Post Evacuate Collection Set: 2.4ms
[2025-11-14T21:24:26.013+0100][gc,phases   ] GC(7)   Other: 1.1ms
[2025-11-14T21:24:26.014+0100][gc,heap     ] GC(7) Eden regions: 47->0(44)
[2025-11-14T21:24:26.014+0100][gc,heap     ] GC(7) Survivor regions: 4->7(7)
[2025-11-14T21:24:26.015+0100][gc,heap     ] GC(7) Old regions: 14->14
[2025-11-14T21:24:26.016+0100][gc,heap     ] GC(7) Humongous regions: 150->138
[2025-11-14T21:24:26.016+0100][gc,metaspace] GC(7) Metaspace: 43005K(43520K)->43005K(43520K) NonClass: 37829K(38144K)->37829K(38144K) Class: 5176K(5376K)->5176K(5376K)
[2025-11-14T21:24:26.017+0100][gc          ] GC(7) Pause Young (Prepare Mixed) (G1 Evacuation Pause) 214M->158M(1024M) 25.252ms
[2025-11-14T21:24:26.017+0100][gc,cpu      ] GC(7) User=0.09s Sys=0.01s Real=0.02s
[2025-11-14T21:29:41.650+0100][gc,start    ] GC(8) Pause Young (Mixed) (G1 Evacuation Pause)
[2025-11-14T21:29:41.652+0100][gc,task     ] GC(8) Using 8 workers of 8 for evacuation
[2025-11-14T21:29:41.710+0100][gc,mmu      ] GC(8) MMU target violated: 21.0ms (20.0ms/21.0ms)
[2025-11-14T21:29:41.710+0100][gc,phases   ] GC(8)   Pre Evacuate Collection Set: 2.5ms
[2025-11-14T21:29:41.711+0100][gc,phases   ] GC(8)   Merge Heap Roots: 1.8ms
[2025-11-14T21:29:41.711+0100][gc,phases   ] GC(8)   Evacuate Collection Set: 51.8ms
[2025-11-14T21:29:41.711+0100][gc,phases   ] GC(8)   Post Evacuate Collection Set: 1.2ms
[2025-11-14T21:29:41.712+0100][gc,phases   ] GC(8)   Other: 1.5ms
[2025-11-14T21:29:41.712+0100][gc,heap     ] GC(8) Eden regions: 44->0(48)
[2025-11-14T21:29:41.712+0100][gc,heap     ] GC(8) Survivor regions: 7->3(7)
[2025-11-14T21:29:41.713+0100][gc,heap     ] GC(8) Old regions: 14->21
[2025-11-14T21:29:41.713+0100][gc,heap     ] GC(8) Humongous regions: 138->138
[2025-11-14T21:29:41.713+0100][gc,metaspace] GC(8) Metaspace: 45735K(46336K)->45735K(46336K) NonClass: 40333K(40640K)->40333K(40640K) Class: 5401K(5696K)->5401K(5696K)
[2025-11-14T21:29:41.714+0100][gc          ] GC(8) Pause Young (Mixed) (G1 Evacuation Pause) 202M->161M(1024M) 63.333ms
[2025-11-14T21:29:41.714+0100][gc,cpu      ] GC(8) User=0.33s Sys=0.02s Real=0.06s
[2025-11-14T21:35:11.138+0100][gc,start    ] GC(9) Pause Young (Normal) (G1 Evacuation Pause)
[2025-11-14T21:35:11.141+0100][gc,task     ] GC(9) Using 8 workers of 8 for evacuation
[2025-11-14T21:35:11.171+0100][gc,mmu      ] GC(9) MMU target violated: 21.0ms (20.0ms/21.0ms)
[2025-11-14T21:35:11.171+0100][gc,phases   ] GC(9)   Pre Evacuate Collection Set: 15.8ms
[2025-11-14T21:35:11.172+0100][gc,phases   ] GC(9)   Merge Heap Roots: 0.3ms
[2025-11-14T21:35:11.172+0100][gc,phases   ] GC(9)   Evacuate Collection Set: 11.0ms
[2025-11-14T21:35:11.172+0100][gc,phases   ] GC(9)   Post Evacuate Collection Set: 1.1ms
[2025-11-14T21:35:11.172+0100][gc,phases   ] GC(9)   Other: 2.5ms
[2025-11-14T21:35:11.173+0100][gc,heap     ] GC(9) Eden regions: 48->0(47)
[2025-11-14T21:35:11.173+0100][gc,heap     ] GC(9) Survivor regions: 3->4(7)
[2025-11-14T21:35:11.173+0100][gc,heap     ] GC(9) Old regions: 21->21
[2025-11-14T21:35:11.174+0100][gc,heap     ] GC(9) Humongous regions: 138->138
[2025-11-14T21:35:11.174+0100][gc,metaspace] GC(9) Metaspace: 46376K(47040K)->46376K(47040K) NonClass: 40862K(41216K)->40862K(41216K) Class: 5514K(5824K)->5514K(5824K)
[2025-11-14T21:35:11.175+0100][gc          ] GC(9) Pause Young (Normal) (G1 Evacuation Pause) 209M->161M(1024M) 36.225ms
[2025-11-14T21:35:11.175+0100][gc,cpu      ] GC(9) User=0.17s Sys=0.02s Real=0.04s
[2025-11-14T21:37:52.924+0100][gc,heap,exit] Heap
[2025-11-14T21:37:52.924+0100][gc,heap,exit]  garbage-first heap   total 1048576K, used 209597K [0x00000000c0000000, 0x0000000100000000)
[2025-11-14T21:37:52.924+0100][gc,heap,exit]   region size 1024K, 48 young (49152K), 4 survivors (4096K)
[2025-11-14T21:37:52.924+0100][gc,heap,exit]  Metaspace       used 47391K, committed 48064K, reserved 1114112K
[2025-11-14T21:37:52.925+0100][gc,heap,exit]   class space    used 5719K, committed 6016K, reserved 1048576K
