[2025-11-14T18:48:50.736+0100][gc,init] CardTable entry size: 512
[2025-11-14T18:48:50.741+0100][gc     ] Using G1
[2025-11-14T18:48:50.767+0100][gc,init] Version: 21.0.1+12-LTS-29 (release)
[2025-11-14T18:48:50.767+0100][gc,init] CPUs: 8 total, 8 available
[2025-11-14T18:48:50.768+0100][gc,init] Memory: 3842M
[2025-11-14T18:48:50.768+0100][gc,init] Large Page Support: Disabled
[2025-11-14T18:48:50.768+0100][gc,init] NUMA Support: Disabled
[2025-11-14T18:48:50.769+0100][gc,init] Compressed Oops: Enabled (32-bit)
[2025-11-14T18:48:50.769+0100][gc,init] Heap Region Size: 1M
[2025-11-14T18:48:50.769+0100][gc,init] Heap Min Capacity: 1G
[2025-11-14T18:48:50.770+0100][gc,init] Heap Initial Capacity: 1G
[2025-11-14T18:48:50.770+0100][gc,init] Heap Max Capacity: 1G
[2025-11-14T18:48:50.771+0100][gc,init] Pre-touch: Disabled
[2025-11-14T18:48:50.771+0100][gc,init] Parallel Workers: 8
[2025-11-14T18:48:50.771+0100][gc,init] Concurrent Workers: 2
[2025-11-14T18:48:50.772+0100][gc,init] Concurrent Refinement Workers: 8
[2025-11-14T18:48:50.772+0100][gc,init] Periodic GC: Disabled
[2025-11-14T18:48:50.785+0100][gc,metaspace] CDS archive(s) mapped at: [0x00007071c7000000-0x00007071c7cab000-0x00007071c7cab000), size 13283328, SharedBaseAddress: 0x00007071c7000000, ArchiveRelocationMode: 1.
[2025-11-14T18:48:50.786+0100][gc,metaspace] Compressed class space mapped at: 0x00007071c8000000-0x0000707208000000, reserved size: 1073741824
[2025-11-14T18:48:50.786+0100][gc,metaspace] Narrow klass base: 0x00007071c7000000, Narrow klass shift: 0, Narrow klass range: 0x100000000
[2025-11-14T18:48:54.836+0100][gc,start    ] GC(0) Pause Young (Normal) (G1 Evacuation Pause)
[2025-11-14T18:48:54.837+0100][gc,task     ] GC(0) Using 8 workers of 8 for evacuation
[2025-11-14T18:48:54.850+0100][gc,phases   ] GC(0)   Pre Evacuate Collection Set: 0.3ms
[2025-11-14T18:48:54.850+0100][gc,phases   ] GC(0)   Merge Heap Roots: 0.4ms
[2025-11-14T18:48:54.850+0100][gc,phases   ] GC(0)   Evacuate Collection Set: 9.7ms
[2025-11-14T18:48:54.851+0100][gc,phases   ] GC(0)   Post Evacuate Collection Set: 1.8ms
[2025-11-14T18:48:54.851+0100][gc,phases   ] GC(0)   Other: 1.3ms
[2025-11-14T18:48:54.851+0100][gc,heap     ] GC(0) Eden regions: 51->0(44)
[2025-11-14T18:48:54.851+0100][gc,heap     ] GC(0) Survivor regions: 0->7(7)
[2025-11-14T18:48:54.851+0100][gc,heap     ] GC(0) Old regions: 2->4
[2025-11-14T18:48:54.851+0100][gc,heap     ] GC(0) Humongous regions: 0->0
[2025-11-14T18:48:54.851+0100][gc,metaspace] GC(0) Metaspace: 18010K(18240K)->18010K(18240K) NonClass: 15897K(16064K)->15897K(16064K) Class: 2112K(2176K)->2112K(2176K)
[2025-11-14T18:48:54.852+0100][gc          ] GC(0) Pause Young (Normal) (G1 Evacuation Pause) 52M->9M(1024M) 15.584ms
[2025-11-14T18:48:54.852+0100][gc,cpu      ] GC(0) User=0.02s Sys=0.05s Real=0.02s
[2025-11-14T18:48:55.210+0100][gc,start    ] GC(1) Pause Young (Concurrent Start) (Metadata GC Threshold)
[2025-11-14T18:48:55.210+0100][gc,task     ] GC(1) Using 8 workers of 8 for evacuation
[2025-11-14T18:48:55.219+0100][gc,phases   ] GC(1)   Pre Evacuate Collection Set: 0.3ms
[2025-11-14T18:48:55.219+0100][gc,phases   ] GC(1)   Merge Heap Roots: 0.1ms
[2025-11-14T18:48:55.219+0100][gc,phases   ] GC(1)   Evacuate Collection Set: 6.0ms
[2025-11-14T18:48:55.220+0100][gc,phases   ] GC(1)   Post Evacuate Collection Set: 0.8ms
[2025-11-14T18:48:55.220+0100][gc,phases   ] GC(1)   Other: 1.2ms
[2025-11-14T18:48:55.220+0100][gc,heap     ] GC(1) Eden regions: 11->0(49)
[2025-11-14T18:48:55.221+0100][gc,heap     ] GC(1) Survivor regions: 7->2(7)
[2025-11-14T18:48:55.221+0100][gc,heap     ] GC(1) Old regions: 4->11
[2025-11-14T18:48:55.221+0100][gc,heap     ] GC(1) Humongous regions: 0->0
[2025-11-14T18:48:55.221+0100][gc,metaspace] GC(1) Metaspace: 21289K(21504K)->21289K(21504K) NonClass: 18920K(19008K)->18920K(19008K) Class: 2369K(2496K)->2369K(2496K)
[2025-11-14T18:48:55.222+0100][gc          ] GC(1) Pause Young (Concurrent Start) (Metadata GC Threshold) 20M->10M(1024M) 11.774ms
[2025-11-14T18:48:55.222+0100][gc,cpu      ] GC(1) User=0.02s Sys=0.02s Real=0.01s
[2025-11-14T18:48:55.222+0100][gc          ] GC(2) Concurrent Mark Cycle
[2025-11-14T18:48:55.223+0100][gc,marking  ] GC(2) Concurrent Scan Root Regions
[2025-11-14T18:48:55.229+0100][gc,marking  ] GC(2) Concurrent Scan Root Regions 6.045ms
[2025-11-14T18:48:55.229+0100][gc,marking  ] GC(2) Concurrent Mark
[2025-11-14T18:48:55.230+0100][gc,marking  ] GC(2) Concurrent Mark From Roots
[2025-11-14T18:48:55.230+0100][gc,task     ] GC(2) Using 2 workers of 2 for marking
[2025-11-14T18:48:55.235+0100][gc,marking  ] GC(2) Concurrent Mark From Roots 4.913ms
[2025-11-14T18:48:55.235+0100][gc,marking  ] GC(2) Concurrent Preclean
[2025-11-14T18:48:55.235+0100][gc,marking  ] GC(2) Concurrent Preclean 0.349ms
[2025-11-14T18:48:55.236+0100][gc,start    ] GC(2) Pause Remark
[2025-11-14T18:48:55.239+0100][gc          ] GC(2) Pause Remark 11M->11M(1024M) 3.376ms
[2025-11-14T18:48:55.239+0100][gc,cpu      ] GC(2) User=0.01s Sys=0.00s Real=0.01s
[2025-11-14T18:48:55.240+0100][gc,marking  ] GC(2) Concurrent Mark 10.370ms
[2025-11-14T18:48:55.240+0100][gc,marking  ] GC(2) Concurrent Rebuild Remembered Sets and Scrub Regions
[2025-11-14T18:48:55.244+0100][gc,marking  ] GC(2) Concurrent Rebuild Remembered Sets and Scrub Regions 3.642ms
[2025-11-14T18:48:55.244+0100][gc,start    ] GC(2) Pause Cleanup
[2025-11-14T18:48:55.246+0100][gc          ] GC(2) Pause Cleanup 11M->11M(1024M) 1.301ms
[2025-11-14T18:48:55.246+0100][gc,cpu      ] GC(2) User=0.00s Sys=0.00s Real=0.00s
[2025-11-14T18:48:55.246+0100][gc,marking  ] GC(2) Concurrent Clear Claimed Marks
[2025-11-14T18:48:55.247+0100][gc,marking  ] GC(2) Concurrent Clear Claimed Marks 0.287ms
[2025-11-14T18:48:55.247+0100][gc,marking  ] GC(2) Concurrent Cleanup for Next Mark
[2025-11-14T18:48:55.261+0100][gc,marking  ] GC(2) Concurrent Cleanup for Next Mark 13.573ms
[2025-11-14T18:48:55.261+0100][gc          ] GC(2) Concurrent Mark Cycle 38.837ms
[2025-11-14T18:48:57.662+0100][gc,start    ] GC(3) Pause Young (Prepare Mixed) (G1 Evacuation Pause)
[2025-11-14T18:48:57.663+0100][gc,task     ] GC(3) Using 8 workers of 8 for evacuation
[2025-11-14T18:48:57.669+0100][gc,phases   ] GC(3)   Pre Evacuate Collection Set: 0.5ms
[2025-11-14T18:48:57.670+0100][gc,phases   ] GC(3)   Merge Heap Roots: 0.2ms
[2025-11-14T18:48:57.670+0100][gc,phases   ] GC(3)   Evacuate Collection Set: 4.2ms
[2025-11-14T18:48:57.670+0100][gc,phases   ] GC(3)   Post Evacuate Collection Set: 1.2ms
[2025-11-14T18:48:57.670+0100][gc,phases   ] GC(3)   Other: 0.5ms
[2025-11-14T18:48:57.670+0100][gc,heap     ] GC(3) Eden regions: 49->0(47)
[2025-11-14T18:48:57.671+0100][gc,heap     ] GC(3) Survivor regions: 2->4(7)
[2025-11-14T18:48:57.671+0100][gc,heap     ] GC(3) Old regions: 11->11
[2025-11-14T18:48:57.671+0100][gc,heap     ] GC(3) Humongous regions: 9->9
[2025-11-14T18:48:57.671+0100][gc,metaspace] GC(3) Metaspace: 31791K(32128K)->31791K(32128K) NonClass: 28004K(28160K)->28004K(28160K) Class: 3787K(3968K)->3787K(3968K)
[2025-11-14T18:48:57.672+0100][gc          ] GC(3) Pause Young (Prepare Mixed) (G1 Evacuation Pause) 68M->22M(1024M) 9.405ms
[2025-11-14T18:48:57.672+0100][gc,cpu      ] GC(3) User=0.02s Sys=0.01s Real=0.01s
[2025-11-14T18:48:58.722+0100][gc,start    ] GC(4) Pause Young (Mixed) (Metadata GC Threshold)
[2025-11-14T18:48:58.722+0100][gc,task     ] GC(4) Using 8 workers of 8 for evacuation
[2025-11-14T18:48:58.748+0100][gc,mmu      ] GC(4) MMU target violated: 21.0ms (20.0ms/21.0ms)
[2025-11-14T18:48:58.749+0100][gc,phases   ] GC(4)   Pre Evacuate Collection Set: 0.9ms
[2025-11-14T18:48:58.750+0100][gc,phases   ] GC(4)   Merge Heap Roots: 0.1ms
[2025-11-14T18:48:58.753+0100][gc,phases   ] GC(4)   Evacuate Collection Set: 22.2ms
[2025-11-14T18:48:58.755+0100][gc,phases   ] GC(4)   Post Evacuate Collection Set: 1.5ms
[2025-11-14T18:48:58.759+0100][gc,phases   ] GC(4)   Other: 1.7ms
[2025-11-14T18:48:58.760+0100][gc,heap     ] GC(4) Eden regions: 26->0(44)
[2025-11-14T18:48:58.760+0100][gc,heap     ] GC(4) Survivor regions: 4->7(7)
[2025-11-14T18:48:58.760+0100][gc,heap     ] GC(4) Old regions: 11->10
[2025-11-14T18:48:58.760+0100][gc,heap     ] GC(4) Humongous regions: 9->9
[2025-11-14T18:48:58.761+0100][gc,metaspace] GC(4) Metaspace: 35649K(35968K)->35649K(35968K) NonClass: 31434K(31616K)->31434K(31616K) Class: 4215K(4352K)->4215K(4352K)
[2025-11-14T18:48:58.761+0100][gc          ] GC(4) Pause Young (Mixed) (Metadata GC Threshold) 48M->25M(1024M) 39.055ms
[2025-11-14T18:48:58.761+0100][gc,cpu      ] GC(4) User=0.04s Sys=0.02s Real=0.04s
[2025-11-14T18:48:58.903+0100][gc,start    ] GC(5) Pause Young (Concurrent Start) (Metadata GC Threshold)
[2025-11-14T18:48:58.904+0100][gc,task     ] GC(5) Using 8 workers of 8 for evacuation
[2025-11-14T18:48:58.916+0100][gc,phases   ] GC(5)   Pre Evacuate Collection Set: 0.5ms
[2025-11-14T18:48:58.917+0100][gc,phases   ] GC(5)   Merge Heap Roots: 0.1ms
[2025-11-14T18:48:58.917+0100][gc,phases   ] GC(5)   Evacuate Collection Set: 10.8ms
[2025-11-14T18:48:58.918+0100][gc,phases   ] GC(5)   Post Evacuate Collection Set: 0.9ms
[2025-11-14T18:48:58.918+0100][gc,phases   ] GC(5)   Other: 0.5ms
[2025-11-14T18:48:58.918+0100][gc,heap     ] GC(5) Eden regions: 3->0(47)
[2025-11-14T18:48:58.918+0100][gc,heap     ] GC(5) Survivor regions: 7->4(7)
[2025-11-14T18:48:58.919+0100][gc,heap     ] GC(5) Old regions: 10->14
[2025-11-14T18:48:58.919+0100][gc,heap     ] GC(5) Humongous regions: 9->9
[2025-11-14T18:48:58.919+0100][gc,metaspace] GC(5) Metaspace: 36023K(36288K)->36023K(36288K) NonClass: 31780K(31936K)->31780K(31936K) Class: 4243K(4352K)->4243K(4352K)
[2025-11-14T18:48:58.920+0100][gc          ] GC(5) Pause Young (Concurrent Start) (Metadata GC Threshold) 27M->26M(1024M) 16.328ms
[2025-11-14T18:48:58.920+0100][gc,cpu      ] GC(5) User=0.03s Sys=0.02s Real=0.02s
[2025-11-14T18:48:58.921+0100][gc          ] GC(6) Concurrent Mark Cycle
[2025-11-14T18:48:58.921+0100][gc,marking  ] GC(6) Concurrent Scan Root Regions
[2025-11-14T18:48:58.933+0100][gc,marking  ] GC(6) Concurrent Scan Root Regions 12.157ms
[2025-11-14T18:48:58.934+0100][gc,marking  ] GC(6) Concurrent Mark
[2025-11-14T18:48:58.936+0100][gc,marking  ] GC(6) Concurrent Mark From Roots
[2025-11-14T18:48:58.941+0100][gc,task     ] GC(6) Using 2 workers of 2 for marking
[2025-11-14T18:48:58.956+0100][gc,marking  ] GC(6) Concurrent Mark From Roots 20.293ms
[2025-11-14T18:48:58.958+0100][gc,marking  ] GC(6) Concurrent Preclean
[2025-11-14T18:48:58.959+0100][gc,marking  ] GC(6) Concurrent Preclean 1.372ms
[2025-11-14T18:48:58.960+0100][gc,start    ] GC(6) Pause Remark
[2025-11-14T18:48:58.965+0100][gc          ] GC(6) Pause Remark 27M->27M(1024M) 4.818ms
[2025-11-14T18:48:58.966+0100][gc,cpu      ] GC(6) User=0.01s Sys=0.00s Real=0.00s
[2025-11-14T18:48:58.969+0100][gc,marking  ] GC(6) Concurrent Mark 35.405ms
[2025-11-14T18:48:58.972+0100][gc,marking  ] GC(6) Concurrent Rebuild Remembered Sets and Scrub Regions
[2025-11-14T18:48:58.985+0100][gc,marking  ] GC(6) Concurrent Rebuild Remembered Sets and Scrub Regions 13.028ms
[2025-11-14T18:48:59.005+0100][gc,start    ] GC(6) Pause Cleanup
[2025-11-14T18:48:59.008+0100][gc          ] GC(6) Pause Cleanup 29M->29M(1024M) 2.169ms
[2025-11-14T18:48:59.008+0100][gc,cpu      ] GC(6) User=0.00s Sys=0.00s Real=0.00s
[2025-11-14T18:48:59.009+0100][gc,marking  ] GC(6) Concurrent Clear Claimed Marks
[2025-11-14T18:48:59.012+0100][gc,marking  ] GC(6) Concurrent Clear Claimed Marks 3.465ms
[2025-11-14T18:48:59.014+0100][gc,marking  ] GC(6) Concurrent Cleanup for Next Mark
[2025-11-14T18:48:59.020+0100][gc,marking  ] GC(6) Concurrent Cleanup for Next Mark 5.275ms
[2025-11-14T18:48:59.026+0100][gc          ] GC(6) Concurrent Mark Cycle 104.887ms
[2025-11-14T18:49:23.940+0100][gc,start    ] GC(7) Pause Young (Prepare Mixed) (G1 Evacuation Pause)
[2025-11-14T18:49:23.941+0100][gc,task     ] GC(7) Using 8 workers of 8 for evacuation
[2025-11-14T18:49:23.966+0100][gc,mmu      ] GC(7) MMU target violated: 21.0ms (20.0ms/21.0ms)
[2025-11-14T18:49:23.966+0100][gc,phases   ] GC(7)   Pre Evacuate Collection Set: 4.1ms
[2025-11-14T18:49:23.967+0100][gc,phases   ] GC(7)   Merge Heap Roots: 0.2ms
[2025-11-14T18:49:23.967+0100][gc,phases   ] GC(7)   Evacuate Collection Set: 17.6ms
[2025-11-14T18:49:23.967+0100][gc,phases   ] GC(7)   Post Evacuate Collection Set: 2.8ms
[2025-11-14T18:49:23.968+0100][gc,phases   ] GC(7)   Other: 0.8ms
[2025-11-14T18:49:23.968+0100][gc,heap     ] GC(7) Eden regions: 47->0(44)
[2025-11-14T18:49:23.968+0100][gc,heap     ] GC(7) Survivor regions: 4->7(7)
[2025-11-14T18:49:23.969+0100][gc,heap     ] GC(7) Old regions: 14->14
[2025-11-14T18:49:23.969+0100][gc,heap     ] GC(7) Humongous regions: 144->138
[2025-11-14T18:49:23.970+0100][gc,metaspace] GC(7) Metaspace: 43254K(43776K)->43254K(43776K) NonClass: 38017K(38336K)->38017K(38336K) Class: 5237K(5440K)->5237K(5440K)
[2025-11-14T18:49:23.971+0100][gc          ] GC(7) Pause Young (Prepare Mixed) (G1 Evacuation Pause) 208M->158M(1024M) 30.498ms
[2025-11-14T18:49:23.971+0100][gc,cpu      ] GC(7) User=0.13s Sys=0.02s Real=0.03s
[2025-11-14T18:53:08.707+0100][gc,start    ] GC(8) Pause Young (Mixed) (G1 Evacuation Pause)
[2025-11-14T18:53:08.709+0100][gc,task     ] GC(8) Using 8 workers of 8 for evacuation
[2025-11-14T18:53:08.767+0100][gc,mmu      ] GC(8) MMU target violated: 21.0ms (20.0ms/21.0ms)
[2025-11-14T18:53:08.767+0100][gc,phases   ] GC(8)   Pre Evacuate Collection Set: 5.4ms
[2025-11-14T18:53:08.768+0100][gc,phases   ] GC(8)   Merge Heap Roots: 0.7ms
[2025-11-14T18:53:08.768+0100][gc,phases   ] GC(8)   Evacuate Collection Set: 49.8ms
[2025-11-14T18:53:08.768+0100][gc,phases   ] GC(8)   Post Evacuate Collection Set: 2.0ms
[2025-11-14T18:53:08.768+0100][gc,phases   ] GC(8)   Other: 0.8ms
[2025-11-14T18:53:08.768+0100][gc,heap     ] GC(8) Eden regions: 44->0(47)
[2025-11-14T18:53:08.769+0100][gc,heap     ] GC(8) Survivor regions: 7->4(7)
[2025-11-14T18:53:08.769+0100][gc,heap     ] GC(8) Old regions: 14->20
[2025-11-14T18:53:08.769+0100][gc,heap     ] GC(8) Humongous regions: 138->138
[2025-11-14T18:53:08.769+0100][gc,metaspace] GC(8) Metaspace: 46253K(46976K)->46253K(46976K) NonClass: 40684K(41088K)->40684K(41088K) Class: 5568K(5888K)->5568K(5888K)
[2025-11-14T18:53:08.770+0100][gc          ] GC(8) Pause Young (Mixed) (G1 Evacuation Pause) 202M->161M(1024M) 62.169ms
[2025-11-14T18:53:08.770+0100][gc,cpu      ] GC(8) User=0.34s Sys=0.03s Real=0.07s
[2025-11-14T18:57:14.712+0100][gc,start    ] GC(9) Pause Young (Normal) (G1 Evacuation Pause)
[2025-11-14T18:57:14.715+0100][gc,task     ] GC(9) Using 8 workers of 8 for evacuation
[2025-11-14T18:57:14.760+0100][gc,mmu      ] GC(9) MMU target violated: 21.0ms (20.0ms/21.0ms)
[2025-11-14T18:57:14.760+0100][gc,phases   ] GC(9)   Pre Evacuate Collection Set: 15.4ms
[2025-11-14T18:57:14.760+0100][gc,phases   ] GC(9)   Merge Heap Roots: 1.3ms
[2025-11-14T18:57:14.760+0100][gc,phases   ] GC(9)   Evacuate Collection Set: 24.8ms
[2025-11-14T18:57:14.761+0100][gc,phases   ] GC(9)   Post Evacuate Collection Set: 2.5ms
[2025-11-14T18:57:14.761+0100][gc,phases   ] GC(9)   Other: 2.2ms
[2025-11-14T18:57:14.761+0100][gc,heap     ] GC(9) Eden regions: 47->0(47)
[2025-11-14T18:57:14.761+0100][gc,heap     ] GC(9) Survivor regions: 4->4(7)
[2025-11-14T18:57:14.762+0100][gc,heap     ] GC(9) Old regions: 20->20
[2025-11-14T18:57:14.762+0100][gc,heap     ] GC(9) Humongous regions: 147->147
[2025-11-14T18:57:14.762+0100][gc,metaspace] GC(9) Metaspace: 46787K(47488K)->46787K(47488K) NonClass: 41162K(41536K)->41162K(41536K) Class: 5625K(5952K)->5625K(5952K)
[2025-11-14T18:57:14.763+0100][gc          ] GC(9) Pause Young (Normal) (G1 Evacuation Pause) 217M->170M(1024M) 50.164ms
[2025-11-14T18:57:14.763+0100][gc,cpu      ] GC(9) User=0.29s Sys=0.01s Real=0.05s
[2025-11-14T18:57:16.720+0100][gc,heap,exit] Heap
[2025-11-14T18:57:16.720+0100][gc,heap,exit]  garbage-first heap   total 1048576K, used 188455K [0x00000000c0000000, 0x0000000100000000)
[2025-11-14T18:57:16.720+0100][gc,heap,exit]   region size 1024K, 19 young (19456K), 4 survivors (4096K)
[2025-11-14T18:57:16.721+0100][gc,heap,exit]  Metaspace       used 47656K, committed 48384K, reserved 1114112K
[2025-11-14T18:57:16.721+0100][gc,heap,exit]   class space    used 5823K, committed 6144K, reserved 1048576K
