[2025-11-13T13:54:39.886+0100][gc,init] CardTable entry size: 512
[2025-11-13T13:54:39.890+0100][gc     ] Using G1
[2025-11-13T13:54:39.904+0100][gc,init] Version: 21.0.1+12-LTS-29 (release)
[2025-11-13T13:54:39.905+0100][gc,init] CPUs: 8 total, 8 available
[2025-11-13T13:54:39.905+0100][gc,init] Memory: 3842M
[2025-11-13T13:54:39.905+0100][gc,init] Large Page Support: Disabled
[2025-11-13T13:54:39.905+0100][gc,init] NUMA Support: Disabled
[2025-11-13T13:54:39.906+0100][gc,init] Compressed Oops: Enabled (32-bit)
[2025-11-13T13:54:39.906+0100][gc,init] Heap Region Size: 1M
[2025-11-13T13:54:39.906+0100][gc,init] Heap Min Capacity: 1G
[2025-11-13T13:54:39.906+0100][gc,init] Heap Initial Capacity: 1G
[2025-11-13T13:54:39.906+0100][gc,init] Heap Max Capacity: 1G
[2025-11-13T13:54:39.907+0100][gc,init] Pre-touch: Disabled
[2025-11-13T13:54:39.907+0100][gc,init] Parallel Workers: 8
[2025-11-13T13:54:39.907+0100][gc,init] Concurrent Workers: 2
[2025-11-13T13:54:39.907+0100][gc,init] Concurrent Refinement Workers: 8
[2025-11-13T13:54:39.908+0100][gc,init] Periodic GC: Disabled
[2025-11-13T13:54:39.921+0100][gc,metaspace] CDS archive(s) mapped at: [0x00007ad84f000000-0x00007ad84fcab000-0x00007ad84fcab000), size 13283328, SharedBaseAddress: 0x00007ad84f000000, ArchiveRelocationMode: 1.
[2025-11-13T13:54:39.922+0100][gc,metaspace] Compressed class space mapped at: 0x00007ad850000000-0x00007ad890000000, reserved size: 1073741824
[2025-11-13T13:54:39.923+0100][gc,metaspace] Narrow klass base: 0x00007ad84f000000, Narrow klass shift: 0, Narrow klass range: 0x100000000
[2025-11-13T13:54:43.332+0100][gc,start    ] GC(0) Pause Young (Normal) (G1 Evacuation Pause)
[2025-11-13T13:54:43.334+0100][gc,task     ] GC(0) Using 8 workers of 8 for evacuation
[2025-11-13T13:54:43.349+0100][gc,phases   ] GC(0)   Pre Evacuate Collection Set: 0.3ms
[2025-11-13T13:54:43.350+0100][gc,phases   ] GC(0)   Merge Heap Roots: 0.2ms
[2025-11-13T13:54:43.350+0100][gc,phases   ] GC(0)   Evacuate Collection Set: 13.1ms
[2025-11-13T13:54:43.350+0100][gc,phases   ] GC(0)   Post Evacuate Collection Set: 1.7ms
[2025-11-13T13:54:43.351+0100][gc,phases   ] GC(0)   Other: 1.9ms
[2025-11-13T13:54:43.351+0100][gc,heap     ] GC(0) Eden regions: 51->0(44)
[2025-11-13T13:54:43.351+0100][gc,heap     ] GC(0) Survivor regions: 0->7(7)
[2025-11-13T13:54:43.352+0100][gc,heap     ] GC(0) Old regions: 2->4
[2025-11-13T13:54:43.352+0100][gc,heap     ] GC(0) Humongous regions: 0->0
[2025-11-13T13:54:43.352+0100][gc,metaspace] GC(0) Metaspace: 18106K(18304K)->18106K(18304K) NonClass: 15987K(16128K)->15987K(16128K) Class: 2119K(2176K)->2119K(2176K)
[2025-11-13T13:54:43.353+0100][gc          ] GC(0) Pause Young (Normal) (G1 Evacuation Pause) 52M->9M(1024M) 21.096ms
[2025-11-13T13:54:43.353+0100][gc,cpu      ] GC(0) User=0.02s Sys=0.06s Real=0.03s
[2025-11-13T13:54:43.706+0100][gc,start    ] GC(1) Pause Young (Concurrent Start) (Metadata GC Threshold)
[2025-11-13T13:54:43.706+0100][gc,task     ] GC(1) Using 8 workers of 8 for evacuation
[2025-11-13T13:54:43.715+0100][gc,phases   ] GC(1)   Pre Evacuate Collection Set: 0.4ms
[2025-11-13T13:54:43.716+0100][gc,phases   ] GC(1)   Merge Heap Roots: 0.1ms
[2025-11-13T13:54:43.716+0100][gc,phases   ] GC(1)   Evacuate Collection Set: 6.1ms
[2025-11-13T13:54:43.717+0100][gc,phases   ] GC(1)   Post Evacuate Collection Set: 1.2ms
[2025-11-13T13:54:43.717+0100][gc,phases   ] GC(1)   Other: 0.5ms
[2025-11-13T13:54:43.717+0100][gc,heap     ] GC(1) Eden regions: 11->0(50)
[2025-11-13T13:54:43.717+0100][gc,heap     ] GC(1) Survivor regions: 7->1(7)
[2025-11-13T13:54:43.718+0100][gc,heap     ] GC(1) Old regions: 4->11
[2025-11-13T13:54:43.718+0100][gc,heap     ] GC(1) Humongous regions: 0->0
[2025-11-13T13:54:43.718+0100][gc,metaspace] GC(1) Metaspace: 21288K(21504K)->21288K(21504K) NonClass: 18918K(19008K)->18918K(19008K) Class: 2369K(2496K)->2369K(2496K)
[2025-11-13T13:54:43.719+0100][gc          ] GC(1) Pause Young (Concurrent Start) (Metadata GC Threshold) 20M->10M(1024M) 12.537ms
[2025-11-13T13:54:43.719+0100][gc,cpu      ] GC(1) User=0.01s Sys=0.03s Real=0.01s
[2025-11-13T13:54:43.719+0100][gc          ] GC(2) Concurrent Mark Cycle
[2025-11-13T13:54:43.720+0100][gc,marking  ] GC(2) Concurrent Scan Root Regions
[2025-11-13T13:54:43.723+0100][gc,marking  ] GC(2) Concurrent Scan Root Regions 2.581ms
[2025-11-13T13:54:43.723+0100][gc,marking  ] GC(2) Concurrent Mark
[2025-11-13T13:54:43.723+0100][gc,marking  ] GC(2) Concurrent Mark From Roots
[2025-11-13T13:54:43.724+0100][gc,task     ] GC(2) Using 2 workers of 2 for marking
[2025-11-13T13:54:43.727+0100][gc,marking  ] GC(2) Concurrent Mark From Roots 3.506ms
[2025-11-13T13:54:43.727+0100][gc,marking  ] GC(2) Concurrent Preclean
[2025-11-13T13:54:43.727+0100][gc,marking  ] GC(2) Concurrent Preclean 0.254ms
[2025-11-13T13:54:43.727+0100][gc,start    ] GC(2) Pause Remark
[2025-11-13T13:54:43.731+0100][gc          ] GC(2) Pause Remark 11M->11M(1024M) 3.751ms
[2025-11-13T13:54:43.732+0100][gc,cpu      ] GC(2) User=0.00s Sys=0.00s Real=0.00s
[2025-11-13T13:54:43.733+0100][gc,marking  ] GC(2) Concurrent Mark 9.848ms
[2025-11-13T13:54:43.733+0100][gc,marking  ] GC(2) Concurrent Rebuild Remembered Sets and Scrub Regions
[2025-11-13T13:54:43.736+0100][gc,marking  ] GC(2) Concurrent Rebuild Remembered Sets and Scrub Regions 3.126ms
[2025-11-13T13:54:43.737+0100][gc,start    ] GC(2) Pause Cleanup
[2025-11-13T13:54:43.738+0100][gc          ] GC(2) Pause Cleanup 11M->11M(1024M) 0.688ms
[2025-11-13T13:54:43.738+0100][gc,cpu      ] GC(2) User=0.00s Sys=0.00s Real=0.00s
[2025-11-13T13:54:43.738+0100][gc,marking  ] GC(2) Concurrent Clear Claimed Marks
[2025-11-13T13:54:43.739+0100][gc,marking  ] GC(2) Concurrent Clear Claimed Marks 0.392ms
[2025-11-13T13:54:43.739+0100][gc,marking  ] GC(2) Concurrent Cleanup for Next Mark
[2025-11-13T13:54:43.876+0100][gc,marking  ] GC(2) Concurrent Cleanup for Next Mark 137.099ms
[2025-11-13T13:54:43.876+0100][gc          ] GC(2) Concurrent Mark Cycle 157.153ms
[2025-11-13T13:54:46.502+0100][gc,start    ] GC(3) Pause Young (Prepare Mixed) (G1 Evacuation Pause)
[2025-11-13T13:54:46.502+0100][gc,task     ] GC(3) Using 8 workers of 8 for evacuation
[2025-11-13T13:54:46.507+0100][gc,phases   ] GC(3)   Pre Evacuate Collection Set: 0.3ms
[2025-11-13T13:54:46.508+0100][gc,phases   ] GC(3)   Merge Heap Roots: 0.1ms
[2025-11-13T13:54:46.508+0100][gc,phases   ] GC(3)   Evacuate Collection Set: 3.4ms
[2025-11-13T13:54:46.508+0100][gc,phases   ] GC(3)   Post Evacuate Collection Set: 0.9ms
[2025-11-13T13:54:46.508+0100][gc,phases   ] GC(3)   Other: 0.2ms
[2025-11-13T13:54:46.508+0100][gc,heap     ] GC(3) Eden regions: 50->0(47)
[2025-11-13T13:54:46.508+0100][gc,heap     ] GC(3) Survivor regions: 1->4(7)
[2025-11-13T13:54:46.509+0100][gc,heap     ] GC(3) Old regions: 11->11
[2025-11-13T13:54:46.509+0100][gc,heap     ] GC(3) Humongous regions: 9->9
[2025-11-13T13:54:46.509+0100][gc,metaspace] GC(3) Metaspace: 32997K(33344K)->32997K(33344K) NonClass: 29051K(29248K)->29051K(29248K) Class: 3946K(4096K)->3946K(4096K)
[2025-11-13T13:54:46.509+0100][gc          ] GC(3) Pause Young (Prepare Mixed) (G1 Evacuation Pause) 69M->22M(1024M) 7.406ms
[2025-11-13T13:54:46.509+0100][gc,cpu      ] GC(3) User=0.02s Sys=0.00s Real=0.00s
[2025-11-13T13:54:47.109+0100][gc,start    ] GC(4) Pause Young (Mixed) (Metadata GC Threshold)
[2025-11-13T13:54:47.109+0100][gc,task     ] GC(4) Using 8 workers of 8 for evacuation
[2025-11-13T13:54:47.116+0100][gc,phases   ] GC(4)   Pre Evacuate Collection Set: 0.3ms
[2025-11-13T13:54:47.116+0100][gc,phases   ] GC(4)   Merge Heap Roots: 0.1ms
[2025-11-13T13:54:47.116+0100][gc,phases   ] GC(4)   Evacuate Collection Set: 4.4ms
[2025-11-13T13:54:47.117+0100][gc,phases   ] GC(4)   Post Evacuate Collection Set: 1.4ms
[2025-11-13T13:54:47.117+0100][gc,phases   ] GC(4)   Other: 0.3ms
[2025-11-13T13:54:47.117+0100][gc,heap     ] GC(4) Eden regions: 20->0(44)
[2025-11-13T13:54:47.118+0100][gc,heap     ] GC(4) Survivor regions: 4->7(7)
[2025-11-13T13:54:47.118+0100][gc,heap     ] GC(4) Old regions: 11->11
[2025-11-13T13:54:47.118+0100][gc,heap     ] GC(4) Humongous regions: 9->9
[2025-11-13T13:54:47.118+0100][gc,metaspace] GC(4) Metaspace: 35607K(35968K)->35607K(35968K) NonClass: 31363K(31552K)->31363K(31552K) Class: 4243K(4416K)->4243K(4416K)
[2025-11-13T13:54:47.119+0100][gc          ] GC(4) Pause Young (Mixed) (Metadata GC Threshold) 42M->25M(1024M) 9.513ms
[2025-11-13T13:54:47.119+0100][gc,cpu      ] GC(4) User=0.04s Sys=0.01s Real=0.01s
[2025-11-13T13:54:47.180+0100][gc,start    ] GC(5) Pause Young (Concurrent Start) (Metadata GC Threshold)
[2025-11-13T13:54:47.180+0100][gc,task     ] GC(5) Using 8 workers of 8 for evacuation
[2025-11-13T13:54:47.191+0100][gc,phases   ] GC(5)   Pre Evacuate Collection Set: 0.4ms
[2025-11-13T13:54:47.191+0100][gc,phases   ] GC(5)   Merge Heap Roots: 0.2ms
[2025-11-13T13:54:47.191+0100][gc,phases   ] GC(5)   Evacuate Collection Set: 8.5ms
[2025-11-13T13:54:47.191+0100][gc,phases   ] GC(5)   Post Evacuate Collection Set: 0.8ms
[2025-11-13T13:54:47.192+0100][gc,phases   ] GC(5)   Other: 0.5ms
[2025-11-13T13:54:47.192+0100][gc,heap     ] GC(5) Eden regions: 3->0(47)
[2025-11-13T13:54:47.192+0100][gc,heap     ] GC(5) Survivor regions: 7->4(7)
[2025-11-13T13:54:47.192+0100][gc,heap     ] GC(5) Old regions: 11->14
[2025-11-13T13:54:47.193+0100][gc,heap     ] GC(5) Humongous regions: 9->9
[2025-11-13T13:54:47.193+0100][gc,metaspace] GC(5) Metaspace: 35940K(36288K)->35940K(36288K) NonClass: 31665K(31872K)->31665K(31872K) Class: 4274K(4416K)->4274K(4416K)
[2025-11-13T13:54:47.193+0100][gc          ] GC(5) Pause Young (Concurrent Start) (Metadata GC Threshold) 27M->26M(1024M) 12.970ms
[2025-11-13T13:54:47.193+0100][gc,cpu      ] GC(5) User=0.04s Sys=0.03s Real=0.02s
[2025-11-13T13:54:47.193+0100][gc          ] GC(6) Concurrent Mark Cycle
[2025-11-13T13:54:47.194+0100][gc,marking  ] GC(6) Concurrent Scan Root Regions
[2025-11-13T13:54:47.198+0100][gc,marking  ] GC(6) Concurrent Scan Root Regions 4.121ms
[2025-11-13T13:54:47.198+0100][gc,marking  ] GC(6) Concurrent Mark
[2025-11-13T13:54:47.198+0100][gc,marking  ] GC(6) Concurrent Mark From Roots
[2025-11-13T13:54:47.199+0100][gc,task     ] GC(6) Using 2 workers of 2 for marking
[2025-11-13T13:54:47.210+0100][gc,marking  ] GC(6) Concurrent Mark From Roots 11.586ms
[2025-11-13T13:54:47.210+0100][gc,marking  ] GC(6) Concurrent Preclean
[2025-11-13T13:54:47.210+0100][gc,marking  ] GC(6) Concurrent Preclean 0.211ms
[2025-11-13T13:54:47.211+0100][gc,start    ] GC(6) Pause Remark
[2025-11-13T13:54:47.214+0100][gc          ] GC(6) Pause Remark 27M->27M(1024M) 3.102ms
[2025-11-13T13:54:47.214+0100][gc,cpu      ] GC(6) User=0.01s Sys=0.00s Real=0.01s
[2025-11-13T13:54:47.215+0100][gc,marking  ] GC(6) Concurrent Mark 16.351ms
[2025-11-13T13:54:47.215+0100][gc,marking  ] GC(6) Concurrent Rebuild Remembered Sets and Scrub Regions
[2025-11-13T13:54:47.220+0100][gc,marking  ] GC(6) Concurrent Rebuild Remembered Sets and Scrub Regions 5.105ms
[2025-11-13T13:54:47.222+0100][gc,start    ] GC(6) Pause Cleanup
[2025-11-13T13:54:47.223+0100][gc          ] GC(6) Pause Cleanup 27M->27M(1024M) 0.499ms
[2025-11-13T13:54:47.223+0100][gc,cpu      ] GC(6) User=0.00s Sys=0.00s Real=0.00s
[2025-11-13T13:54:47.223+0100][gc,marking  ] GC(6) Concurrent Clear Claimed Marks
[2025-11-13T13:54:47.224+0100][gc,marking  ] GC(6) Concurrent Clear Claimed Marks 0.164ms
[2025-11-13T13:54:47.224+0100][gc,marking  ] GC(6) Concurrent Cleanup for Next Mark
[2025-11-13T13:54:47.225+0100][gc,marking  ] GC(6) Concurrent Cleanup for Next Mark 1.347ms
[2025-11-13T13:54:47.225+0100][gc          ] GC(6) Concurrent Mark Cycle 32.220ms
[2025-11-13T13:56:25.863+0100][gc,start    ] GC(7) Pause Young (Prepare Mixed) (G1 Evacuation Pause)
[2025-11-13T13:56:25.864+0100][gc,task     ] GC(7) Using 8 workers of 8 for evacuation
[2025-11-13T13:56:25.902+0100][gc,mmu      ] GC(7) MMU target violated: 21.0ms (20.0ms/21.0ms)
[2025-11-13T13:56:25.902+0100][gc,phases   ] GC(7)   Pre Evacuate Collection Set: 11.2ms
[2025-11-13T13:56:25.902+0100][gc,phases   ] GC(7)   Merge Heap Roots: 1.2ms
[2025-11-13T13:56:25.903+0100][gc,phases   ] GC(7)   Evacuate Collection Set: 23.5ms
[2025-11-13T13:56:25.903+0100][gc,phases   ] GC(7)   Post Evacuate Collection Set: 1.6ms
[2025-11-13T13:56:25.903+0100][gc,phases   ] GC(7)   Other: 1.3ms
[2025-11-13T13:56:25.903+0100][gc,heap     ] GC(7) Eden regions: 47->0(44)
[2025-11-13T13:56:25.903+0100][gc,heap     ] GC(7) Survivor regions: 4->7(7)
[2025-11-13T13:56:25.904+0100][gc,heap     ] GC(7) Old regions: 14->14
[2025-11-13T13:56:25.904+0100][gc,heap     ] GC(7) Humongous regions: 138->138
[2025-11-13T13:56:25.904+0100][gc,metaspace] GC(7) Metaspace: 42571K(43072K)->42571K(43072K) NonClass: 37455K(37760K)->37455K(37760K) Class: 5115K(5312K)->5115K(5312K)
[2025-11-13T13:56:25.905+0100][gc          ] GC(7) Pause Young (Prepare Mixed) (G1 Evacuation Pause) 202M->158M(1024M) 42.102ms
[2025-11-13T13:56:25.905+0100][gc,cpu      ] GC(7) User=0.23s Sys=0.00s Real=0.04s
[2025-11-13T14:01:46.737+0100][gc,start    ] GC(8) Pause Young (Mixed) (G1 Evacuation Pause)
[2025-11-13T14:01:46.738+0100][gc,task     ] GC(8) Using 8 workers of 8 for evacuation
[2025-11-13T14:01:46.766+0100][gc,mmu      ] GC(8) MMU target violated: 21.0ms (20.0ms/21.0ms)
[2025-11-13T14:01:46.767+0100][gc,phases   ] GC(8)   Pre Evacuate Collection Set: 0.9ms
[2025-11-13T14:01:46.767+0100][gc,phases   ] GC(8)   Merge Heap Roots: 0.3ms
[2025-11-13T14:01:46.768+0100][gc,phases   ] GC(8)   Evacuate Collection Set: 23.8ms
[2025-11-13T14:01:46.768+0100][gc,phases   ] GC(8)   Post Evacuate Collection Set: 2.3ms
[2025-11-13T14:01:46.768+0100][gc,phases   ] GC(8)   Other: 1.2ms
[2025-11-13T14:01:46.769+0100][gc,heap     ] GC(8) Eden regions: 44->0(44)
[2025-11-13T14:01:46.769+0100][gc,heap     ] GC(8) Survivor regions: 7->7(7)
[2025-11-13T14:01:46.769+0100][gc,heap     ] GC(8) Old regions: 14->17
[2025-11-13T14:01:46.770+0100][gc,heap     ] GC(8) Humongous regions: 138->138
[2025-11-13T14:01:46.770+0100][gc,metaspace] GC(8) Metaspace: 44921K(45504K)->44921K(45504K) NonClass: 39627K(39936K)->39627K(39936K) Class: 5294K(5568K)->5294K(5568K)
[2025-11-13T14:01:46.770+0100][gc          ] GC(8) Pause Young (Mixed) (G1 Evacuation Pause) 202M->160M(1024M) 33.012ms
[2025-11-13T14:01:46.771+0100][gc,cpu      ] GC(8) User=0.14s Sys=0.03s Real=0.03s
[2025-11-13T14:07:58.416+0100][gc,start    ] GC(9) Pause Young (Normal) (G1 Evacuation Pause)
[2025-11-13T14:07:58.417+0100][gc,task     ] GC(9) Using 8 workers of 8 for evacuation
[2025-11-13T14:07:58.432+0100][gc,phases   ] GC(9)   Pre Evacuate Collection Set: 1.6ms
[2025-11-13T14:07:58.432+0100][gc,phases   ] GC(9)   Merge Heap Roots: 1.8ms
[2025-11-13T14:07:58.432+0100][gc,phases   ] GC(9)   Evacuate Collection Set: 9.2ms
[2025-11-13T14:07:58.433+0100][gc,phases   ] GC(9)   Post Evacuate Collection Set: 1.1ms
[2025-11-13T14:07:58.433+0100][gc,phases   ] GC(9)   Other: 1.1ms
[2025-11-13T14:07:58.433+0100][gc,heap     ] GC(9) Eden regions: 44->0(47)
[2025-11-13T14:07:58.434+0100][gc,heap     ] GC(9) Survivor regions: 7->4(7)
[2025-11-13T14:07:58.434+0100][gc,heap     ] GC(9) Old regions: 17->20
[2025-11-13T14:07:58.434+0100][gc,heap     ] GC(9) Humongous regions: 138->138
[2025-11-13T14:07:58.434+0100][gc,metaspace] GC(9) Metaspace: 45252K(45952K)->45252K(45952K) NonClass: 39936K(40320K)->39936K(40320K) Class: 5316K(5632K)->5316K(5632K)
[2025-11-13T14:07:58.435+0100][gc          ] GC(9) Pause Young (Normal) (G1 Evacuation Pause) 204M->161M(1024M) 19.261ms
[2025-11-13T14:07:58.435+0100][gc,cpu      ] GC(9) User=0.04s Sys=0.03s Real=0.02s
[2025-11-13T14:14:51.787+0100][gc,start    ] GC(10) Pause Young (Normal) (G1 Evacuation Pause)
[2025-11-13T14:14:51.789+0100][gc,task     ] GC(10) Using 8 workers of 8 for evacuation
[2025-11-13T14:14:51.841+0100][gc,mmu      ] GC(10) MMU target violated: 21.0ms (20.0ms/21.0ms)
[2025-11-13T14:14:51.842+0100][gc,phases   ] GC(10)   Pre Evacuate Collection Set: 11.7ms
[2025-11-13T14:14:51.843+0100][gc,phases   ] GC(10)   Merge Heap Roots: 1.4ms
[2025-11-13T14:14:51.843+0100][gc,phases   ] GC(10)   Evacuate Collection Set: 35.1ms
[2025-11-13T14:14:51.843+0100][gc,phases   ] GC(10)   Post Evacuate Collection Set: 3.1ms
[2025-11-13T14:14:51.844+0100][gc,phases   ] GC(10)   Other: 2.0ms
[2025-11-13T14:14:51.844+0100][gc,heap     ] GC(10) Eden regions: 47->0(47)
[2025-11-13T14:14:51.844+0100][gc,heap     ] GC(10) Survivor regions: 4->4(7)
[2025-11-13T14:14:51.845+0100][gc,heap     ] GC(10) Old regions: 20->20
[2025-11-13T14:14:51.845+0100][gc,heap     ] GC(10) Humongous regions: 138->138
[2025-11-13T14:14:51.845+0100][gc,metaspace] GC(10) Metaspace: 45359K(46016K)->45359K(46016K) NonClass: 40042K(40384K)->40042K(40384K) Class: 5316K(5632K)->5316K(5632K)
[2025-11-13T14:14:51.846+0100][gc          ] GC(10) Pause Young (Normal) (G1 Evacuation Pause) 208M->161M(1024M) 59.297ms
[2025-11-13T14:14:51.847+0100][gc,cpu      ] GC(10) User=0.26s Sys=0.03s Real=0.06s
[2025-11-13T14:20:20.381+0100][gc,start    ] GC(11) Pause Young (Normal) (G1 Evacuation Pause)
[2025-11-13T14:20:20.392+0100][gc,task     ] GC(11) Using 8 workers of 8 for evacuation
[2025-11-13T14:20:20.445+0100][gc,mmu      ] GC(11) MMU target violated: 21.0ms (20.0ms/21.0ms)
[2025-11-13T14:20:20.445+0100][gc,phases   ] GC(11)   Pre Evacuate Collection Set: 13.1ms
[2025-11-13T14:20:20.446+0100][gc,phases   ] GC(11)   Merge Heap Roots: 1.5ms
[2025-11-13T14:20:20.446+0100][gc,phases   ] GC(11)   Evacuate Collection Set: 35.0ms
[2025-11-13T14:20:20.446+0100][gc,phases   ] GC(11)   Post Evacuate Collection Set: 2.0ms
[2025-11-13T14:20:20.446+0100][gc,phases   ] GC(11)   Other: 1.4ms
[2025-11-13T14:20:20.447+0100][gc,heap     ] GC(11) Eden regions: 47->0(46)
[2025-11-13T14:20:20.447+0100][gc,heap     ] GC(11) Survivor regions: 4->5(7)
[2025-11-13T14:20:20.447+0100][gc,heap     ] GC(11) Old regions: 20->20
[2025-11-13T14:20:20.447+0100][gc,heap     ] GC(11) Humongous regions: 138->138
[2025-11-13T14:20:20.448+0100][gc,metaspace] GC(11) Metaspace: 45668K(46336K)->45668K(46336K) NonClass: 40292K(40640K)->40292K(40640K) Class: 5376K(5696K)->5376K(5696K)
[2025-11-13T14:20:20.448+0100][gc          ] GC(11) Pause Young (Normal) (G1 Evacuation Pause) 208M->162M(1024M) 66.612ms
[2025-11-13T14:20:20.448+0100][gc,cpu      ] GC(11) User=0.31s Sys=0.02s Real=0.07s
[2025-11-13T14:25:56.535+0100][gc,start    ] GC(12) Pause Young (Normal) (G1 Evacuation Pause)
[2025-11-13T14:25:56.537+0100][gc,task     ] GC(12) Using 8 workers of 8 for evacuation
[2025-11-13T14:25:56.559+0100][gc,mmu      ] GC(12) MMU target violated: 21.0ms (20.0ms/21.0ms)
[2025-11-13T14:25:56.561+0100][gc,phases   ] GC(12)   Pre Evacuate Collection Set: 1.9ms
[2025-11-13T14:25:56.561+0100][gc,phases   ] GC(12)   Merge Heap Roots: 0.3ms
[2025-11-13T14:25:56.562+0100][gc,phases   ] GC(12)   Evacuate Collection Set: 18.3ms
[2025-11-13T14:25:56.563+0100][gc,phases   ] GC(12)   Post Evacuate Collection Set: 1.3ms
[2025-11-13T14:25:56.563+0100][gc,phases   ] GC(12)   Other: 2.3ms
[2025-11-13T14:25:56.564+0100][gc,heap     ] GC(12) Eden regions: 46->0(46)
[2025-11-13T14:25:56.564+0100][gc,heap     ] GC(12) Survivor regions: 5->5(7)
[2025-11-13T14:25:56.564+0100][gc,heap     ] GC(12) Old regions: 20->22
[2025-11-13T14:25:56.567+0100][gc,heap     ] GC(12) Humongous regions: 138->138
[2025-11-13T14:25:56.567+0100][gc,metaspace] GC(12) Metaspace: 45706K(46400K)->45706K(46400K) NonClass: 40326K(40704K)->40326K(40704K) Class: 5380K(5696K)->5380K(5696K)
[2025-11-13T14:25:56.569+0100][gc          ] GC(12) Pause Young (Normal) (G1 Evacuation Pause) 208M->163M(1024M) 33.834ms
[2025-11-13T14:25:56.570+0100][gc,cpu      ] GC(12) User=0.09s Sys=0.04s Real=0.04s
[2025-11-13T14:30:46.727+0100][gc,start    ] GC(13) Pause Young (Normal) (G1 Evacuation Pause)
[2025-11-13T14:30:46.730+0100][gc,task     ] GC(13) Using 8 workers of 8 for evacuation
[2025-11-13T14:30:46.750+0100][gc,phases   ] GC(13)   Pre Evacuate Collection Set: 0.5ms
[2025-11-13T14:30:46.755+0100][gc,phases   ] GC(13)   Merge Heap Roots: 0.2ms
[2025-11-13T14:30:46.761+0100][gc,phases   ] GC(13)   Evacuate Collection Set: 14.7ms
[2025-11-13T14:30:46.763+0100][gc,phases   ] GC(13)   Post Evacuate Collection Set: 1.0ms
[2025-11-13T14:30:46.764+0100][gc,phases   ] GC(13)   Other: 3.8ms
[2025-11-13T14:30:46.765+0100][gc,heap     ] GC(13) Eden regions: 46->0(46)
[2025-11-13T14:30:46.766+0100][gc,heap     ] GC(13) Survivor regions: 5->5(7)
[2025-11-13T14:30:46.770+0100][gc,heap     ] GC(13) Old regions: 22->22
[2025-11-13T14:30:46.774+0100][gc,heap     ] GC(13) Humongous regions: 138->138
[2025-11-13T14:30:46.774+0100][gc,metaspace] GC(13) Metaspace: 45726K(46400K)->45726K(46400K) NonClass: 40345K(40704K)->40345K(40704K) Class: 5381K(5696K)->5381K(5696K)
[2025-11-13T14:30:46.775+0100][gc          ] GC(13) Pause Young (Normal) (G1 Evacuation Pause) 209M->164M(1024M) 48.057ms
[2025-11-13T14:30:46.776+0100][gc,cpu      ] GC(13) User=0.09s Sys=0.00s Real=0.04s
[2025-11-13T14:35:39.260+0100][gc,start    ] GC(14) Pause Young (Normal) (G1 Evacuation Pause)
[2025-11-13T14:35:39.260+0100][gc,task     ] GC(14) Using 8 workers of 8 for evacuation
[2025-11-13T14:35:39.269+0100][gc,phases   ] GC(14)   Pre Evacuate Collection Set: 0.6ms
[2025-11-13T14:35:39.269+0100][gc,phases   ] GC(14)   Merge Heap Roots: 0.2ms
[2025-11-13T14:35:39.269+0100][gc,phases   ] GC(14)   Evacuate Collection Set: 6.2ms
[2025-11-13T14:35:39.270+0100][gc,phases   ] GC(14)   Post Evacuate Collection Set: 0.9ms
[2025-11-13T14:35:39.270+0100][gc,phases   ] GC(14)   Other: 0.4ms
[2025-11-13T14:35:39.270+0100][gc,heap     ] GC(14) Eden regions: 46->0(47)
[2025-11-13T14:35:39.271+0100][gc,heap     ] GC(14) Survivor regions: 5->4(7)
[2025-11-13T14:35:39.271+0100][gc,heap     ] GC(14) Old regions: 22->23
[2025-11-13T14:35:39.271+0100][gc,heap     ] GC(14) Humongous regions: 138->138
[2025-11-13T14:35:39.272+0100][gc,metaspace] GC(14) Metaspace: 45736K(46400K)->45736K(46400K) NonClass: 40355K(40704K)->40355K(40704K) Class: 5381K(5696K)->5381K(5696K)
[2025-11-13T14:35:39.272+0100][gc          ] GC(14) Pause Young (Normal) (G1 Evacuation Pause) 210M->164M(1024M) 12.133ms
[2025-11-13T14:35:39.272+0100][gc,cpu      ] GC(14) User=0.04s Sys=0.00s Real=0.01s
[2025-11-13T14:40:38.245+0100][gc,start    ] GC(15) Pause Young (Normal) (G1 Evacuation Pause)
[2025-11-13T14:40:38.246+0100][gc,task     ] GC(15) Using 8 workers of 8 for evacuation
[2025-11-13T14:40:38.254+0100][gc,phases   ] GC(15)   Pre Evacuate Collection Set: 0.6ms
[2025-11-13T14:40:38.255+0100][gc,phases   ] GC(15)   Merge Heap Roots: 0.4ms
[2025-11-13T14:40:38.255+0100][gc,phases   ] GC(15)   Evacuate Collection Set: 6.1ms
[2025-11-13T14:40:38.255+0100][gc,phases   ] GC(15)   Post Evacuate Collection Set: 0.8ms
[2025-11-13T14:40:38.255+0100][gc,phases   ] GC(15)   Other: 0.4ms
[2025-11-13T14:40:38.255+0100][gc,heap     ] GC(15) Eden regions: 47->0(45)
[2025-11-13T14:40:38.256+0100][gc,heap     ] GC(15) Survivor regions: 4->6(7)
[2025-11-13T14:40:38.256+0100][gc,heap     ] GC(15) Old regions: 23->23
[2025-11-13T14:40:38.256+0100][gc,heap     ] GC(15) Humongous regions: 138->138
[2025-11-13T14:40:38.256+0100][gc,metaspace] GC(15) Metaspace: 45763K(46400K)->45763K(46400K) NonClass: 40381K(40704K)->40381K(40704K) Class: 5382K(5696K)->5382K(5696K)
[2025-11-13T14:40:38.257+0100][gc          ] GC(15) Pause Young (Normal) (G1 Evacuation Pause) 211M->166M(1024M) 11.149ms
[2025-11-13T14:40:38.257+0100][gc,cpu      ] GC(15) User=0.04s Sys=0.01s Real=0.02s
[2025-11-13T14:45:26.740+0100][gc,start    ] GC(16) Pause Young (Normal) (G1 Evacuation Pause)
[2025-11-13T14:45:26.740+0100][gc,task     ] GC(16) Using 8 workers of 8 for evacuation
[2025-11-13T14:45:26.748+0100][gc,phases   ] GC(16)   Pre Evacuate Collection Set: 0.5ms
[2025-11-13T14:45:26.748+0100][gc,phases   ] GC(16)   Merge Heap Roots: 0.2ms
[2025-11-13T14:45:26.749+0100][gc,phases   ] GC(16)   Evacuate Collection Set: 5.5ms
[2025-11-13T14:45:26.749+0100][gc,phases   ] GC(16)   Post Evacuate Collection Set: 1.0ms
[2025-11-13T14:45:26.749+0100][gc,phases   ] GC(16)   Other: 0.4ms
[2025-11-13T14:45:26.749+0100][gc,heap     ] GC(16) Eden regions: 45->0(48)
[2025-11-13T14:45:26.749+0100][gc,heap     ] GC(16) Survivor regions: 6->4(7)
[2025-11-13T14:45:26.750+0100][gc,heap     ] GC(16) Old regions: 23->25
[2025-11-13T14:45:26.750+0100][gc,heap     ] GC(16) Humongous regions: 138->138
[2025-11-13T14:45:26.750+0100][gc,metaspace] GC(16) Metaspace: 45787K(46400K)->45787K(46400K) NonClass: 40404K(40704K)->40404K(40704K) Class: 5382K(5696K)->5382K(5696K)
[2025-11-13T14:45:26.750+0100][gc          ] GC(16) Pause Young (Normal) (G1 Evacuation Pause) 211M->166M(1024M) 10.478ms
[2025-11-13T14:45:26.750+0100][gc,cpu      ] GC(16) User=0.04s Sys=0.00s Real=0.02s
[2025-11-13T14:49:47.314+0100][gc,start    ] GC(17) Pause Young (Normal) (G1 Evacuation Pause)
[2025-11-13T14:49:47.315+0100][gc,task     ] GC(17) Using 8 workers of 8 for evacuation
[2025-11-13T14:49:47.345+0100][gc,mmu      ] GC(17) MMU target violated: 21.0ms (20.0ms/21.0ms)
[2025-11-13T14:49:47.346+0100][gc,phases   ] GC(17)   Pre Evacuate Collection Set: 0.4ms
[2025-11-13T14:49:47.346+0100][gc,phases   ] GC(17)   Merge Heap Roots: 0.2ms
[2025-11-13T14:49:47.346+0100][gc,phases   ] GC(17)   Evacuate Collection Set: 28.5ms
[2025-11-13T14:49:47.347+0100][gc,phases   ] GC(17)   Post Evacuate Collection Set: 0.8ms
[2025-11-13T14:49:47.347+0100][gc,phases   ] GC(17)   Other: 1.2ms
[2025-11-13T14:49:47.347+0100][gc,heap     ] GC(17) Eden regions: 51->0(47)
[2025-11-13T14:49:47.347+0100][gc,heap     ] GC(17) Survivor regions: 4->4(7)
[2025-11-13T14:49:47.348+0100][gc,heap     ] GC(17) Old regions: 25->25
[2025-11-13T14:49:47.348+0100][gc,heap     ] GC(17) Humongous regions: 156->156
[2025-11-13T14:49:47.348+0100][gc,metaspace] GC(17) Metaspace: 45814K(46464K)->45814K(46464K) NonClass: 40430K(40768K)->40430K(40768K) Class: 5384K(5696K)->5384K(5696K)
[2025-11-13T14:49:47.348+0100][gc          ] GC(17) Pause Young (Normal) (G1 Evacuation Pause) 235M->184M(1024M) 34.077ms
[2025-11-13T14:49:47.349+0100][gc,cpu      ] GC(17) User=0.21s Sys=0.01s Real=0.04s
[2025-11-13T14:54:44.204+0100][gc,start    ] GC(18) Pause Young (Normal) (G1 Evacuation Pause)
[2025-11-13T14:54:44.207+0100][gc,task     ] GC(18) Using 8 workers of 8 for evacuation
[2025-11-13T14:54:44.252+0100][gc,mmu      ] GC(18) MMU target violated: 21.0ms (20.0ms/21.0ms)
[2025-11-13T14:54:44.252+0100][gc,phases   ] GC(18)   Pre Evacuate Collection Set: 15.9ms
[2025-11-13T14:54:44.252+0100][gc,phases   ] GC(18)   Merge Heap Roots: 1.0ms
[2025-11-13T14:54:44.252+0100][gc,phases   ] GC(18)   Evacuate Collection Set: 24.6ms
[2025-11-13T14:54:44.253+0100][gc,phases   ] GC(18)   Post Evacuate Collection Set: 2.3ms
[2025-11-13T14:54:44.253+0100][gc,phases   ] GC(18)   Other: 1.8ms
[2025-11-13T14:54:44.253+0100][gc,heap     ] GC(18) Eden regions: 47->0(45)
[2025-11-13T14:54:44.253+0100][gc,heap     ] GC(18) Survivor regions: 4->6(7)
[2025-11-13T14:54:44.253+0100][gc,heap     ] GC(18) Old regions: 25->26
[2025-11-13T14:54:44.253+0100][gc,heap     ] GC(18) Humongous regions: 156->156
[2025-11-13T14:54:44.254+0100][gc,metaspace] GC(18) Metaspace: 45827K(46464K)->45827K(46464K) NonClass: 40443K(40768K)->40443K(40768K) Class: 5384K(5696K)->5384K(5696K)
[2025-11-13T14:54:44.254+0100][gc          ] GC(18) Pause Young (Normal) (G1 Evacuation Pause) 231M->186M(1024M) 49.689ms
[2025-11-13T14:54:44.254+0100][gc,cpu      ] GC(18) User=0.30s Sys=0.00s Real=0.05s
[2025-11-13T14:56:52.780+0100][gc,heap,exit] Heap
[2025-11-13T14:56:52.780+0100][gc,heap,exit]  garbage-first heap   total 1048576K, used 230763K [0x00000000c0000000, 0x0000000100000000)
[2025-11-13T14:56:52.781+0100][gc,heap,exit]   region size 1024K, 45 young (46080K), 6 survivors (6144K)
[2025-11-13T14:56:52.781+0100][gc,heap,exit]  Metaspace       used 47243K, committed 47872K, reserved 1114112K
[2025-11-13T14:56:52.781+0100][gc,heap,exit]   class space    used 5671K, committed 5952K, reserved 1048576K
