[2025-11-14T15:05:27.527+0100][gc,init] CardTable entry size: 512
[2025-11-14T15:05:27.531+0100][gc     ] Using G1
[2025-11-14T15:05:27.565+0100][gc,init] Version: 21.0.1+12-LTS-29 (release)
[2025-11-14T15:05:27.566+0100][gc,init] CPUs: 8 total, 8 available
[2025-11-14T15:05:27.567+0100][gc,init] Memory: 3842M
[2025-11-14T15:05:27.568+0100][gc,init] Large Page Support: Disabled
[2025-11-14T15:05:27.568+0100][gc,init] NUMA Support: Disabled
[2025-11-14T15:05:27.569+0100][gc,init] Compressed Oops: Enabled (32-bit)
[2025-11-14T15:05:27.569+0100][gc,init] Heap Region Size: 1M
[2025-11-14T15:05:27.570+0100][gc,init] Heap Min Capacity: 1G
[2025-11-14T15:05:27.570+0100][gc,init] Heap Initial Capacity: 1G
[2025-11-14T15:05:27.570+0100][gc,init] Heap Max Capacity: 1G
[2025-11-14T15:05:27.571+0100][gc,init] Pre-touch: Disabled
[2025-11-14T15:05:27.571+0100][gc,init] Parallel Workers: 8
[2025-11-14T15:05:27.571+0100][gc,init] Concurrent Workers: 2
[2025-11-14T15:05:27.571+0100][gc,init] Concurrent Refinement Workers: 8
[2025-11-14T15:05:27.572+0100][gc,init] Periodic GC: Disabled
[2025-11-14T15:05:27.585+0100][gc,metaspace] CDS archive(s) mapped at: [0x000076ea5b000000-0x000076ea5bcab000-0x000076ea5bcab000), size 13283328, SharedBaseAddress: 0x000076ea5b000000, ArchiveRelocationMode: 1.
[2025-11-14T15:05:27.586+0100][gc,metaspace] Compressed class space mapped at: 0x000076ea5c000000-0x000076ea9c000000, reserved size: 1073741824
[2025-11-14T15:05:27.586+0100][gc,metaspace] Narrow klass base: 0x000076ea5b000000, Narrow klass shift: 0, Narrow klass range: 0x100000000
[2025-11-14T15:05:32.266+0100][gc,start    ] GC(0) Pause Young (Normal) (G1 Evacuation Pause)
[2025-11-14T15:05:32.270+0100][gc,task     ] GC(0) Using 8 workers of 8 for evacuation
[2025-11-14T15:05:32.292+0100][gc,mmu      ] GC(0) MMU target violated: 21.0ms (20.0ms/21.0ms)
[2025-11-14T15:05:32.293+0100][gc,phases   ] GC(0)   Pre Evacuate Collection Set: 0.7ms
[2025-11-14T15:05:32.294+0100][gc,phases   ] GC(0)   Merge Heap Roots: 0.3ms
[2025-11-14T15:05:32.294+0100][gc,phases   ] GC(0)   Evacuate Collection Set: 18.4ms
[2025-11-14T15:05:32.294+0100][gc,phases   ] GC(0)   Post Evacuate Collection Set: 2.7ms
[2025-11-14T15:05:32.295+0100][gc,phases   ] GC(0)   Other: 3.7ms
[2025-11-14T15:05:32.296+0100][gc,heap     ] GC(0) Eden regions: 51->0(44)
[2025-11-14T15:05:32.296+0100][gc,heap     ] GC(0) Survivor regions: 0->7(7)
[2025-11-14T15:05:32.296+0100][gc,heap     ] GC(0) Old regions: 2->4
[2025-11-14T15:05:32.297+0100][gc,heap     ] GC(0) Humongous regions: 0->0
[2025-11-14T15:05:32.297+0100][gc,metaspace] GC(0) Metaspace: 18111K(18304K)->18111K(18304K) NonClass: 15992K(16128K)->15992K(16128K) Class: 2119K(2176K)->2119K(2176K)
[2025-11-14T15:05:32.297+0100][gc          ] GC(0) Pause Young (Normal) (G1 Evacuation Pause) 52M->9M(1024M) 31.344ms
[2025-11-14T15:05:32.298+0100][gc,cpu      ] GC(0) User=0.04s Sys=0.10s Real=0.03s
[2025-11-14T15:05:32.863+0100][gc,start    ] GC(1) Pause Young (Concurrent Start) (Metadata GC Threshold)
[2025-11-14T15:05:32.864+0100][gc,task     ] GC(1) Using 8 workers of 8 for evacuation
[2025-11-14T15:05:32.889+0100][gc,mmu      ] GC(1) MMU target violated: 21.0ms (20.0ms/21.0ms)
[2025-11-14T15:05:32.889+0100][gc,phases   ] GC(1)   Pre Evacuate Collection Set: 0.5ms
[2025-11-14T15:05:32.889+0100][gc,phases   ] GC(1)   Merge Heap Roots: 0.2ms
[2025-11-14T15:05:32.890+0100][gc,phases   ] GC(1)   Evacuate Collection Set: 22.6ms
[2025-11-14T15:05:32.890+0100][gc,phases   ] GC(1)   Post Evacuate Collection Set: 0.7ms
[2025-11-14T15:05:32.891+0100][gc,phases   ] GC(1)   Other: 1.2ms
[2025-11-14T15:05:32.891+0100][gc,heap     ] GC(1) Eden regions: 11->0(50)
[2025-11-14T15:05:32.891+0100][gc,heap     ] GC(1) Survivor regions: 7->1(7)
[2025-11-14T15:05:32.892+0100][gc,heap     ] GC(1) Old regions: 4->11
[2025-11-14T15:05:32.892+0100][gc,heap     ] GC(1) Humongous regions: 0->0
[2025-11-14T15:05:32.892+0100][gc,metaspace] GC(1) Metaspace: 21290K(21504K)->21290K(21504K) NonClass: 18921K(19008K)->18921K(19008K) Class: 2369K(2496K)->2369K(2496K)
[2025-11-14T15:05:32.893+0100][gc          ] GC(1) Pause Young (Concurrent Start) (Metadata GC Threshold) 20M->10M(1024M) 29.690ms
[2025-11-14T15:05:32.893+0100][gc,cpu      ] GC(1) User=0.03s Sys=0.11s Real=0.03s
[2025-11-14T15:05:32.893+0100][gc          ] GC(2) Concurrent Mark Cycle
[2025-11-14T15:05:32.894+0100][gc,marking  ] GC(2) Concurrent Scan Root Regions
[2025-11-14T15:05:32.896+0100][gc,marking  ] GC(2) Concurrent Scan Root Regions 2.533ms
[2025-11-14T15:05:32.897+0100][gc,marking  ] GC(2) Concurrent Mark
[2025-11-14T15:05:32.897+0100][gc,marking  ] GC(2) Concurrent Mark From Roots
[2025-11-14T15:05:32.898+0100][gc,task     ] GC(2) Using 2 workers of 2 for marking
[2025-11-14T15:05:32.904+0100][gc,marking  ] GC(2) Concurrent Mark From Roots 6.955ms
[2025-11-14T15:05:32.905+0100][gc,marking  ] GC(2) Concurrent Preclean
[2025-11-14T15:05:32.905+0100][gc,marking  ] GC(2) Concurrent Preclean 0.356ms
[2025-11-14T15:05:32.906+0100][gc,start    ] GC(2) Pause Remark
[2025-11-14T15:05:32.910+0100][gc          ] GC(2) Pause Remark 11M->11M(1024M) 4.086ms
[2025-11-14T15:05:32.910+0100][gc,cpu      ] GC(2) User=0.01s Sys=0.00s Real=0.00s
[2025-11-14T15:05:32.911+0100][gc,marking  ] GC(2) Concurrent Mark 14.132ms
[2025-11-14T15:05:32.911+0100][gc,marking  ] GC(2) Concurrent Rebuild Remembered Sets and Scrub Regions
[2025-11-14T15:05:32.915+0100][gc,marking  ] GC(2) Concurrent Rebuild Remembered Sets and Scrub Regions 3.472ms
[2025-11-14T15:05:32.916+0100][gc,start    ] GC(2) Pause Cleanup
[2025-11-14T15:05:32.916+0100][gc          ] GC(2) Pause Cleanup 11M->11M(1024M) 0.664ms
[2025-11-14T15:05:32.917+0100][gc,cpu      ] GC(2) User=0.00s Sys=0.00s Real=0.00s
[2025-11-14T15:05:32.917+0100][gc,marking  ] GC(2) Concurrent Clear Claimed Marks
[2025-11-14T15:05:32.918+0100][gc,marking  ] GC(2) Concurrent Clear Claimed Marks 0.398ms
[2025-11-14T15:05:32.918+0100][gc,marking  ] GC(2) Concurrent Cleanup for Next Mark
[2025-11-14T15:05:33.070+0100][gc,marking  ] GC(2) Concurrent Cleanup for Next Mark 152.239ms
[2025-11-14T15:05:33.071+0100][gc          ] GC(2) Concurrent Mark Cycle 177.569ms
[2025-11-14T15:05:35.596+0100][gc,start    ] GC(3) Pause Young (Prepare Mixed) (G1 Evacuation Pause)
[2025-11-14T15:05:35.596+0100][gc,task     ] GC(3) Using 8 workers of 8 for evacuation
[2025-11-14T15:05:35.609+0100][gc,phases   ] GC(3)   Pre Evacuate Collection Set: 0.5ms
[2025-11-14T15:05:35.612+0100][gc,phases   ] GC(3)   Merge Heap Roots: 0.2ms
[2025-11-14T15:05:35.613+0100][gc,phases   ] GC(3)   Evacuate Collection Set: 10.5ms
[2025-11-14T15:05:35.613+0100][gc,phases   ] GC(3)   Post Evacuate Collection Set: 1.6ms
[2025-11-14T15:05:35.614+0100][gc,phases   ] GC(3)   Other: 0.4ms
[2025-11-14T15:05:35.615+0100][gc,heap     ] GC(3) Eden regions: 50->0(47)
[2025-11-14T15:05:35.615+0100][gc,heap     ] GC(3) Survivor regions: 1->4(7)
[2025-11-14T15:05:35.615+0100][gc,heap     ] GC(3) Old regions: 11->11
[2025-11-14T15:05:35.616+0100][gc,heap     ] GC(3) Humongous regions: 9->9
[2025-11-14T15:05:35.616+0100][gc,metaspace] GC(3) Metaspace: 32858K(33280K)->32858K(33280K) NonClass: 28944K(29184K)->28944K(29184K) Class: 3914K(4096K)->3914K(4096K)
[2025-11-14T15:05:35.616+0100][gc          ] GC(3) Pause Young (Prepare Mixed) (G1 Evacuation Pause) 69M->22M(1024M) 20.550ms
[2025-11-14T15:05:35.617+0100][gc,cpu      ] GC(3) User=0.07s Sys=0.02s Real=0.02s
[2025-11-14T15:05:37.167+0100][gc,start    ] GC(4) Pause Young (Mixed) (Metadata GC Threshold)
[2025-11-14T15:05:37.174+0100][gc,task     ] GC(4) Using 8 workers of 8 for evacuation
[2025-11-14T15:05:37.217+0100][gc,mmu      ] GC(4) MMU target violated: 21.0ms (20.0ms/21.0ms)
[2025-11-14T15:05:37.240+0100][gc,phases   ] GC(4)   Pre Evacuate Collection Set: 0.5ms
[2025-11-14T15:05:37.254+0100][gc,phases   ] GC(4)   Merge Heap Roots: 0.3ms
[2025-11-14T15:05:37.255+0100][gc,phases   ] GC(4)   Evacuate Collection Set: 11.0ms
[2025-11-14T15:05:37.268+0100][gc,phases   ] GC(4)   Post Evacuate Collection Set: 21.0ms
[2025-11-14T15:05:37.271+0100][gc,phases   ] GC(4)   Other: 33.6ms
[2025-11-14T15:05:37.273+0100][gc,heap     ] GC(4) Eden regions: 22->0(44)
[2025-11-14T15:05:37.279+0100][gc,heap     ] GC(4) Survivor regions: 4->7(7)
[2025-11-14T15:05:37.287+0100][gc,heap     ] GC(4) Old regions: 11->11
[2025-11-14T15:05:37.290+0100][gc,heap     ] GC(4) Humongous regions: 9->9
[2025-11-14T15:05:37.296+0100][gc,metaspace] GC(4) Metaspace: 35620K(35968K)->35620K(35968K) NonClass: 31379K(31616K)->31379K(31616K) Class: 4240K(4352K)->4240K(4352K)
[2025-11-14T15:05:37.303+0100][gc          ] GC(4) Pause Young (Mixed) (Metadata GC Threshold) 43M->25M(1024M) 135.996ms
[2025-11-14T15:05:37.306+0100][gc,cpu      ] GC(4) User=0.07s Sys=0.05s Real=0.14s
[2025-11-14T15:05:37.594+0100][gc,start    ] GC(5) Pause Young (Concurrent Start) (Metadata GC Threshold)
[2025-11-14T15:05:37.604+0100][gc,task     ] GC(5) Using 8 workers of 8 for evacuation
[2025-11-14T15:05:37.663+0100][gc,mmu      ] GC(5) MMU target violated: 21.0ms (20.0ms/21.0ms)
[2025-11-14T15:05:37.666+0100][gc,phases   ] GC(5)   Pre Evacuate Collection Set: 3.3ms
[2025-11-14T15:05:37.667+0100][gc,phases   ] GC(5)   Merge Heap Roots: 0.3ms
[2025-11-14T15:05:37.672+0100][gc,phases   ] GC(5)   Evacuate Collection Set: 52.4ms
[2025-11-14T15:05:37.675+0100][gc,phases   ] GC(5)   Post Evacuate Collection Set: 1.2ms
[2025-11-14T15:05:37.676+0100][gc,phases   ] GC(5)   Other: 5.0ms
[2025-11-14T15:05:37.678+0100][gc,heap     ] GC(5) Eden regions: 5->0(47)
[2025-11-14T15:05:37.679+0100][gc,heap     ] GC(5) Survivor regions: 7->4(7)
[2025-11-14T15:05:37.681+0100][gc,heap     ] GC(5) Old regions: 11->14
[2025-11-14T15:05:37.683+0100][gc,heap     ] GC(5) Humongous regions: 9->9
[2025-11-14T15:05:37.683+0100][gc,metaspace] GC(5) Metaspace: 35972K(36288K)->35972K(36288K) NonClass: 31698K(31872K)->31698K(31872K) Class: 4273K(4416K)->4273K(4416K)
[2025-11-14T15:05:37.685+0100][gc          ] GC(5) Pause Young (Concurrent Start) (Metadata GC Threshold) 30M->26M(1024M) 90.781ms
[2025-11-14T15:05:37.687+0100][gc,cpu      ] GC(5) User=0.16s Sys=0.20s Real=0.09s
[2025-11-14T15:05:37.687+0100][gc          ] GC(6) Concurrent Mark Cycle
[2025-11-14T15:05:37.690+0100][gc,marking  ] GC(6) Concurrent Scan Root Regions
[2025-11-14T15:05:37.709+0100][gc,marking  ] GC(6) Concurrent Scan Root Regions 19.100ms
[2025-11-14T15:05:37.710+0100][gc,marking  ] GC(6) Concurrent Mark
[2025-11-14T15:05:37.712+0100][gc,marking  ] GC(6) Concurrent Mark From Roots
[2025-11-14T15:05:37.713+0100][gc,task     ] GC(6) Using 2 workers of 2 for marking
[2025-11-14T15:05:37.736+0100][gc,marking  ] GC(6) Concurrent Mark From Roots 23.623ms
[2025-11-14T15:05:37.738+0100][gc,marking  ] GC(6) Concurrent Preclean
[2025-11-14T15:05:37.741+0100][gc,marking  ] GC(6) Concurrent Preclean 3.078ms
[2025-11-14T15:05:37.748+0100][gc,start    ] GC(6) Pause Remark
[2025-11-14T15:05:37.754+0100][gc          ] GC(6) Pause Remark 28M->28M(1024M) 5.555ms
[2025-11-14T15:05:37.754+0100][gc,cpu      ] GC(6) User=0.01s Sys=0.00s Real=0.01s
[2025-11-14T15:05:37.755+0100][gc,marking  ] GC(6) Concurrent Mark 44.642ms
[2025-11-14T15:05:37.755+0100][gc,marking  ] GC(6) Concurrent Rebuild Remembered Sets and Scrub Regions
[2025-11-14T15:05:37.772+0100][gc,marking  ] GC(6) Concurrent Rebuild Remembered Sets and Scrub Regions 16.298ms
[2025-11-14T15:05:37.780+0100][gc,start    ] GC(6) Pause Cleanup
[2025-11-14T15:05:37.782+0100][gc          ] GC(6) Pause Cleanup 29M->29M(1024M) 1.538ms
[2025-11-14T15:05:37.782+0100][gc,cpu      ] GC(6) User=0.00s Sys=0.00s Real=0.01s
[2025-11-14T15:05:37.783+0100][gc,marking  ] GC(6) Concurrent Clear Claimed Marks
[2025-11-14T15:05:37.783+0100][gc,marking  ] GC(6) Concurrent Clear Claimed Marks 0.325ms
[2025-11-14T15:05:37.783+0100][gc,marking  ] GC(6) Concurrent Cleanup for Next Mark
[2025-11-14T15:05:37.788+0100][gc,marking  ] GC(6) Concurrent Cleanup for Next Mark 4.296ms
[2025-11-14T15:05:37.789+0100][gc          ] GC(6) Concurrent Mark Cycle 102.056ms
[2025-11-14T15:06:39.718+0100][gc,start    ] GC(7) Pause Young (Prepare Mixed) (G1 Evacuation Pause)
[2025-11-14T15:06:39.719+0100][gc,task     ] GC(7) Using 8 workers of 8 for evacuation
[2025-11-14T15:06:39.727+0100][gc,phases   ] GC(7)   Pre Evacuate Collection Set: 0.5ms
[2025-11-14T15:06:39.728+0100][gc,phases   ] GC(7)   Merge Heap Roots: 0.2ms
[2025-11-14T15:06:39.728+0100][gc,phases   ] GC(7)   Evacuate Collection Set: 6.0ms
[2025-11-14T15:06:39.728+0100][gc,phases   ] GC(7)   Post Evacuate Collection Set: 1.6ms
[2025-11-14T15:06:39.728+0100][gc,phases   ] GC(7)   Other: 0.3ms
[2025-11-14T15:06:39.729+0100][gc,heap     ] GC(7) Eden regions: 47->0(44)
[2025-11-14T15:06:39.729+0100][gc,heap     ] GC(7) Survivor regions: 4->7(7)
[2025-11-14T15:06:39.729+0100][gc,heap     ] GC(7) Old regions: 14->14
[2025-11-14T15:06:39.730+0100][gc,heap     ] GC(7) Humongous regions: 147->147
[2025-11-14T15:06:39.730+0100][gc,metaspace] GC(7) Metaspace: 42680K(43200K)->42680K(43200K) NonClass: 37512K(37824K)->37512K(37824K) Class: 5167K(5376K)->5167K(5376K)
[2025-11-14T15:06:39.730+0100][gc          ] GC(7) Pause Young (Prepare Mixed) (G1 Evacuation Pause) 211M->167M(1024M) 11.742ms
[2025-11-14T15:06:39.730+0100][gc,cpu      ] GC(7) User=0.04s Sys=0.01s Real=0.01s
[2025-11-14T15:10:48.627+0100][gc,start    ] GC(8) Pause Young (Mixed) (G1 Evacuation Pause)
[2025-11-14T15:10:48.628+0100][gc,task     ] GC(8) Using 8 workers of 8 for evacuation
[2025-11-14T15:10:48.706+0100][gc,mmu      ] GC(8) MMU target violated: 21.0ms (20.0ms/21.0ms)
[2025-11-14T15:10:48.707+0100][gc,phases   ] GC(8)   Pre Evacuate Collection Set: 18.9ms
[2025-11-14T15:10:48.708+0100][gc,phases   ] GC(8)   Merge Heap Roots: 0.8ms
[2025-11-14T15:10:48.708+0100][gc,phases   ] GC(8)   Evacuate Collection Set: 52.9ms
[2025-11-14T15:10:48.709+0100][gc,phases   ] GC(8)   Post Evacuate Collection Set: 4.4ms
[2025-11-14T15:10:48.710+0100][gc,phases   ] GC(8)   Other: 2.5ms
[2025-11-14T15:10:48.711+0100][gc,heap     ] GC(8) Eden regions: 44->0(45)
[2025-11-14T15:10:48.713+0100][gc,heap     ] GC(8) Survivor regions: 7->6(7)
[2025-11-14T15:10:48.714+0100][gc,heap     ] GC(8) Old regions: 14->17
[2025-11-14T15:10:48.714+0100][gc,heap     ] GC(8) Humongous regions: 147->147
[2025-11-14T15:10:48.714+0100][gc,metaspace] GC(8) Metaspace: 45113K(45760K)->45113K(45760K) NonClass: 39776K(40128K)->39776K(40128K) Class: 5336K(5632K)->5336K(5632K)
[2025-11-14T15:10:48.715+0100][gc          ] GC(8) Pause Young (Mixed) (G1 Evacuation Pause) 211M->169M(1024M) 88.262ms
[2025-11-14T15:10:48.715+0100][gc,cpu      ] GC(8) User=0.50s Sys=0.03s Real=0.09s
[2025-11-14T15:15:36.024+0100][gc,start    ] GC(9) Pause Young (Normal) (G1 Evacuation Pause)
[2025-11-14T15:15:36.024+0100][gc,task     ] GC(9) Using 8 workers of 8 for evacuation
[2025-11-14T15:15:36.052+0100][gc,mmu      ] GC(9) MMU target violated: 21.0ms (20.0ms/21.0ms)
[2025-11-14T15:15:36.053+0100][gc,phases   ] GC(9)   Pre Evacuate Collection Set: 1.2ms
[2025-11-14T15:15:36.053+0100][gc,phases   ] GC(9)   Merge Heap Roots: 0.5ms
[2025-11-14T15:15:36.054+0100][gc,phases   ] GC(9)   Evacuate Collection Set: 24.0ms
[2025-11-14T15:15:36.054+0100][gc,phases   ] GC(9)   Post Evacuate Collection Set: 1.8ms
[2025-11-14T15:15:36.055+0100][gc,phases   ] GC(9)   Other: 1.2ms
[2025-11-14T15:15:36.055+0100][gc,heap     ] GC(9) Eden regions: 45->0(48)
[2025-11-14T15:15:36.055+0100][gc,heap     ] GC(9) Survivor regions: 6->3(7)
[2025-11-14T15:15:36.056+0100][gc,heap     ] GC(9) Old regions: 17->20
[2025-11-14T15:15:36.056+0100][gc,heap     ] GC(9) Humongous regions: 147->147
[2025-11-14T15:15:36.056+0100][gc,metaspace] GC(9) Metaspace: 45460K(46080K)->45460K(46080K) NonClass: 40094K(40448K)->40094K(40448K) Class: 5365K(5632K)->5365K(5632K)
[2025-11-14T15:15:36.057+0100][gc          ] GC(9) Pause Young (Normal) (G1 Evacuation Pause) 214M->169M(1024M) 33.811ms
[2025-11-14T15:15:36.058+0100][gc,cpu      ] GC(9) User=0.14s Sys=0.03s Real=0.03s
[2025-11-14T15:21:05.367+0100][gc,start    ] GC(10) Pause Young (Normal) (G1 Evacuation Pause)
[2025-11-14T15:21:05.368+0100][gc,task     ] GC(10) Using 8 workers of 8 for evacuation
[2025-11-14T15:21:05.377+0100][gc,phases   ] GC(10)   Pre Evacuate Collection Set: 0.4ms
[2025-11-14T15:21:05.378+0100][gc,phases   ] GC(10)   Merge Heap Roots: 0.2ms
[2025-11-14T15:21:05.378+0100][gc,phases   ] GC(10)   Evacuate Collection Set: 7.5ms
[2025-11-14T15:21:05.378+0100][gc,phases   ] GC(10)   Post Evacuate Collection Set: 0.7ms
[2025-11-14T15:21:05.379+0100][gc,phases   ] GC(10)   Other: 0.4ms
[2025-11-14T15:21:05.379+0100][gc,heap     ] GC(10) Eden regions: 48->0(47)
[2025-11-14T15:21:05.379+0100][gc,heap     ] GC(10) Survivor regions: 3->4(7)
[2025-11-14T15:21:05.380+0100][gc,heap     ] GC(10) Old regions: 20->20
[2025-11-14T15:21:05.380+0100][gc,heap     ] GC(10) Humongous regions: 147->147
[2025-11-14T15:21:05.380+0100][gc,metaspace] GC(10) Metaspace: 45645K(46336K)->45645K(46336K) NonClass: 40256K(40640K)->40256K(40640K) Class: 5388K(5696K)->5388K(5696K)
[2025-11-14T15:21:05.380+0100][gc          ] GC(10) Pause Young (Normal) (G1 Evacuation Pause) 217M->170M(1024M) 12.867ms
[2025-11-14T15:21:05.381+0100][gc,cpu      ] GC(10) User=0.05s Sys=0.01s Real=0.02s
[2025-11-14T15:26:47.802+0100][gc,start    ] GC(11) Pause Young (Normal) (G1 Evacuation Pause)
[2025-11-14T15:26:47.804+0100][gc,task     ] GC(11) Using 8 workers of 8 for evacuation
[2025-11-14T15:26:47.827+0100][gc,mmu      ] GC(11) MMU target violated: 21.0ms (20.0ms/21.0ms)
[2025-11-14T15:26:47.827+0100][gc,phases   ] GC(11)   Pre Evacuate Collection Set: 0.7ms
[2025-11-14T15:26:47.828+0100][gc,phases   ] GC(11)   Merge Heap Roots: 0.1ms
[2025-11-14T15:26:47.828+0100][gc,phases   ] GC(11)   Evacuate Collection Set: 19.5ms
[2025-11-14T15:26:47.828+0100][gc,phases   ] GC(11)   Post Evacuate Collection Set: 2.2ms
[2025-11-14T15:26:47.829+0100][gc,phases   ] GC(11)   Other: 1.0ms
[2025-11-14T15:26:47.829+0100][gc,heap     ] GC(11) Eden regions: 47->0(46)
[2025-11-14T15:26:47.829+0100][gc,heap     ] GC(11) Survivor regions: 4->5(7)
[2025-11-14T15:26:47.829+0100][gc,heap     ] GC(11) Old regions: 20->20
[2025-11-14T15:26:47.830+0100][gc,heap     ] GC(11) Humongous regions: 147->147
[2025-11-14T15:26:47.830+0100][gc,metaspace] GC(11) Metaspace: 45732K(46400K)->45732K(46400K) NonClass: 40343K(40704K)->40343K(40704K) Class: 5389K(5696K)->5389K(5696K)
[2025-11-14T15:26:47.830+0100][gc          ] GC(11) Pause Young (Normal) (G1 Evacuation Pause) 217M->171M(1024M) 28.396ms
[2025-11-14T15:26:47.830+0100][gc,cpu      ] GC(11) User=0.13s Sys=0.00s Real=0.03s
[2025-11-14T15:30:16.098+0100][gc,heap,exit] Heap
[2025-11-14T15:30:16.098+0100][gc,heap,exit]  garbage-first heap   total 1048576K, used 219867K [0x00000000c0000000, 0x0000000100000000)
[2025-11-14T15:30:16.099+0100][gc,heap,exit]   region size 1024K, 49 young (50176K), 5 survivors (5120K)
[2025-11-14T15:30:16.099+0100][gc,heap,exit]  Metaspace       used 47073K, committed 47680K, reserved 1114112K
[2025-11-14T15:30:16.099+0100][gc,heap,exit]   class space    used 5664K, committed 5952K, reserved 1048576K
