[2025-11-14T21:50:41.106+0100][gc,init] CardTable entry size: 512
[2025-11-14T21:50:41.111+0100][gc     ] Using G1
[2025-11-14T21:50:41.123+0100][gc,init] Version: 21.0.1+12-LTS-29 (release)
[2025-11-14T21:50:41.124+0100][gc,init] CPUs: 8 total, 8 available
[2025-11-14T21:50:41.125+0100][gc,init] Memory: 3842M
[2025-11-14T21:50:41.125+0100][gc,init] Large Page Support: Disabled
[2025-11-14T21:50:41.125+0100][gc,init] NUMA Support: Disabled
[2025-11-14T21:50:41.126+0100][gc,init] Compressed Oops: Enabled (32-bit)
[2025-11-14T21:50:41.126+0100][gc,init] Heap Region Size: 1M
[2025-11-14T21:50:41.126+0100][gc,init] Heap Min Capacity: 1G
[2025-11-14T21:50:41.127+0100][gc,init] Heap Initial Capacity: 1G
[2025-11-14T21:50:41.127+0100][gc,init] Heap Max Capacity: 1G
[2025-11-14T21:50:41.127+0100][gc,init] Pre-touch: Disabled
[2025-11-14T21:50:41.127+0100][gc,init] Parallel Workers: 8
[2025-11-14T21:50:41.128+0100][gc,init] Concurrent Workers: 2
[2025-11-14T21:50:41.128+0100][gc,init] Concurrent Refinement Workers: 8
[2025-11-14T21:50:41.128+0100][gc,init] Periodic GC: Disabled
[2025-11-14T21:50:41.204+0100][gc,metaspace] CDS archive(s) mapped at: [0x000077cb0f000000-0x000077cb0fcab000-0x000077cb0fcab000), size 13283328, SharedBaseAddress: 0x000077cb0f000000, ArchiveRelocationMode: 1.
[2025-11-14T21:50:41.205+0100][gc,metaspace] Compressed class space mapped at: 0x000077cb10000000-0x000077cb50000000, reserved size: 1073741824
[2025-11-14T21:50:41.205+0100][gc,metaspace] Narrow klass base: 0x000077cb0f000000, Narrow klass shift: 0, Narrow klass range: 0x100000000
[2025-11-14T21:50:45.283+0100][gc,start    ] GC(0) Pause Young (Normal) (G1 Evacuation Pause)
[2025-11-14T21:50:45.286+0100][gc,task     ] GC(0) Using 8 workers of 8 for evacuation
[2025-11-14T21:50:45.302+0100][gc,phases   ] GC(0)   Pre Evacuate Collection Set: 0.3ms
[2025-11-14T21:50:45.303+0100][gc,phases   ] GC(0)   Merge Heap Roots: 0.6ms
[2025-11-14T21:50:45.303+0100][gc,phases   ] GC(0)   Evacuate Collection Set: 12.5ms
[2025-11-14T21:50:45.303+0100][gc,phases   ] GC(0)   Post Evacuate Collection Set: 2.4ms
[2025-11-14T21:50:45.304+0100][gc,phases   ] GC(0)   Other: 3.0ms
[2025-11-14T21:50:45.304+0100][gc,heap     ] GC(0) Eden regions: 51->0(44)
[2025-11-14T21:50:45.304+0100][gc,heap     ] GC(0) Survivor regions: 0->7(7)
[2025-11-14T21:50:45.304+0100][gc,heap     ] GC(0) Old regions: 2->4
[2025-11-14T21:50:45.305+0100][gc,heap     ] GC(0) Humongous regions: 0->0
[2025-11-14T21:50:45.305+0100][gc,metaspace] GC(0) Metaspace: 18012K(18240K)->18012K(18240K) NonClass: 15899K(16064K)->15899K(16064K) Class: 2112K(2176K)->2112K(2176K)
[2025-11-14T21:50:45.305+0100][gc          ] GC(0) Pause Young (Normal) (G1 Evacuation Pause) 52M->9M(1024M) 22.340ms
[2025-11-14T21:50:45.305+0100][gc,cpu      ] GC(0) User=0.05s Sys=0.03s Real=0.03s
[2025-11-14T21:50:45.719+0100][gc,start    ] GC(1) Pause Young (Concurrent Start) (Metadata GC Threshold)
[2025-11-14T21:50:45.720+0100][gc,task     ] GC(1) Using 8 workers of 8 for evacuation
[2025-11-14T21:50:45.730+0100][gc,phases   ] GC(1)   Pre Evacuate Collection Set: 0.6ms
[2025-11-14T21:50:45.731+0100][gc,phases   ] GC(1)   Merge Heap Roots: 0.2ms
[2025-11-14T21:50:45.731+0100][gc,phases   ] GC(1)   Evacuate Collection Set: 8.5ms
[2025-11-14T21:50:45.732+0100][gc,phases   ] GC(1)   Post Evacuate Collection Set: 0.9ms
[2025-11-14T21:50:45.732+0100][gc,phases   ] GC(1)   Other: 0.5ms
[2025-11-14T21:50:45.732+0100][gc,heap     ] GC(1) Eden regions: 11->0(49)
[2025-11-14T21:50:45.733+0100][gc,heap     ] GC(1) Survivor regions: 7->2(7)
[2025-11-14T21:50:45.733+0100][gc,heap     ] GC(1) Old regions: 4->11
[2025-11-14T21:50:45.734+0100][gc,heap     ] GC(1) Humongous regions: 0->0
[2025-11-14T21:50:45.734+0100][gc,metaspace] GC(1) Metaspace: 21292K(21504K)->21292K(21504K) NonClass: 18923K(19008K)->18923K(19008K) Class: 2369K(2496K)->2369K(2496K)
[2025-11-14T21:50:45.735+0100][gc          ] GC(1) Pause Young (Concurrent Start) (Metadata GC Threshold) 20M->10M(1024M) 15.266ms
[2025-11-14T21:50:45.735+0100][gc,cpu      ] GC(1) User=0.03s Sys=0.03s Real=0.01s
[2025-11-14T21:50:45.735+0100][gc          ] GC(2) Concurrent Mark Cycle
[2025-11-14T21:50:45.736+0100][gc,marking  ] GC(2) Concurrent Scan Root Regions
[2025-11-14T21:50:45.740+0100][gc,marking  ] GC(2) Concurrent Scan Root Regions 4.020ms
[2025-11-14T21:50:45.741+0100][gc,marking  ] GC(2) Concurrent Mark
[2025-11-14T21:50:45.741+0100][gc,marking  ] GC(2) Concurrent Mark From Roots
[2025-11-14T21:50:45.741+0100][gc,task     ] GC(2) Using 2 workers of 2 for marking
[2025-11-14T21:50:45.746+0100][gc,marking  ] GC(2) Concurrent Mark From Roots 5.546ms
[2025-11-14T21:50:45.747+0100][gc,marking  ] GC(2) Concurrent Preclean
[2025-11-14T21:50:45.748+0100][gc,marking  ] GC(2) Concurrent Preclean 0.349ms
[2025-11-14T21:50:45.748+0100][gc,start    ] GC(2) Pause Remark
[2025-11-14T21:50:45.751+0100][gc          ] GC(2) Pause Remark 11M->11M(1024M) 2.900ms
[2025-11-14T21:50:45.751+0100][gc,cpu      ] GC(2) User=0.01s Sys=0.00s Real=0.00s
[2025-11-14T21:50:45.752+0100][gc,marking  ] GC(2) Concurrent Mark 11.190ms
[2025-11-14T21:50:45.752+0100][gc,marking  ] GC(2) Concurrent Rebuild Remembered Sets and Scrub Regions
[2025-11-14T21:50:45.755+0100][gc,marking  ] GC(2) Concurrent Rebuild Remembered Sets and Scrub Regions 2.824ms
[2025-11-14T21:50:45.756+0100][gc,start    ] GC(2) Pause Cleanup
[2025-11-14T21:50:45.756+0100][gc          ] GC(2) Pause Cleanup 11M->11M(1024M) 0.853ms
[2025-11-14T21:50:45.757+0100][gc,cpu      ] GC(2) User=0.00s Sys=0.00s Real=0.01s
[2025-11-14T21:50:45.757+0100][gc,marking  ] GC(2) Concurrent Clear Claimed Marks
[2025-11-14T21:50:45.757+0100][gc,marking  ] GC(2) Concurrent Clear Claimed Marks 0.350ms
[2025-11-14T21:50:45.758+0100][gc,marking  ] GC(2) Concurrent Cleanup for Next Mark
[2025-11-14T21:50:45.782+0100][gc,marking  ] GC(2) Concurrent Cleanup for Next Mark 24.601ms
[2025-11-14T21:50:45.783+0100][gc          ] GC(2) Concurrent Mark Cycle 47.639ms
[2025-11-14T21:50:47.469+0100][gc,start    ] GC(3) Pause Young (Prepare Mixed) (G1 Evacuation Pause)
[2025-11-14T21:50:47.469+0100][gc,task     ] GC(3) Using 8 workers of 8 for evacuation
[2025-11-14T21:50:47.474+0100][gc,phases   ] GC(3)   Pre Evacuate Collection Set: 0.3ms
[2025-11-14T21:50:47.474+0100][gc,phases   ] GC(3)   Merge Heap Roots: 0.4ms
[2025-11-14T21:50:47.475+0100][gc,phases   ] GC(3)   Evacuate Collection Set: 2.4ms
[2025-11-14T21:50:47.475+0100][gc,phases   ] GC(3)   Post Evacuate Collection Set: 1.2ms
[2025-11-14T21:50:47.475+0100][gc,phases   ] GC(3)   Other: 0.3ms
[2025-11-14T21:50:47.476+0100][gc,heap     ] GC(3) Eden regions: 49->0(47)
[2025-11-14T21:50:47.476+0100][gc,heap     ] GC(3) Survivor regions: 2->4(7)
[2025-11-14T21:50:47.476+0100][gc,heap     ] GC(3) Old regions: 11->11
[2025-11-14T21:50:47.476+0100][gc,heap     ] GC(3) Humongous regions: 1->1
[2025-11-14T21:50:47.477+0100][gc,metaspace] GC(3) Metaspace: 29970K(30208K)->29970K(30208K) NonClass: 26424K(26560K)->26424K(26560K) Class: 3546K(3648K)->3546K(3648K)
[2025-11-14T21:50:47.477+0100][gc          ] GC(3) Pause Young (Prepare Mixed) (G1 Evacuation Pause) 60M->13M(1024M) 7.748ms
[2025-11-14T21:50:47.477+0100][gc,cpu      ] GC(3) User=0.02s Sys=0.00s Real=0.01s
[2025-11-14T21:50:48.657+0100][gc,start    ] GC(4) Pause Young (Mixed) (Metadata GC Threshold)
[2025-11-14T21:50:48.658+0100][gc,task     ] GC(4) Using 8 workers of 8 for evacuation
[2025-11-14T21:50:48.665+0100][gc,phases   ] GC(4)   Pre Evacuate Collection Set: 0.4ms
[2025-11-14T21:50:48.665+0100][gc,phases   ] GC(4)   Merge Heap Roots: 0.2ms
[2025-11-14T21:50:48.666+0100][gc,phases   ] GC(4)   Evacuate Collection Set: 5.5ms
[2025-11-14T21:50:48.666+0100][gc,phases   ] GC(4)   Post Evacuate Collection Set: 0.9ms
[2025-11-14T21:50:48.666+0100][gc,phases   ] GC(4)   Other: 0.3ms
[2025-11-14T21:50:48.666+0100][gc,heap     ] GC(4) Eden regions: 45->0(44)
[2025-11-14T21:50:48.667+0100][gc,heap     ] GC(4) Survivor regions: 4->7(7)
[2025-11-14T21:50:48.667+0100][gc,heap     ] GC(4) Old regions: 11->10
[2025-11-14T21:50:48.667+0100][gc,heap     ] GC(4) Humongous regions: 12->10
[2025-11-14T21:50:48.667+0100][gc,metaspace] GC(4) Metaspace: 35809K(36160K)->35809K(36160K) NonClass: 31583K(31808K)->31583K(31808K) Class: 4225K(4352K)->4225K(4352K)
[2025-11-14T21:50:48.668+0100][gc          ] GC(4) Pause Young (Mixed) (Metadata GC Threshold) 69M->26M(1024M) 10.240ms
[2025-11-14T21:50:48.668+0100][gc,cpu      ] GC(4) User=0.06s Sys=0.00s Real=0.01s
[2025-11-14T21:50:48.714+0100][gc,start    ] GC(5) Pause Young (Concurrent Start) (Metadata GC Threshold)
[2025-11-14T21:50:48.714+0100][gc,task     ] GC(5) Using 8 workers of 8 for evacuation
[2025-11-14T21:50:48.722+0100][gc,phases   ] GC(5)   Pre Evacuate Collection Set: 0.4ms
[2025-11-14T21:50:48.722+0100][gc,phases   ] GC(5)   Merge Heap Roots: 0.1ms
[2025-11-14T21:50:48.722+0100][gc,phases   ] GC(5)   Evacuate Collection Set: 6.2ms
[2025-11-14T21:50:48.722+0100][gc,phases   ] GC(5)   Post Evacuate Collection Set: 0.7ms
[2025-11-14T21:50:48.723+0100][gc,phases   ] GC(5)   Other: 0.3ms
[2025-11-14T21:50:48.723+0100][gc,heap     ] GC(5) Eden regions: 3->0(47)
[2025-11-14T21:50:48.723+0100][gc,heap     ] GC(5) Survivor regions: 7->4(7)
[2025-11-14T21:50:48.723+0100][gc,heap     ] GC(5) Old regions: 10->13
[2025-11-14T21:50:48.724+0100][gc,heap     ] GC(5) Humongous regions: 10->10
[2025-11-14T21:50:48.724+0100][gc,metaspace] GC(5) Metaspace: 36110K(36480K)->36110K(36480K) NonClass: 31841K(32064K)->31841K(32064K) Class: 4268K(4416K)->4268K(4416K)
[2025-11-14T21:50:48.724+0100][gc          ] GC(5) Pause Young (Concurrent Start) (Metadata GC Threshold) 28M->26M(1024M) 10.507ms
[2025-11-14T21:50:48.725+0100][gc          ] GC(6) Concurrent Mark Cycle
[2025-11-14T21:50:48.725+0100][gc,cpu      ] GC(5) User=0.04s Sys=0.01s Real=0.02s
[2025-11-14T21:50:48.725+0100][gc,marking  ] GC(6) Concurrent Scan Root Regions
[2025-11-14T21:50:48.730+0100][gc,marking  ] GC(6) Concurrent Scan Root Regions 5.014ms
[2025-11-14T21:50:48.731+0100][gc,marking  ] GC(6) Concurrent Mark
[2025-11-14T21:50:48.732+0100][gc,marking  ] GC(6) Concurrent Mark From Roots
[2025-11-14T21:50:48.733+0100][gc,task     ] GC(6) Using 2 workers of 2 for marking
[2025-11-14T21:50:48.743+0100][gc,marking  ] GC(6) Concurrent Mark From Roots 10.617ms
[2025-11-14T21:50:48.743+0100][gc,marking  ] GC(6) Concurrent Preclean
[2025-11-14T21:50:48.744+0100][gc,marking  ] GC(6) Concurrent Preclean 0.407ms
[2025-11-14T21:50:48.788+0100][gc,start    ] GC(6) Pause Remark
[2025-11-14T21:50:48.792+0100][gc          ] GC(6) Pause Remark 36M->36M(1024M) 3.282ms
[2025-11-14T21:50:48.792+0100][gc,cpu      ] GC(6) User=0.02s Sys=0.00s Real=0.00s
[2025-11-14T21:50:48.792+0100][gc,marking  ] GC(6) Concurrent Mark 61.826ms
[2025-11-14T21:50:48.793+0100][gc,marking  ] GC(6) Concurrent Rebuild Remembered Sets and Scrub Regions
[2025-11-14T21:50:48.798+0100][gc,marking  ] GC(6) Concurrent Rebuild Remembered Sets and Scrub Regions 5.169ms
[2025-11-14T21:50:48.799+0100][gc,start    ] GC(6) Pause Cleanup
[2025-11-14T21:50:48.800+0100][gc          ] GC(6) Pause Cleanup 37M->37M(1024M) 0.576ms
[2025-11-14T21:50:48.800+0100][gc,cpu      ] GC(6) User=0.01s Sys=0.00s Real=0.00s
[2025-11-14T21:50:48.800+0100][gc,marking  ] GC(6) Concurrent Clear Claimed Marks
[2025-11-14T21:50:48.801+0100][gc,marking  ] GC(6) Concurrent Clear Claimed Marks 0.302ms
[2025-11-14T21:50:48.802+0100][gc,marking  ] GC(6) Concurrent Cleanup for Next Mark
[2025-11-14T21:50:48.806+0100][gc,marking  ] GC(6) Concurrent Cleanup for Next Mark 3.850ms
[2025-11-14T21:50:48.806+0100][gc          ] GC(6) Concurrent Mark Cycle 81.788ms
[2025-11-14T21:50:59.451+0100][gc,start    ] GC(7) Pause Young (Prepare Mixed) (G1 Evacuation Pause)
[2025-11-14T21:50:59.452+0100][gc,task     ] GC(7) Using 8 workers of 8 for evacuation
[2025-11-14T21:50:59.482+0100][gc,mmu      ] GC(7) MMU target violated: 21.0ms (20.0ms/21.0ms)
[2025-11-14T21:50:59.483+0100][gc,phases   ] GC(7)   Pre Evacuate Collection Set: 1.1ms
[2025-11-14T21:50:59.483+0100][gc,phases   ] GC(7)   Merge Heap Roots: 0.5ms
[2025-11-14T21:50:59.484+0100][gc,phases   ] GC(7)   Evacuate Collection Set: 24.6ms
[2025-11-14T21:50:59.485+0100][gc,phases   ] GC(7)   Post Evacuate Collection Set: 3.2ms
[2025-11-14T21:50:59.485+0100][gc,phases   ] GC(7)   Other: 1.8ms
[2025-11-14T21:50:59.486+0100][gc,heap     ] GC(7) Eden regions: 47->0(46)
[2025-11-14T21:50:59.486+0100][gc,heap     ] GC(7) Survivor regions: 4->5(7)
[2025-11-14T21:50:59.487+0100][gc,heap     ] GC(7) Old regions: 13->16
[2025-11-14T21:50:59.487+0100][gc,heap     ] GC(7) Humongous regions: 160->148
[2025-11-14T21:50:59.488+0100][gc,metaspace] GC(7) Metaspace: 43270K(43904K)->43270K(43904K) NonClass: 38056K(38400K)->38056K(38400K) Class: 5214K(5504K)->5214K(5504K)
[2025-11-14T21:50:59.488+0100][gc          ] GC(7) Pause Young (Prepare Mixed) (G1 Evacuation Pause) 223M->168M(1024M) 37.503ms
[2025-11-14T21:50:59.489+0100][gc,cpu      ] GC(7) User=0.13s Sys=0.06s Real=0.04s
[2025-11-14T21:54:35.063+0100][gc,start    ] GC(8) Pause Young (Mixed) (G1 Evacuation Pause)
[2025-11-14T21:54:35.064+0100][gc,task     ] GC(8) Using 8 workers of 8 for evacuation
[2025-11-14T21:54:35.086+0100][gc,mmu      ] GC(8) MMU target violated: 21.0ms (20.0ms/21.0ms)
[2025-11-14T21:54:35.086+0100][gc,phases   ] GC(8)   Pre Evacuate Collection Set: 3.2ms
[2025-11-14T21:54:35.086+0100][gc,phases   ] GC(8)   Merge Heap Roots: 0.3ms
[2025-11-14T21:54:35.087+0100][gc,phases   ] GC(8)   Evacuate Collection Set: 16.4ms
[2025-11-14T21:54:35.087+0100][gc,phases   ] GC(8)   Post Evacuate Collection Set: 1.5ms
[2025-11-14T21:54:35.087+0100][gc,phases   ] GC(8)   Other: 0.9ms
[2025-11-14T21:54:35.087+0100][gc,heap     ] GC(8) Eden regions: 46->0(48)
[2025-11-14T21:54:35.088+0100][gc,heap     ] GC(8) Survivor regions: 5->3(7)
[2025-11-14T21:54:35.088+0100][gc,heap     ] GC(8) Old regions: 16->21
[2025-11-14T21:54:35.088+0100][gc,heap     ] GC(8) Humongous regions: 148->148
[2025-11-14T21:54:35.088+0100][gc,metaspace] GC(8) Metaspace: 46373K(47040K)->46373K(47040K) NonClass: 40794K(41152K)->40794K(41152K) Class: 5578K(5888K)->5578K(5888K)
[2025-11-14T21:54:35.089+0100][gc          ] GC(8) Pause Young (Mixed) (G1 Evacuation Pause) 214M->170M(1024M) 25.277ms
[2025-11-14T21:54:35.089+0100][gc,cpu      ] GC(8) User=0.11s Sys=0.01s Real=0.03s
[2025-11-14T21:58:54.727+0100][gc,start    ] GC(9) Pause Young (Normal) (G1 Evacuation Pause)
[2025-11-14T21:58:54.729+0100][gc,task     ] GC(9) Using 8 workers of 8 for evacuation
[2025-11-14T21:58:54.767+0100][gc,mmu      ] GC(9) MMU target violated: 21.0ms (20.0ms/21.0ms)
[2025-11-14T21:58:54.767+0100][gc,phases   ] GC(9)   Pre Evacuate Collection Set: 0.6ms
[2025-11-14T21:58:54.768+0100][gc,phases   ] GC(9)   Merge Heap Roots: 0.2ms
[2025-11-14T21:58:54.769+0100][gc,phases   ] GC(9)   Evacuate Collection Set: 32.3ms
[2025-11-14T21:58:54.769+0100][gc,phases   ] GC(9)   Post Evacuate Collection Set: 3.9ms
[2025-11-14T21:58:54.769+0100][gc,phases   ] GC(9)   Other: 1.6ms
[2025-11-14T21:58:54.770+0100][gc,heap     ] GC(9) Eden regions: 48->0(45)
[2025-11-14T21:58:54.770+0100][gc,heap     ] GC(9) Survivor regions: 3->6(7)
[2025-11-14T21:58:54.770+0100][gc,heap     ] GC(9) Old regions: 21->21
[2025-11-14T21:58:54.771+0100][gc,heap     ] GC(9) Humongous regions: 148->148
[2025-11-14T21:58:54.771+0100][gc,metaspace] GC(9) Metaspace: 46697K(47360K)->46697K(47360K) NonClass: 41095K(41472K)->41095K(41472K) Class: 5602K(5888K)->5602K(5888K)
[2025-11-14T21:58:54.771+0100][gc          ] GC(9) Pause Young (Normal) (G1 Evacuation Pause) 218M->173M(1024M) 44.565ms
[2025-11-14T21:58:54.772+0100][gc,cpu      ] GC(9) User=0.24s Sys=0.00s Real=0.05s
[2025-11-14T22:03:14.143+0100][gc,start    ] GC(10) Pause Young (Normal) (G1 Evacuation Pause)
[2025-11-14T22:03:14.144+0100][gc,task     ] GC(10) Using 8 workers of 8 for evacuation
[2025-11-14T22:03:14.184+0100][gc,mmu      ] GC(10) MMU target violated: 21.0ms (20.0ms/21.0ms)
[2025-11-14T22:03:14.184+0100][gc,phases   ] GC(10)   Pre Evacuate Collection Set: 6.0ms
[2025-11-14T22:03:14.185+0100][gc,phases   ] GC(10)   Merge Heap Roots: 0.4ms
[2025-11-14T22:03:14.185+0100][gc,phases   ] GC(10)   Evacuate Collection Set: 30.7ms
[2025-11-14T22:03:14.185+0100][gc,phases   ] GC(10)   Post Evacuate Collection Set: 2.0ms
[2025-11-14T22:03:14.186+0100][gc,phases   ] GC(10)   Other: 1.6ms
[2025-11-14T22:03:14.187+0100][gc,heap     ] GC(10) Eden regions: 45->0(44)
[2025-11-14T22:03:14.187+0100][gc,heap     ] GC(10) Survivor regions: 6->7(7)
[2025-11-14T22:03:14.187+0100][gc,heap     ] GC(10) Old regions: 21->23
[2025-11-14T22:03:14.188+0100][gc,heap     ] GC(10) Humongous regions: 148->148
[2025-11-14T22:03:14.188+0100][gc,metaspace] GC(10) Metaspace: 46856K(47552K)->46856K(47552K) NonClass: 41231K(41600K)->41231K(41600K) Class: 5625K(5952K)->5625K(5952K)
[2025-11-14T22:03:14.188+0100][gc          ] GC(10) Pause Young (Normal) (G1 Evacuation Pause) 218M->176M(1024M) 45.289ms
[2025-11-14T22:03:14.189+0100][gc,cpu      ] GC(10) User=0.28s Sys=0.00s Real=0.05s
[2025-11-14T22:07:52.627+0100][gc,start    ] GC(11) Pause Young (Normal) (G1 Evacuation Pause)
[2025-11-14T22:07:52.628+0100][gc,task     ] GC(11) Using 8 workers of 8 for evacuation
[2025-11-14T22:07:52.645+0100][gc,phases   ] GC(11)   Pre Evacuate Collection Set: 0.5ms
[2025-11-14T22:07:52.646+0100][gc,phases   ] GC(11)   Merge Heap Roots: 0.2ms
[2025-11-14T22:07:52.646+0100][gc,phases   ] GC(11)   Evacuate Collection Set: 15.5ms
[2025-11-14T22:07:52.646+0100][gc,phases   ] GC(11)   Post Evacuate Collection Set: 0.9ms
[2025-11-14T22:07:52.646+0100][gc,phases   ] GC(11)   Other: 0.4ms
[2025-11-14T22:07:52.647+0100][gc,heap     ] GC(11) Eden regions: 44->0(44)
[2025-11-14T22:07:52.647+0100][gc,heap     ] GC(11) Survivor regions: 7->7(7)
[2025-11-14T22:07:52.647+0100][gc,heap     ] GC(11) Old regions: 23->26
[2025-11-14T22:07:52.647+0100][gc,heap     ] GC(11) Humongous regions: 148->148
[2025-11-14T22:07:52.648+0100][gc,metaspace] GC(11) Metaspace: 47021K(47744K)->47021K(47744K) NonClass: 41395K(41792K)->41395K(41792K) Class: 5625K(5952K)->5625K(5952K)
[2025-11-14T22:07:52.648+0100][gc          ] GC(11) Pause Young (Normal) (G1 Evacuation Pause) 220M->180M(1024M) 20.332ms
[2025-11-14T22:07:52.648+0100][gc,cpu      ] GC(11) User=0.11s Sys=0.01s Real=0.02s
[2025-11-14T22:14:05.906+0100][gc,start    ] GC(12) Pause Young (Normal) (G1 Evacuation Pause)
[2025-11-14T22:14:05.908+0100][gc,task     ] GC(12) Using 8 workers of 8 for evacuation
[2025-11-14T22:14:05.947+0100][gc,mmu      ] GC(12) MMU target violated: 21.0ms (20.0ms/21.0ms)
[2025-11-14T22:14:05.947+0100][gc,phases   ] GC(12)   Pre Evacuate Collection Set: 15.3ms
[2025-11-14T22:14:05.947+0100][gc,phases   ] GC(12)   Merge Heap Roots: 0.9ms
[2025-11-14T22:14:05.948+0100][gc,phases   ] GC(12)   Evacuate Collection Set: 19.8ms
[2025-11-14T22:14:05.948+0100][gc,phases   ] GC(12)   Post Evacuate Collection Set: 1.7ms
[2025-11-14T22:14:05.948+0100][gc,phases   ] GC(12)   Other: 2.2ms
[2025-11-14T22:14:05.948+0100][gc,heap     ] GC(12) Eden regions: 44->0(46)
[2025-11-14T22:14:05.949+0100][gc,heap     ] GC(12) Survivor regions: 7->5(7)
[2025-11-14T22:14:05.949+0100][gc,heap     ] GC(12) Old regions: 26->31
[2025-11-14T22:14:05.949+0100][gc,heap     ] GC(12) Humongous regions: 148->148
[2025-11-14T22:14:05.950+0100][gc,metaspace] GC(12) Metaspace: 47119K(47872K)->47119K(47872K) NonClass: 41490K(41920K)->41490K(41920K) Class: 5629K(5952K)->5629K(5952K)
[2025-11-14T22:14:05.950+0100][gc          ] GC(12) Pause Young (Normal) (G1 Evacuation Pause) 224M->183M(1024M) 43.944ms
[2025-11-14T22:14:05.950+0100][gc,cpu      ] GC(12) User=0.24s Sys=0.00s Real=0.05s
[2025-11-14T22:18:58.804+0100][gc,start    ] GC(13) Pause Young (Normal) (G1 Evacuation Pause)
[2025-11-14T22:18:58.806+0100][gc,task     ] GC(13) Using 8 workers of 8 for evacuation
[2025-11-14T22:18:58.874+0100][gc,mmu      ] GC(13) MMU target violated: 21.0ms (20.0ms/21.0ms)
[2025-11-14T22:18:58.875+0100][gc,phases   ] GC(13)   Pre Evacuate Collection Set: 14.9ms
[2025-11-14T22:18:58.875+0100][gc,phases   ] GC(13)   Merge Heap Roots: 3.1ms
[2025-11-14T22:18:58.875+0100][gc,phases   ] GC(13)   Evacuate Collection Set: 44.4ms
[2025-11-14T22:18:58.876+0100][gc,phases   ] GC(13)   Post Evacuate Collection Set: 4.0ms
[2025-11-14T22:18:58.876+0100][gc,phases   ] GC(13)   Other: 2.6ms
[2025-11-14T22:18:58.877+0100][gc,heap     ] GC(13) Eden regions: 46->0(44)
[2025-11-14T22:18:58.877+0100][gc,heap     ] GC(13) Survivor regions: 5->7(7)
[2025-11-14T22:18:58.877+0100][gc,heap     ] GC(13) Old regions: 31->31
[2025-11-14T22:18:58.877+0100][gc,heap     ] GC(13) Humongous regions: 148->148
[2025-11-14T22:18:58.878+0100][gc,metaspace] GC(13) Metaspace: 47129K(47872K)->47129K(47872K) NonClass: 41500K(41920K)->41500K(41920K) Class: 5629K(5952K)->5629K(5952K)
[2025-11-14T22:18:58.878+0100][gc          ] GC(13) Pause Young (Normal) (G1 Evacuation Pause) 229M->185M(1024M) 74.644ms
[2025-11-14T22:18:58.879+0100][gc,cpu      ] GC(13) User=0.43s Sys=0.02s Real=0.07s
[2025-11-14T22:24:04.766+0100][gc,start    ] GC(14) Pause Young (Normal) (G1 Evacuation Pause)
[2025-11-14T22:24:04.767+0100][gc,task     ] GC(14) Using 8 workers of 8 for evacuation
[2025-11-14T22:24:05.011+0100][gc,mmu      ] GC(14) MMU target violated: 21.0ms (20.0ms/21.0ms)
[2025-11-14T22:24:05.011+0100][gc,phases   ] GC(14)   Pre Evacuate Collection Set: 0.5ms
[2025-11-14T22:24:05.011+0100][gc,phases   ] GC(14)   Merge Heap Roots: 0.1ms
[2025-11-14T22:24:05.012+0100][gc,phases   ] GC(14)   Evacuate Collection Set: 241.6ms
[2025-11-14T22:24:05.012+0100][gc,phases   ] GC(14)   Post Evacuate Collection Set: 1.3ms
[2025-11-14T22:24:05.012+0100][gc,phases   ] GC(14)   Other: 0.9ms
[2025-11-14T22:24:05.013+0100][gc,heap     ] GC(14) Eden regions: 44->0(47)
[2025-11-14T22:24:05.013+0100][gc,heap     ] GC(14) Survivor regions: 7->4(7)
[2025-11-14T22:24:05.013+0100][gc,heap     ] GC(14) Old regions: 31->37
[2025-11-14T22:24:05.014+0100][gc,heap     ] GC(14) Humongous regions: 148->148
[2025-11-14T22:24:05.014+0100][gc,metaspace] GC(14) Metaspace: 47169K(47872K)->47169K(47872K) NonClass: 41540K(41920K)->41540K(41920K) Class: 5629K(5952K)->5629K(5952K)
[2025-11-14T22:24:05.014+0100][gc          ] GC(14) Pause Young (Normal) (G1 Evacuation Pause) 229M->188M(1024M) 247.522ms
[2025-11-14T22:24:05.014+0100][gc,cpu      ] GC(14) User=0.62s Sys=0.18s Real=0.25s
[2025-11-14T22:29:04.168+0100][gc,start    ] GC(15) Pause Young (Normal) (G1 Evacuation Pause)
[2025-11-14T22:29:04.171+0100][gc,task     ] GC(15) Using 8 workers of 8 for evacuation
[2025-11-14T22:29:04.213+0100][gc,mmu      ] GC(15) MMU target violated: 21.0ms (20.0ms/21.0ms)
[2025-11-14T22:29:04.214+0100][gc,phases   ] GC(15)   Pre Evacuate Collection Set: 8.2ms
[2025-11-14T22:29:04.214+0100][gc,phases   ] GC(15)   Merge Heap Roots: 1.0ms
[2025-11-14T22:29:04.214+0100][gc,phases   ] GC(15)   Evacuate Collection Set: 31.0ms
[2025-11-14T22:29:04.215+0100][gc,phases   ] GC(15)   Post Evacuate Collection Set: 1.8ms
[2025-11-14T22:29:04.215+0100][gc,phases   ] GC(15)   Other: 1.9ms
[2025-11-14T22:29:04.215+0100][gc,heap     ] GC(15) Eden regions: 47->0(44)
[2025-11-14T22:29:04.216+0100][gc,heap     ] GC(15) Survivor regions: 4->7(7)
[2025-11-14T22:29:04.216+0100][gc,heap     ] GC(15) Old regions: 37->38
[2025-11-14T22:29:04.216+0100][gc,heap     ] GC(15) Humongous regions: 148->148
[2025-11-14T22:29:04.216+0100][gc,metaspace] GC(15) Metaspace: 47190K(47872K)->47190K(47872K) NonClass: 41560K(41920K)->41560K(41920K) Class: 5629K(5952K)->5629K(5952K)
[2025-11-14T22:29:04.216+0100][gc          ] GC(15) Pause Young (Normal) (G1 Evacuation Pause) 235M->192M(1024M) 48.395ms
[2025-11-14T22:29:04.217+0100][gc,cpu      ] GC(15) User=0.29s Sys=0.00s Real=0.05s
[2025-11-14T22:33:45.801+0100][gc,start    ] GC(16) Pause Young (Normal) (G1 Evacuation Pause)
[2025-11-14T22:33:45.802+0100][gc,task     ] GC(16) Using 8 workers of 8 for evacuation
[2025-11-14T22:33:45.816+0100][gc,phases   ] GC(16)   Pre Evacuate Collection Set: 0.8ms
[2025-11-14T22:33:45.817+0100][gc,phases   ] GC(16)   Merge Heap Roots: 0.2ms
[2025-11-14T22:33:45.817+0100][gc,phases   ] GC(16)   Evacuate Collection Set: 11.9ms
[2025-11-14T22:33:45.817+0100][gc,phases   ] GC(16)   Post Evacuate Collection Set: 1.3ms
[2025-11-14T22:33:45.818+0100][gc,phases   ] GC(16)   Other: 0.6ms
[2025-11-14T22:33:45.818+0100][gc,heap     ] GC(16) Eden regions: 44->0(46)
[2025-11-14T22:33:45.818+0100][gc,heap     ] GC(16) Survivor regions: 7->5(7)
[2025-11-14T22:33:45.819+0100][gc,heap     ] GC(16) Old regions: 38->43
[2025-11-14T22:33:45.819+0100][gc,heap     ] GC(16) Humongous regions: 148->148
[2025-11-14T22:33:45.819+0100][gc,metaspace] GC(16) Metaspace: 47209K(47872K)->47209K(47872K) NonClass: 41579K(41920K)->41579K(41920K) Class: 5629K(5952K)->5629K(5952K)
[2025-11-14T22:33:45.819+0100][gc          ] GC(16) Pause Young (Normal) (G1 Evacuation Pause) 236M->195M(1024M) 18.047ms
[2025-11-14T22:33:45.820+0100][gc,cpu      ] GC(16) User=0.10s Sys=0.00s Real=0.02s
[2025-11-14T22:38:51.971+0100][gc,start    ] GC(17) Pause Young (Normal) (G1 Evacuation Pause)
[2025-11-14T22:38:51.973+0100][gc,task     ] GC(17) Using 8 workers of 8 for evacuation
[2025-11-14T22:38:52.003+0100][gc,mmu      ] GC(17) MMU target violated: 21.0ms (20.0ms/21.0ms)
[2025-11-14T22:38:52.004+0100][gc,phases   ] GC(17)   Pre Evacuate Collection Set: 10.7ms
[2025-11-14T22:38:52.004+0100][gc,phases   ] GC(17)   Merge Heap Roots: 0.7ms
[2025-11-14T22:38:52.004+0100][gc,phases   ] GC(17)   Evacuate Collection Set: 15.3ms
[2025-11-14T22:38:52.005+0100][gc,phases   ] GC(17)   Post Evacuate Collection Set: 2.2ms
[2025-11-14T22:38:52.005+0100][gc,phases   ] GC(17)   Other: 2.1ms
[2025-11-14T22:38:52.005+0100][gc,heap     ] GC(17) Eden regions: 46->0(47)
[2025-11-14T22:38:52.006+0100][gc,heap     ] GC(17) Survivor regions: 5->4(7)
[2025-11-14T22:38:52.006+0100][gc,heap     ] GC(17) Old regions: 43->47
[2025-11-14T22:38:52.006+0100][gc,heap     ] GC(17) Humongous regions: 148->148
[2025-11-14T22:38:52.007+0100][gc,metaspace] GC(17) Metaspace: 47219K(47936K)->47219K(47936K) NonClass: 41589K(41984K)->41589K(41984K) Class: 5630K(5952K)->5630K(5952K)
[2025-11-14T22:38:52.007+0100][gc          ] GC(17) Pause Young (Normal) (G1 Evacuation Pause) 241M->197M(1024M) 36.178ms
[2025-11-14T22:38:52.008+0100][gc,cpu      ] GC(17) User=0.17s Sys=0.01s Real=0.03s
[2025-11-14T22:46:10.485+0100][gc,start    ] GC(18) Pause Young (Normal) (G1 Evacuation Pause)
[2025-11-14T22:46:10.486+0100][gc,task     ] GC(18) Using 8 workers of 8 for evacuation
[2025-11-14T22:46:10.509+0100][gc,mmu      ] GC(18) MMU target violated: 21.0ms (20.0ms/21.0ms)
[2025-11-14T22:46:10.509+0100][gc,phases   ] GC(18)   Pre Evacuate Collection Set: 0.5ms
[2025-11-14T22:46:10.510+0100][gc,phases   ] GC(18)   Merge Heap Roots: 0.1ms
[2025-11-14T22:46:10.510+0100][gc,phases   ] GC(18)   Evacuate Collection Set: 20.8ms
[2025-11-14T22:46:10.510+0100][gc,phases   ] GC(18)   Post Evacuate Collection Set: 0.8ms
[2025-11-14T22:46:10.511+0100][gc,phases   ] GC(18)   Other: 0.8ms
[2025-11-14T22:46:10.511+0100][gc,heap     ] GC(18) Eden regions: 47->0(44)
[2025-11-14T22:46:10.511+0100][gc,heap     ] GC(18) Survivor regions: 4->7(7)
[2025-11-14T22:46:10.511+0100][gc,heap     ] GC(18) Old regions: 47->47
[2025-11-14T22:46:10.512+0100][gc,heap     ] GC(18) Humongous regions: 148->148
[2025-11-14T22:46:10.512+0100][gc,metaspace] GC(18) Metaspace: 47239K(47936K)->47239K(47936K) NonClass: 41608K(41984K)->41608K(41984K) Class: 5630K(5952K)->5630K(5952K)
[2025-11-14T22:46:10.512+0100][gc          ] GC(18) Pause Young (Normal) (G1 Evacuation Pause) 244M->200M(1024M) 26.696ms
[2025-11-14T22:46:10.512+0100][gc,cpu      ] GC(18) User=0.16s Sys=0.00s Real=0.03s
[2025-11-14T22:51:40.462+0100][gc,start    ] GC(19) Pause Young (Normal) (G1 Evacuation Pause)
[2025-11-14T22:51:40.466+0100][gc,task     ] GC(19) Using 8 workers of 8 for evacuation
[2025-11-14T22:51:40.531+0100][gc,mmu      ] GC(19) MMU target violated: 21.0ms (20.0ms/21.0ms)
[2025-11-14T22:51:40.532+0100][gc,phases   ] GC(19)   Pre Evacuate Collection Set: 21.6ms
[2025-11-14T22:51:40.532+0100][gc,phases   ] GC(19)   Merge Heap Roots: 2.3ms
[2025-11-14T22:51:40.532+0100][gc,phases   ] GC(19)   Evacuate Collection Set: 36.5ms
[2025-11-14T22:51:40.533+0100][gc,phases   ] GC(19)   Post Evacuate Collection Set: 2.6ms
[2025-11-14T22:51:40.533+0100][gc,phases   ] GC(19)   Other: 4.3ms
[2025-11-14T22:51:40.533+0100][gc,heap     ] GC(19) Eden regions: 44->0(44)
[2025-11-14T22:51:40.534+0100][gc,heap     ] GC(19) Survivor regions: 7->7(7)
[2025-11-14T22:51:40.534+0100][gc,heap     ] GC(19) Old regions: 47->51
[2025-11-14T22:51:40.534+0100][gc,heap     ] GC(19) Humongous regions: 148->148
[2025-11-14T22:51:40.535+0100][gc,metaspace] GC(19) Metaspace: 47364K(48064K)->47364K(48064K) NonClass: 41710K(42112K)->41710K(42112K) Class: 5653K(5952K)->5653K(5952K)
[2025-11-14T22:51:40.535+0100][gc          ] GC(19) Pause Young (Normal) (G1 Evacuation Pause) 244M->205M(1024M) 73.437ms
[2025-11-14T22:51:40.536+0100][gc,cpu      ] GC(19) User=0.38s Sys=0.00s Real=0.07s
[2025-11-14T22:56:29.139+0100][gc,start    ] GC(20) Pause Young (Normal) (G1 Evacuation Pause)
[2025-11-14T22:56:29.139+0100][gc,task     ] GC(20) Using 8 workers of 8 for evacuation
[2025-11-14T22:56:29.163+0100][gc,mmu      ] GC(20) MMU target violated: 21.0ms (20.0ms/21.0ms)
[2025-11-14T22:56:29.164+0100][gc,phases   ] GC(20)   Pre Evacuate Collection Set: 1.5ms
[2025-11-14T22:56:29.164+0100][gc,phases   ] GC(20)   Merge Heap Roots: 0.2ms
[2025-11-14T22:56:29.164+0100][gc,phases   ] GC(20)   Evacuate Collection Set: 19.9ms
[2025-11-14T22:56:29.165+0100][gc,phases   ] GC(20)   Post Evacuate Collection Set: 1.9ms
[2025-11-14T22:56:29.166+0100][gc,phases   ] GC(20)   Other: 0.8ms
[2025-11-14T22:56:29.166+0100][gc,heap     ] GC(20) Eden regions: 44->0(46)
[2025-11-14T22:56:29.167+0100][gc,heap     ] GC(20) Survivor regions: 7->5(7)
[2025-11-14T22:56:29.167+0100][gc,heap     ] GC(20) Old regions: 51->58
[2025-11-14T22:56:29.167+0100][gc,heap     ] GC(20) Humongous regions: 148->148
[2025-11-14T22:56:29.168+0100][gc,metaspace] GC(20) Metaspace: 47408K(48064K)->47408K(48064K) NonClass: 41746K(42112K)->41746K(42112K) Class: 5662K(5952K)->5662K(5952K)
[2025-11-14T22:56:29.168+0100][gc          ] GC(20) Pause Young (Normal) (G1 Evacuation Pause) 249M->210M(1024M) 29.405ms
[2025-11-14T22:56:29.169+0100][gc,cpu      ] GC(20) User=0.11s Sys=0.03s Real=0.03s
[2025-11-14T23:37:26.980+0100][gc,start    ] GC(21) Pause Young (Normal) (G1 Evacuation Pause)
[2025-11-14T23:37:26.991+0100][gc,task     ] GC(21) Using 8 workers of 8 for evacuation
[2025-11-14T23:37:27.135+0100][gc,mmu      ] GC(21) MMU target violated: 21.0ms (20.0ms/21.0ms)
[2025-11-14T23:37:27.136+0100][gc,phases   ] GC(21)   Pre Evacuate Collection Set: 40.1ms
[2025-11-14T23:37:27.136+0100][gc,phases   ] GC(21)   Merge Heap Roots: 4.4ms
[2025-11-14T23:37:27.137+0100][gc,phases   ] GC(21)   Evacuate Collection Set: 92.8ms
[2025-11-14T23:37:27.137+0100][gc,phases   ] GC(21)   Post Evacuate Collection Set: 4.2ms
[2025-11-14T23:37:27.137+0100][gc,phases   ] GC(21)   Other: 8.6ms
[2025-11-14T23:37:27.138+0100][gc,heap     ] GC(21) Eden regions: 46->0(46)
[2025-11-14T23:37:27.138+0100][gc,heap     ] GC(21) Survivor regions: 5->5(7)
[2025-11-14T23:37:27.138+0100][gc,heap     ] GC(21) Old regions: 58->61
[2025-11-14T23:37:27.139+0100][gc,heap     ] GC(21) Humongous regions: 148->148
[2025-11-14T23:37:27.139+0100][gc,metaspace] GC(21) Metaspace: 47419K(48064K)->47419K(48064K) NonClass: 41757K(42112K)->41757K(42112K) Class: 5662K(5952K)->5662K(5952K)
[2025-11-14T23:37:27.139+0100][gc          ] GC(21) Pause Young (Normal) (G1 Evacuation Pause) 256M->213M(1024M) 158.922ms
[2025-11-14T23:37:27.139+0100][gc,cpu      ] GC(21) User=0.83s Sys=0.00s Real=0.16s
[2025-11-14T23:42:31.717+0100][gc,start    ] GC(22) Pause Young (Normal) (G1 Evacuation Pause)
[2025-11-14T23:42:31.717+0100][gc,task     ] GC(22) Using 8 workers of 8 for evacuation
[2025-11-14T23:42:31.744+0100][gc,mmu      ] GC(22) MMU target violated: 21.0ms (20.0ms/21.0ms)
[2025-11-14T23:42:31.745+0100][gc,phases   ] GC(22)   Pre Evacuate Collection Set: 0.5ms
[2025-11-14T23:42:31.745+0100][gc,phases   ] GC(22)   Merge Heap Roots: 0.2ms
[2025-11-14T23:42:31.746+0100][gc,phases   ] GC(22)   Evacuate Collection Set: 23.9ms
[2025-11-14T23:42:31.747+0100][gc,phases   ] GC(22)   Post Evacuate Collection Set: 1.7ms
[2025-11-14T23:42:31.748+0100][gc,phases   ] GC(22)   Other: 1.1ms
[2025-11-14T23:42:31.748+0100][gc,heap     ] GC(22) Eden regions: 46->0(46)
[2025-11-14T23:42:31.749+0100][gc,heap     ] GC(22) Survivor regions: 5->5(7)
[2025-11-14T23:42:31.749+0100][gc,heap     ] GC(22) Old regions: 61->64
[2025-11-14T23:42:31.749+0100][gc,heap     ] GC(22) Humongous regions: 148->148
[2025-11-14T23:42:31.750+0100][gc,metaspace] GC(22) Metaspace: 47426K(48128K)->47426K(48128K) NonClass: 41764K(42176K)->41764K(42176K) Class: 5662K(5952K)->5662K(5952K)
[2025-11-14T23:42:31.750+0100][gc          ] GC(22) Pause Young (Normal) (G1 Evacuation Pause) 259M->216M(1024M) 33.704ms
[2025-11-14T23:42:31.751+0100][gc,cpu      ] GC(22) User=0.19s Sys=0.00s Real=0.04s
[2025-11-14T23:47:36.494+0100][gc,start    ] GC(23) Pause Young (Normal) (G1 Evacuation Pause)
[2025-11-14T23:47:36.498+0100][gc,task     ] GC(23) Using 8 workers of 8 for evacuation
[2025-11-14T23:47:36.628+0100][gc,mmu      ] GC(23) MMU target violated: 21.0ms (20.0ms/21.0ms)
[2025-11-14T23:47:36.629+0100][gc,phases   ] GC(23)   Pre Evacuate Collection Set: 21.7ms
[2025-11-14T23:47:36.630+0100][gc,phases   ] GC(23)   Merge Heap Roots: 3.0ms
[2025-11-14T23:47:36.630+0100][gc,phases   ] GC(23)   Evacuate Collection Set: 92.7ms
[2025-11-14T23:47:36.630+0100][gc,phases   ] GC(23)   Post Evacuate Collection Set: 10.8ms
[2025-11-14T23:47:36.630+0100][gc,phases   ] GC(23)   Other: 4.1ms
[2025-11-14T23:47:36.630+0100][gc,heap     ] GC(23) Eden regions: 46->0(46)
[2025-11-14T23:47:36.631+0100][gc,heap     ] GC(23) Survivor regions: 5->5(7)
[2025-11-14T23:47:36.631+0100][gc,heap     ] GC(23) Old regions: 64->68
[2025-11-14T23:47:36.631+0100][gc,heap     ] GC(23) Humongous regions: 148->148
[2025-11-14T23:47:36.632+0100][gc,metaspace] GC(23) Metaspace: 47438K(48128K)->47438K(48128K) NonClass: 41776K(42176K)->41776K(42176K) Class: 5662K(5952K)->5662K(5952K)
[2025-11-14T23:47:36.632+0100][gc          ] GC(23) Pause Young (Normal) (G1 Evacuation Pause) 262M->219M(1024M) 138.349ms
[2025-11-14T23:47:36.632+0100][gc,cpu      ] GC(23) User=0.77s Sys=0.07s Real=0.14s
[2025-11-14T23:52:40.473+0100][gc,start    ] GC(24) Pause Young (Normal) (G1 Evacuation Pause)
[2025-11-14T23:52:40.477+0100][gc,task     ] GC(24) Using 8 workers of 8 for evacuation
[2025-11-14T23:52:40.570+0100][gc,mmu      ] GC(24) MMU target violated: 21.0ms (20.0ms/21.0ms)
[2025-11-14T23:52:40.571+0100][gc,phases   ] GC(24)   Pre Evacuate Collection Set: 29.8ms
[2025-11-14T23:52:40.571+0100][gc,phases   ] GC(24)   Merge Heap Roots: 2.5ms
[2025-11-14T23:52:40.571+0100][gc,phases   ] GC(24)   Evacuate Collection Set: 50.7ms
[2025-11-14T23:52:40.571+0100][gc,phases   ] GC(24)   Post Evacuate Collection Set: 7.2ms
[2025-11-14T23:52:40.572+0100][gc,phases   ] GC(24)   Other: 5.1ms
[2025-11-14T23:52:40.572+0100][gc,heap     ] GC(24) Eden regions: 46->0(46)
[2025-11-14T23:52:40.572+0100][gc,heap     ] GC(24) Survivor regions: 5->5(7)
[2025-11-14T23:52:40.573+0100][gc,heap     ] GC(24) Old regions: 68->72
[2025-11-14T23:52:40.573+0100][gc,heap     ] GC(24) Humongous regions: 148->148
[2025-11-14T23:52:40.573+0100][gc,metaspace] GC(24) Metaspace: 47447K(48128K)->47447K(48128K) NonClass: 41785K(42176K)->41785K(42176K) Class: 5662K(5952K)->5662K(5952K)
[2025-11-14T23:52:40.573+0100][gc          ] GC(24) Pause Young (Normal) (G1 Evacuation Pause) 265M->223M(1024M) 101.145ms
[2025-11-14T23:52:40.575+0100][gc,cpu      ] GC(24) User=0.56s Sys=0.01s Real=0.11s
[2025-11-14T23:57:45.055+0100][gc,start    ] GC(25) Pause Young (Normal) (G1 Evacuation Pause)
[2025-11-14T23:57:45.055+0100][gc,task     ] GC(25) Using 8 workers of 8 for evacuation
[2025-11-14T23:57:45.068+0100][gc,phases   ] GC(25)   Pre Evacuate Collection Set: 0.5ms
[2025-11-14T23:57:45.068+0100][gc,phases   ] GC(25)   Merge Heap Roots: 0.2ms
[2025-11-14T23:57:45.068+0100][gc,phases   ] GC(25)   Evacuate Collection Set: 10.6ms
[2025-11-14T23:57:45.069+0100][gc,phases   ] GC(25)   Post Evacuate Collection Set: 0.7ms
[2025-11-14T23:57:45.069+0100][gc,phases   ] GC(25)   Other: 0.4ms
[2025-11-14T23:57:45.069+0100][gc,heap     ] GC(25) Eden regions: 46->0(47)
[2025-11-14T23:57:45.070+0100][gc,heap     ] GC(25) Survivor regions: 5->4(7)
[2025-11-14T23:57:45.070+0100][gc,heap     ] GC(25) Old regions: 72->75
[2025-11-14T23:57:45.070+0100][gc,heap     ] GC(25) Humongous regions: 148->148
[2025-11-14T23:57:45.070+0100][gc,metaspace] GC(25) Metaspace: 47447K(48128K)->47447K(48128K) NonClass: 41785K(42176K)->41785K(42176K) Class: 5662K(5952K)->5662K(5952K)
[2025-11-14T23:57:45.071+0100][gc          ] GC(25) Pause Young (Normal) (G1 Evacuation Pause) 269M->226M(1024M) 16.233ms
[2025-11-14T23:57:45.071+0100][gc,cpu      ] GC(25) User=0.08s Sys=0.01s Real=0.02s
[2025-11-15T00:02:54.728+0100][gc,start    ] GC(26) Pause Young (Normal) (G1 Evacuation Pause)
[2025-11-15T00:02:54.729+0100][gc,task     ] GC(26) Using 8 workers of 8 for evacuation
[2025-11-15T00:02:54.782+0100][gc,mmu      ] GC(26) MMU target violated: 21.0ms (20.0ms/21.0ms)
[2025-11-15T00:02:54.782+0100][gc,phases   ] GC(26)   Pre Evacuate Collection Set: 1.8ms
[2025-11-15T00:02:54.782+0100][gc,phases   ] GC(26)   Merge Heap Roots: 0.2ms
[2025-11-15T00:02:54.783+0100][gc,phases   ] GC(26)   Evacuate Collection Set: 50.2ms
[2025-11-15T00:02:54.783+0100][gc,phases   ] GC(26)   Post Evacuate Collection Set: 1.0ms
[2025-11-15T00:02:54.783+0100][gc,phases   ] GC(26)   Other: 0.6ms
[2025-11-15T00:02:54.783+0100][gc,heap     ] GC(26) Eden regions: 47->0(44)
[2025-11-15T00:02:54.783+0100][gc,heap     ] GC(26) Survivor regions: 4->7(7)
[2025-11-15T00:02:54.783+0100][gc,heap     ] GC(26) Old regions: 75->76
[2025-11-15T00:02:54.783+0100][gc,heap     ] GC(26) Humongous regions: 148->148
[2025-11-15T00:02:54.783+0100][gc,metaspace] GC(26) Metaspace: 47452K(48128K)->47452K(48128K) NonClass: 41790K(42176K)->41790K(42176K) Class: 5662K(5952K)->5662K(5952K)
[2025-11-15T00:02:54.784+0100][gc          ] GC(26) Pause Young (Normal) (G1 Evacuation Pause) 273M->230M(1024M) 55.525ms
[2025-11-15T00:02:54.784+0100][gc,cpu      ] GC(26) User=0.40s Sys=0.00s Real=0.06s
[2025-11-15T00:07:45.088+0100][gc,start    ] GC(27) Pause Young (Normal) (G1 Evacuation Pause)
[2025-11-15T00:07:45.091+0100][gc,task     ] GC(27) Using 8 workers of 8 for evacuation
[2025-11-15T00:07:45.127+0100][gc,mmu      ] GC(27) MMU target violated: 21.0ms (20.0ms/21.0ms)
[2025-11-15T00:07:45.128+0100][gc,phases   ] GC(27)   Pre Evacuate Collection Set: 6.1ms
[2025-11-15T00:07:45.128+0100][gc,phases   ] GC(27)   Merge Heap Roots: 1.5ms
[2025-11-15T00:07:45.128+0100][gc,phases   ] GC(27)   Evacuate Collection Set: 25.5ms
[2025-11-15T00:07:45.129+0100][gc,phases   ] GC(27)   Post Evacuate Collection Set: 2.5ms
[2025-11-15T00:07:45.129+0100][gc,phases   ] GC(27)   Other: 1.9ms
[2025-11-15T00:07:45.129+0100][gc,heap     ] GC(27) Eden regions: 44->0(46)
[2025-11-15T00:07:45.130+0100][gc,heap     ] GC(27) Survivor regions: 7->5(7)
[2025-11-15T00:07:45.130+0100][gc,heap     ] GC(27) Old regions: 76->83
[2025-11-15T00:07:45.130+0100][gc,heap     ] GC(27) Humongous regions: 148->148
[2025-11-15T00:07:45.131+0100][gc,metaspace] GC(27) Metaspace: 47466K(48128K)->47466K(48128K) NonClass: 41804K(42176K)->41804K(42176K) Class: 5662K(5952K)->5662K(5952K)
[2025-11-15T00:07:45.131+0100][gc          ] GC(27) Pause Young (Normal) (G1 Evacuation Pause) 274M->235M(1024M) 43.203ms
[2025-11-15T00:07:45.132+0100][gc,cpu      ] GC(27) User=0.24s Sys=0.01s Real=0.05s
[2025-11-15T00:12:53.755+0100][gc,start    ] GC(28) Pause Young (Normal) (G1 Evacuation Pause)
[2025-11-15T00:12:53.755+0100][gc,task     ] GC(28) Using 8 workers of 8 for evacuation
[2025-11-15T00:12:53.771+0100][gc,phases   ] GC(28)   Pre Evacuate Collection Set: 0.3ms
[2025-11-15T00:12:53.771+0100][gc,phases   ] GC(28)   Merge Heap Roots: 0.1ms
[2025-11-15T00:12:53.771+0100][gc,phases   ] GC(28)   Evacuate Collection Set: 13.1ms
[2025-11-15T00:12:53.772+0100][gc,phases   ] GC(28)   Post Evacuate Collection Set: 1.5ms
[2025-11-15T00:12:53.772+0100][gc,phases   ] GC(28)   Other: 0.2ms
[2025-11-15T00:12:53.772+0100][gc,heap     ] GC(28) Eden regions: 46->0(46)
[2025-11-15T00:12:53.772+0100][gc,heap     ] GC(28) Survivor regions: 5->5(7)
[2025-11-15T00:12:53.773+0100][gc,heap     ] GC(28) Old regions: 83->87
[2025-11-15T00:12:53.773+0100][gc,heap     ] GC(28) Humongous regions: 148->148
[2025-11-15T00:12:53.773+0100][gc,metaspace] GC(28) Metaspace: 47470K(48128K)->47470K(48128K) NonClass: 41808K(42176K)->41808K(42176K) Class: 5662K(5952K)->5662K(5952K)
[2025-11-15T00:12:53.774+0100][gc          ] GC(28) Pause Young (Normal) (G1 Evacuation Pause) 281M->238M(1024M) 18.423ms
[2025-11-15T00:12:53.774+0100][gc,cpu      ] GC(28) User=0.06s Sys=0.05s Real=0.02s
[2025-11-15T00:18:00.043+0100][gc,start    ] GC(29) Pause Young (Normal) (G1 Evacuation Pause)
[2025-11-15T00:18:00.047+0100][gc,task     ] GC(29) Using 8 workers of 8 for evacuation
[2025-11-15T00:18:00.124+0100][gc,mmu      ] GC(29) MMU target violated: 21.0ms (20.0ms/21.0ms)
[2025-11-15T00:18:00.125+0100][gc,phases   ] GC(29)   Pre Evacuate Collection Set: 21.9ms
[2025-11-15T00:18:00.125+0100][gc,phases   ] GC(29)   Merge Heap Roots: 2.9ms
[2025-11-15T00:18:00.125+0100][gc,phases   ] GC(29)   Evacuate Collection Set: 45.5ms
[2025-11-15T00:18:00.125+0100][gc,phases   ] GC(29)   Post Evacuate Collection Set: 5.6ms
[2025-11-15T00:18:00.126+0100][gc,phases   ] GC(29)   Other: 2.7ms
[2025-11-15T00:18:00.126+0100][gc,heap     ] GC(29) Eden regions: 46->0(47)
[2025-11-15T00:18:00.127+0100][gc,heap     ] GC(29) Survivor regions: 5->4(7)
[2025-11-15T00:18:00.127+0100][gc,heap     ] GC(29) Old regions: 87->91
[2025-11-15T00:18:00.127+0100][gc,heap     ] GC(29) Humongous regions: 148->148
[2025-11-15T00:18:00.127+0100][gc,metaspace] GC(29) Metaspace: 47479K(48128K)->47479K(48128K) NonClass: 41817K(42176K)->41817K(42176K) Class: 5662K(5952K)->5662K(5952K)
[2025-11-15T00:18:00.128+0100][gc          ] GC(29) Pause Young (Normal) (G1 Evacuation Pause) 284M->242M(1024M) 84.424ms
[2025-11-15T00:18:00.128+0100][gc,cpu      ] GC(29) User=0.52s Sys=0.00s Real=0.08s
[2025-11-15T00:23:07.345+0100][gc,start    ] GC(30) Pause Young (Normal) (G1 Evacuation Pause)
[2025-11-15T00:23:07.346+0100][gc,task     ] GC(30) Using 8 workers of 8 for evacuation
[2025-11-15T00:23:07.372+0100][gc,mmu      ] GC(30) MMU target violated: 21.0ms (20.0ms/21.0ms)
[2025-11-15T00:23:07.372+0100][gc,phases   ] GC(30)   Pre Evacuate Collection Set: 1.2ms
[2025-11-15T00:23:07.372+0100][gc,phases   ] GC(30)   Merge Heap Roots: 0.6ms
[2025-11-15T00:23:07.373+0100][gc,phases   ] GC(30)   Evacuate Collection Set: 21.8ms
[2025-11-15T00:23:07.373+0100][gc,phases   ] GC(30)   Post Evacuate Collection Set: 1.5ms
[2025-11-15T00:23:07.373+0100][gc,phases   ] GC(30)   Other: 1.5ms
[2025-11-15T00:23:07.373+0100][gc,heap     ] GC(30) Eden regions: 47->0(47)
[2025-11-15T00:23:07.374+0100][gc,heap     ] GC(30) Survivor regions: 4->4(7)
[2025-11-15T00:23:07.374+0100][gc,heap     ] GC(30) Old regions: 91->94
[2025-11-15T00:23:07.374+0100][gc,heap     ] GC(30) Humongous regions: 148->148
[2025-11-15T00:23:07.375+0100][gc,metaspace] GC(30) Metaspace: 47490K(48128K)->47490K(48128K) NonClass: 41828K(42176K)->41828K(42176K) Class: 5662K(5952K)->5662K(5952K)
[2025-11-15T00:23:07.375+0100][gc          ] GC(30) Pause Young (Normal) (G1 Evacuation Pause) 289M->245M(1024M) 30.035ms
[2025-11-15T00:23:07.375+0100][gc,cpu      ] GC(30) User=0.18s Sys=0.00s Real=0.03s
[2025-11-15T00:27:45.131+0100][gc,start    ] GC(31) Pause Young (Normal) (G1 Evacuation Pause)
[2025-11-15T00:27:45.132+0100][gc,task     ] GC(31) Using 8 workers of 8 for evacuation
[2025-11-15T00:27:45.175+0100][gc,mmu      ] GC(31) MMU target violated: 21.0ms (20.0ms/21.0ms)
[2025-11-15T00:27:45.176+0100][gc,phases   ] GC(31)   Pre Evacuate Collection Set: 0.6ms
[2025-11-15T00:27:45.176+0100][gc,phases   ] GC(31)   Merge Heap Roots: 0.3ms
[2025-11-15T00:27:45.177+0100][gc,phases   ] GC(31)   Evacuate Collection Set: 40.4ms
[2025-11-15T00:27:45.177+0100][gc,phases   ] GC(31)   Post Evacuate Collection Set: 1.3ms
[2025-11-15T00:27:45.177+0100][gc,phases   ] GC(31)   Other: 1.1ms
[2025-11-15T00:27:45.178+0100][gc,heap     ] GC(31) Eden regions: 47->0(44)
[2025-11-15T00:27:45.178+0100][gc,heap     ] GC(31) Survivor regions: 4->7(7)
[2025-11-15T00:27:45.178+0100][gc,heap     ] GC(31) Old regions: 94->97
[2025-11-15T00:27:45.178+0100][gc,heap     ] GC(31) Humongous regions: 148->148
[2025-11-15T00:27:45.179+0100][gc,metaspace] GC(31) Metaspace: 47522K(48192K)->47522K(48192K) NonClass: 41854K(42240K)->41854K(42240K) Class: 5668K(5952K)->5668K(5952K)
[2025-11-15T00:27:45.179+0100][gc          ] GC(31) Pause Young (Normal) (G1 Evacuation Pause) 292M->251M(1024M) 47.397ms
[2025-11-15T00:27:45.179+0100][gc,cpu      ] GC(31) User=0.32s Sys=0.00s Real=0.05s
[2025-11-15T00:32:39.782+0100][gc,start    ] GC(32) Pause Young (Normal) (G1 Evacuation Pause)
[2025-11-15T00:32:39.784+0100][gc,task     ] GC(32) Using 8 workers of 8 for evacuation
[2025-11-15T00:32:39.825+0100][gc,mmu      ] GC(32) MMU target violated: 21.0ms (20.0ms/21.0ms)
[2025-11-15T00:32:39.825+0100][gc,phases   ] GC(32)   Pre Evacuate Collection Set: 6.6ms
[2025-11-15T00:32:39.826+0100][gc,phases   ] GC(32)   Merge Heap Roots: 0.8ms
[2025-11-15T00:32:39.826+0100][gc,phases   ] GC(32)   Evacuate Collection Set: 29.6ms
[2025-11-15T00:32:39.826+0100][gc,phases   ] GC(32)   Post Evacuate Collection Set: 2.8ms
[2025-11-15T00:32:39.827+0100][gc,phases   ] GC(32)   Other: 2.7ms
[2025-11-15T00:32:39.827+0100][gc,heap     ] GC(32) Eden regions: 44->0(47)
[2025-11-15T00:32:39.828+0100][gc,heap     ] GC(32) Survivor regions: 7->4(7)
[2025-11-15T00:32:39.828+0100][gc,heap     ] GC(32) Old regions: 97->103
[2025-11-15T00:32:39.828+0100][gc,heap     ] GC(32) Humongous regions: 148->148
[2025-11-15T00:32:39.828+0100][gc,metaspace] GC(32) Metaspace: 47531K(48192K)->47531K(48192K) NonClass: 41863K(42240K)->41863K(42240K) Class: 5668K(5952K)->5668K(5952K)
[2025-11-15T00:32:39.829+0100][gc          ] GC(32) Pause Young (Normal) (G1 Evacuation Pause) 295M->254M(1024M) 47.228ms
[2025-11-15T00:32:39.829+0100][gc,cpu      ] GC(32) User=0.24s Sys=0.00s Real=0.05s
[2025-11-15T00:38:03.400+0100][gc,start    ] GC(33) Pause Young (Normal) (G1 Evacuation Pause)
[2025-11-15T00:38:03.401+0100][gc,task     ] GC(33) Using 8 workers of 8 for evacuation
[2025-11-15T00:38:03.416+0100][gc,phases   ] GC(33)   Pre Evacuate Collection Set: 0.4ms
[2025-11-15T00:38:03.416+0100][gc,phases   ] GC(33)   Merge Heap Roots: 0.2ms
[2025-11-15T00:38:03.417+0100][gc,phases   ] GC(33)   Evacuate Collection Set: 13.0ms
[2025-11-15T00:38:03.417+0100][gc,phases   ] GC(33)   Post Evacuate Collection Set: 0.8ms
[2025-11-15T00:38:03.417+0100][gc,phases   ] GC(33)   Other: 0.4ms
[2025-11-15T00:38:03.417+0100][gc,heap     ] GC(33) Eden regions: 47->0(44)
[2025-11-15T00:38:03.418+0100][gc,heap     ] GC(33) Survivor regions: 4->7(7)
[2025-11-15T00:38:03.418+0100][gc,heap     ] GC(33) Old regions: 103->103
[2025-11-15T00:38:03.418+0100][gc,heap     ] GC(33) Humongous regions: 148->148
[2025-11-15T00:38:03.418+0100][gc,metaspace] GC(33) Metaspace: 47563K(48192K)->47563K(48192K) NonClass: 41895K(42240K)->41895K(42240K) Class: 5668K(5952K)->5668K(5952K)
[2025-11-15T00:38:03.420+0100][gc          ] GC(33) Pause Young (Normal) (G1 Evacuation Pause) 301M->257M(1024M) 19.227ms
[2025-11-15T00:38:03.420+0100][gc,cpu      ] GC(33) User=0.08s Sys=0.02s Real=0.02s
[2025-11-15T00:42:45.130+0100][gc,start    ] GC(34) Pause Young (Normal) (G1 Evacuation Pause)
[2025-11-15T00:42:45.130+0100][gc,task     ] GC(34) Using 8 workers of 8 for evacuation
[2025-11-15T00:42:45.144+0100][gc,phases   ] GC(34)   Pre Evacuate Collection Set: 0.4ms
[2025-11-15T00:42:45.145+0100][gc,phases   ] GC(34)   Merge Heap Roots: 0.1ms
[2025-11-15T00:42:45.145+0100][gc,phases   ] GC(34)   Evacuate Collection Set: 12.2ms
[2025-11-15T00:42:45.146+0100][gc,phases   ] GC(34)   Post Evacuate Collection Set: 1.6ms
[2025-11-15T00:42:45.146+0100][gc,phases   ] GC(34)   Other: 0.3ms
[2025-11-15T00:42:45.147+0100][gc,heap     ] GC(34) Eden regions: 44->0(46)
[2025-11-15T00:42:45.147+0100][gc,heap     ] GC(34) Survivor regions: 7->5(7)
[2025-11-15T00:42:45.147+0100][gc,heap     ] GC(34) Old regions: 103->110
[2025-11-15T00:42:45.147+0100][gc,heap     ] GC(34) Humongous regions: 148->148
[2025-11-15T00:42:45.148+0100][gc,metaspace] GC(34) Metaspace: 47597K(48256K)->47597K(48256K) NonClass: 41928K(42304K)->41928K(42304K) Class: 5668K(5952K)->5668K(5952K)
[2025-11-15T00:42:45.148+0100][gc          ] GC(34) Pause Young (Normal) (G1 Evacuation Pause) 301M->262M(1024M) 18.369ms
[2025-11-15T00:42:45.148+0100][gc,cpu      ] GC(34) User=0.07s Sys=0.03s Real=0.02s
[2025-11-15T00:47:32.363+0100][gc,start    ] GC(35) Pause Young (Normal) (G1 Evacuation Pause)
[2025-11-15T00:47:32.368+0100][gc,task     ] GC(35) Using 8 workers of 8 for evacuation
[2025-11-15T00:47:32.487+0100][gc,mmu      ] GC(35) MMU target violated: 21.0ms (20.0ms/21.0ms)
[2025-11-15T00:47:32.487+0100][gc,phases   ] GC(35)   Pre Evacuate Collection Set: 46.6ms
[2025-11-15T00:47:32.488+0100][gc,phases   ] GC(35)   Merge Heap Roots: 5.2ms
[2025-11-15T00:47:32.488+0100][gc,phases   ] GC(35)   Evacuate Collection Set: 58.0ms
[2025-11-15T00:47:32.488+0100][gc,phases   ] GC(35)   Post Evacuate Collection Set: 6.5ms
[2025-11-15T00:47:32.489+0100][gc,phases   ] GC(35)   Other: 5.3ms
[2025-11-15T00:47:32.490+0100][gc,heap     ] GC(35) Eden regions: 46->0(47)
[2025-11-15T00:47:32.490+0100][gc,heap     ] GC(35) Survivor regions: 5->4(7)
[2025-11-15T00:47:32.491+0100][gc,heap     ] GC(35) Old regions: 110->113
[2025-11-15T00:47:32.491+0100][gc,heap     ] GC(35) Humongous regions: 148->148
[2025-11-15T00:47:32.491+0100][gc,metaspace] GC(35) Metaspace: 47654K(48320K)->47654K(48320K) NonClass: 41986K(42368K)->41986K(42368K) Class: 5668K(5952K)->5668K(5952K)
[2025-11-15T00:47:32.492+0100][gc          ] GC(35) Pause Young (Normal) (G1 Evacuation Pause) 308M->265M(1024M) 128.893ms
[2025-11-15T00:47:32.492+0100][gc,cpu      ] GC(35) User=0.78s Sys=0.00s Real=0.13s
[2025-11-15T00:52:35.936+0100][gc,start    ] GC(36) Pause Young (Normal) (G1 Evacuation Pause)
[2025-11-15T00:52:35.943+0100][gc,task     ] GC(36) Using 8 workers of 8 for evacuation
[2025-11-15T00:52:36.173+0100][gc,mmu      ] GC(36) MMU target violated: 21.0ms (20.0ms/21.0ms)
[2025-11-15T00:52:36.173+0100][gc,phases   ] GC(36)   Pre Evacuate Collection Set: 48.7ms
[2025-11-15T00:52:36.174+0100][gc,phases   ] GC(36)   Merge Heap Roots: 3.4ms
[2025-11-15T00:52:36.174+0100][gc,phases   ] GC(36)   Evacuate Collection Set: 164.8ms
[2025-11-15T00:52:36.174+0100][gc,phases   ] GC(36)   Post Evacuate Collection Set: 9.5ms
[2025-11-15T00:52:36.175+0100][gc,phases   ] GC(36)   Other: 5.9ms
[2025-11-15T00:52:36.175+0100][gc,heap     ] GC(36) Eden regions: 47->0(44)
[2025-11-15T00:52:36.175+0100][gc,heap     ] GC(36) Survivor regions: 4->7(7)
[2025-11-15T00:52:36.175+0100][gc,heap     ] GC(36) Old regions: 113->114
[2025-11-15T00:52:36.176+0100][gc,heap     ] GC(36) Humongous regions: 148->148
[2025-11-15T00:52:36.176+0100][gc,metaspace] GC(36) Metaspace: 47663K(48320K)->47663K(48320K) NonClass: 41995K(42368K)->41995K(42368K) Class: 5668K(5952K)->5668K(5952K)
[2025-11-15T00:52:36.176+0100][gc          ] GC(36) Pause Young (Normal) (G1 Evacuation Pause) 312M->268M(1024M) 241.353ms
[2025-11-15T00:52:36.177+0100][gc,cpu      ] GC(36) User=1.28s Sys=0.00s Real=0.24s
[2025-11-15T00:57:28.425+0100][gc,start    ] GC(37) Pause Young (Normal) (G1 Evacuation Pause)
[2025-11-15T00:57:28.426+0100][gc,task     ] GC(37) Using 8 workers of 8 for evacuation
[2025-11-15T00:57:28.460+0100][gc,mmu      ] GC(37) MMU target violated: 21.0ms (20.0ms/21.0ms)
[2025-11-15T00:57:28.460+0100][gc,phases   ] GC(37)   Pre Evacuate Collection Set: 1.2ms
[2025-11-15T00:57:28.461+0100][gc,phases   ] GC(37)   Merge Heap Roots: 0.6ms
[2025-11-15T00:57:28.461+0100][gc,phases   ] GC(37)   Evacuate Collection Set: 28.2ms
[2025-11-15T00:57:28.462+0100][gc,phases   ] GC(37)   Post Evacuate Collection Set: 1.9ms
[2025-11-15T00:57:28.462+0100][gc,phases   ] GC(37)   Other: 2.0ms
[2025-11-15T00:57:28.462+0100][gc,heap     ] GC(37) Eden regions: 44->0(44)
[2025-11-15T00:57:28.463+0100][gc,heap     ] GC(37) Survivor regions: 7->7(7)
[2025-11-15T00:57:28.463+0100][gc,heap     ] GC(37) Old regions: 114->118
[2025-11-15T00:57:28.464+0100][gc,heap     ] GC(37) Humongous regions: 148->148
[2025-11-15T00:57:28.464+0100][gc,metaspace] GC(37) Metaspace: 47674K(48320K)->47674K(48320K) NonClass: 42006K(42368K)->42006K(42368K) Class: 5668K(5952K)->5668K(5952K)
[2025-11-15T00:57:28.465+0100][gc          ] GC(37) Pause Young (Normal) (G1 Evacuation Pause) 312M->272M(1024M) 39.890ms
[2025-11-15T00:57:28.465+0100][gc,cpu      ] GC(37) User=0.17s Sys=0.03s Real=0.04s
[2025-11-15T00:58:47.697+0100][gc,heap,exit] Heap
[2025-11-15T00:58:47.697+0100][gc,heap,exit]  garbage-first heap   total 1048576K, used 304553K [0x00000000c0000000, 0x0000000100000000)
[2025-11-15T00:58:47.697+0100][gc,heap,exit]   region size 1024K, 33 young (33792K), 7 survivors (7168K)
[2025-11-15T00:58:47.698+0100][gc,heap,exit]  Metaspace       used 48521K, committed 49216K, reserved 1114112K
[2025-11-15T00:58:47.698+0100][gc,heap,exit]   class space    used 5864K, committed 6144K, reserved 1048576K
