[2025-11-14T18:57:20.024+0100][gc,init] CardTable entry size: 512
[2025-11-14T18:57:20.028+0100][gc     ] Using G1
[2025-11-14T18:57:20.046+0100][gc,init] Version: 21.0.1+12-LTS-29 (release)
[2025-11-14T18:57:20.047+0100][gc,init] CPUs: 8 total, 8 available
[2025-11-14T18:57:20.047+0100][gc,init] Memory: 3842M
[2025-11-14T18:57:20.047+0100][gc,init] Large Page Support: Disabled
[2025-11-14T18:57:20.048+0100][gc,init] NUMA Support: Disabled
[2025-11-14T18:57:20.048+0100][gc,init] Compressed Oops: Enabled (32-bit)
[2025-11-14T18:57:20.048+0100][gc,init] Heap Region Size: 1M
[2025-11-14T18:57:20.049+0100][gc,init] Heap Min Capacity: 1G
[2025-11-14T18:57:20.049+0100][gc,init] Heap Initial Capacity: 1G
[2025-11-14T18:57:20.049+0100][gc,init] Heap Max Capacity: 1G
[2025-11-14T18:57:20.050+0100][gc,init] Pre-touch: Disabled
[2025-11-14T18:57:20.050+0100][gc,init] Parallel Workers: 8
[2025-11-14T18:57:20.050+0100][gc,init] Concurrent Workers: 2
[2025-11-14T18:57:20.050+0100][gc,init] Concurrent Refinement Workers: 8
[2025-11-14T18:57:20.051+0100][gc,init] Periodic GC: Disabled
[2025-11-14T18:57:20.103+0100][gc,metaspace] CDS archive(s) mapped at: [0x00007330cf000000-0x00007330cfcab000-0x00007330cfcab000), size 13283328, SharedBaseAddress: 0x00007330cf000000, ArchiveRelocationMode: 1.
[2025-11-14T18:57:20.103+0100][gc,metaspace] Compressed class space mapped at: 0x00007330d0000000-0x0000733110000000, reserved size: 1073741824
[2025-11-14T18:57:20.104+0100][gc,metaspace] Narrow klass base: 0x00007330cf000000, Narrow klass shift: 0, Narrow klass range: 0x100000000
[2025-11-14T18:57:25.354+0100][gc,start    ] GC(0) Pause Young (Normal) (G1 Evacuation Pause)
[2025-11-14T18:57:25.356+0100][gc,task     ] GC(0) Using 8 workers of 8 for evacuation
[2025-11-14T18:57:25.374+0100][gc,phases   ] GC(0)   Pre Evacuate Collection Set: 0.7ms
[2025-11-14T18:57:25.375+0100][gc,phases   ] GC(0)   Merge Heap Roots: 0.7ms
[2025-11-14T18:57:25.375+0100][gc,phases   ] GC(0)   Evacuate Collection Set: 14.0ms
[2025-11-14T18:57:25.375+0100][gc,phases   ] GC(0)   Post Evacuate Collection Set: 1.9ms
[2025-11-14T18:57:25.376+0100][gc,phases   ] GC(0)   Other: 2.8ms
[2025-11-14T18:57:25.376+0100][gc,heap     ] GC(0) Eden regions: 51->0(44)
[2025-11-14T18:57:25.376+0100][gc,heap     ] GC(0) Survivor regions: 0->7(7)
[2025-11-14T18:57:25.377+0100][gc,heap     ] GC(0) Old regions: 2->4
[2025-11-14T18:57:25.377+0100][gc,heap     ] GC(0) Humongous regions: 0->0
[2025-11-14T18:57:25.377+0100][gc,metaspace] GC(0) Metaspace: 18001K(18176K)->18001K(18176K) NonClass: 15889K(16000K)->15889K(16000K) Class: 2112K(2176K)->2112K(2176K)
[2025-11-14T18:57:25.377+0100][gc          ] GC(0) Pause Young (Normal) (G1 Evacuation Pause) 52M->9M(1024M) 23.788ms
[2025-11-14T18:57:25.378+0100][gc,cpu      ] GC(0) User=0.05s Sys=0.07s Real=0.02s
[2025-11-14T18:57:25.894+0100][gc,start    ] GC(1) Pause Young (Concurrent Start) (Metadata GC Threshold)
[2025-11-14T18:57:25.895+0100][gc,task     ] GC(1) Using 8 workers of 8 for evacuation
[2025-11-14T18:57:25.912+0100][gc,phases   ] GC(1)   Pre Evacuate Collection Set: 0.3ms
[2025-11-14T18:57:25.912+0100][gc,phases   ] GC(1)   Merge Heap Roots: 0.2ms
[2025-11-14T18:57:25.912+0100][gc,phases   ] GC(1)   Evacuate Collection Set: 15.5ms
[2025-11-14T18:57:25.912+0100][gc,phases   ] GC(1)   Post Evacuate Collection Set: 0.9ms
[2025-11-14T18:57:25.912+0100][gc,phases   ] GC(1)   Other: 0.4ms
[2025-11-14T18:57:25.913+0100][gc,heap     ] GC(1) Eden regions: 11->0(49)
[2025-11-14T18:57:25.913+0100][gc,heap     ] GC(1) Survivor regions: 7->2(7)
[2025-11-14T18:57:25.913+0100][gc,heap     ] GC(1) Old regions: 4->11
[2025-11-14T18:57:25.913+0100][gc,heap     ] GC(1) Humongous regions: 0->0
[2025-11-14T18:57:25.913+0100][gc,metaspace] GC(1) Metaspace: 21289K(21504K)->21289K(21504K) NonClass: 18920K(19008K)->18920K(19008K) Class: 2369K(2496K)->2369K(2496K)
[2025-11-14T18:57:25.913+0100][gc          ] GC(1) Pause Young (Concurrent Start) (Metadata GC Threshold) 20M->10M(1024M) 19.123ms
[2025-11-14T18:57:25.914+0100][gc,cpu      ] GC(1) User=0.02s Sys=0.09s Real=0.02s
[2025-11-14T18:57:25.914+0100][gc          ] GC(2) Concurrent Mark Cycle
[2025-11-14T18:57:25.914+0100][gc,marking  ] GC(2) Concurrent Scan Root Regions
[2025-11-14T18:57:25.917+0100][gc,marking  ] GC(2) Concurrent Scan Root Regions 2.942ms
[2025-11-14T18:57:25.918+0100][gc,marking  ] GC(2) Concurrent Mark
[2025-11-14T18:57:25.918+0100][gc,marking  ] GC(2) Concurrent Mark From Roots
[2025-11-14T18:57:25.918+0100][gc,task     ] GC(2) Using 2 workers of 2 for marking
[2025-11-14T18:57:25.922+0100][gc,marking  ] GC(2) Concurrent Mark From Roots 4.468ms
[2025-11-14T18:57:25.923+0100][gc,marking  ] GC(2) Concurrent Preclean
[2025-11-14T18:57:25.923+0100][gc,marking  ] GC(2) Concurrent Preclean 0.215ms
[2025-11-14T18:57:25.923+0100][gc,start    ] GC(2) Pause Remark
[2025-11-14T18:57:25.926+0100][gc          ] GC(2) Pause Remark 11M->11M(1024M) 2.795ms
[2025-11-14T18:57:25.926+0100][gc,cpu      ] GC(2) User=0.01s Sys=0.00s Real=0.00s
[2025-11-14T18:57:25.927+0100][gc,marking  ] GC(2) Concurrent Mark 9.181ms
[2025-11-14T18:57:25.927+0100][gc,marking  ] GC(2) Concurrent Rebuild Remembered Sets and Scrub Regions
[2025-11-14T18:57:25.931+0100][gc,marking  ] GC(2) Concurrent Rebuild Remembered Sets and Scrub Regions 3.507ms
[2025-11-14T18:57:25.931+0100][gc,start    ] GC(2) Pause Cleanup
[2025-11-14T18:57:25.931+0100][gc          ] GC(2) Pause Cleanup 11M->11M(1024M) 0.495ms
[2025-11-14T18:57:25.932+0100][gc,cpu      ] GC(2) User=0.00s Sys=0.00s Real=0.00s
[2025-11-14T18:57:25.932+0100][gc,marking  ] GC(2) Concurrent Clear Claimed Marks
[2025-11-14T18:57:25.932+0100][gc,marking  ] GC(2) Concurrent Clear Claimed Marks 0.184ms
[2025-11-14T18:57:25.932+0100][gc,marking  ] GC(2) Concurrent Cleanup for Next Mark
[2025-11-14T18:57:26.001+0100][gc,marking  ] GC(2) Concurrent Cleanup for Next Mark 68.368ms
[2025-11-14T18:57:26.001+0100][gc          ] GC(2) Concurrent Mark Cycle 87.103ms
[2025-11-14T18:57:27.903+0100][gc,start    ] GC(3) Pause Young (Prepare Mixed) (G1 Evacuation Pause)
[2025-11-14T18:57:27.903+0100][gc,task     ] GC(3) Using 8 workers of 8 for evacuation
[2025-11-14T18:57:27.909+0100][gc,phases   ] GC(3)   Pre Evacuate Collection Set: 0.4ms
[2025-11-14T18:57:27.910+0100][gc,phases   ] GC(3)   Merge Heap Roots: 0.3ms
[2025-11-14T18:57:27.910+0100][gc,phases   ] GC(3)   Evacuate Collection Set: 3.9ms
[2025-11-14T18:57:27.910+0100][gc,phases   ] GC(3)   Post Evacuate Collection Set: 1.2ms
[2025-11-14T18:57:27.911+0100][gc,phases   ] GC(3)   Other: 0.3ms
[2025-11-14T18:57:27.911+0100][gc,heap     ] GC(3) Eden regions: 49->0(47)
[2025-11-14T18:57:27.912+0100][gc,heap     ] GC(3) Survivor regions: 2->4(7)
[2025-11-14T18:57:27.912+0100][gc,heap     ] GC(3) Old regions: 11->11
[2025-11-14T18:57:27.912+0100][gc,heap     ] GC(3) Humongous regions: 9->9
[2025-11-14T18:57:27.912+0100][gc,metaspace] GC(3) Metaspace: 31422K(31744K)->31422K(31744K) NonClass: 27682K(27840K)->27682K(27840K) Class: 3740K(3904K)->3740K(3904K)
[2025-11-14T18:57:27.913+0100][gc          ] GC(3) Pause Young (Prepare Mixed) (G1 Evacuation Pause) 68M->22M(1024M) 10.190ms
[2025-11-14T18:57:27.913+0100][gc,cpu      ] GC(3) User=0.03s Sys=0.00s Real=0.02s
[2025-11-14T18:57:28.544+0100][gc,start    ] GC(4) Pause Young (Mixed) (Metadata GC Threshold)
[2025-11-14T18:57:28.544+0100][gc,task     ] GC(4) Using 8 workers of 8 for evacuation
[2025-11-14T18:57:28.551+0100][gc,phases   ] GC(4)   Pre Evacuate Collection Set: 0.5ms
[2025-11-14T18:57:28.553+0100][gc,phases   ] GC(4)   Merge Heap Roots: 0.3ms
[2025-11-14T18:57:28.553+0100][gc,phases   ] GC(4)   Evacuate Collection Set: 5.6ms
[2025-11-14T18:57:28.553+0100][gc,phases   ] GC(4)   Post Evacuate Collection Set: 1.1ms
[2025-11-14T18:57:28.554+0100][gc,phases   ] GC(4)   Other: 0.2ms
[2025-11-14T18:57:28.554+0100][gc,heap     ] GC(4) Eden regions: 26->0(45)
[2025-11-14T18:57:28.554+0100][gc,heap     ] GC(4) Survivor regions: 4->6(7)
[2025-11-14T18:57:28.554+0100][gc,heap     ] GC(4) Old regions: 11->10
[2025-11-14T18:57:28.554+0100][gc,heap     ] GC(4) Humongous regions: 9->9
[2025-11-14T18:57:28.554+0100][gc,metaspace] GC(4) Metaspace: 35652K(35968K)->35652K(35968K) NonClass: 31443K(31616K)->31443K(31616K) Class: 4209K(4352K)->4209K(4352K)
[2025-11-14T18:57:28.555+0100][gc          ] GC(4) Pause Young (Mixed) (Metadata GC Threshold) 48M->24M(1024M) 11.048ms
[2025-11-14T18:57:28.555+0100][gc,cpu      ] GC(4) User=0.04s Sys=0.01s Real=0.01s
[2025-11-14T18:57:28.621+0100][gc,start    ] GC(5) Pause Young (Concurrent Start) (Metadata GC Threshold)
[2025-11-14T18:57:28.621+0100][gc,task     ] GC(5) Using 8 workers of 8 for evacuation
[2025-11-14T18:57:28.636+0100][gc,phases   ] GC(5)   Pre Evacuate Collection Set: 0.4ms
[2025-11-14T18:57:28.637+0100][gc,phases   ] GC(5)   Merge Heap Roots: 0.2ms
[2025-11-14T18:57:28.637+0100][gc,phases   ] GC(5)   Evacuate Collection Set: 13.4ms
[2025-11-14T18:57:28.637+0100][gc,phases   ] GC(5)   Post Evacuate Collection Set: 1.1ms
[2025-11-14T18:57:28.637+0100][gc,phases   ] GC(5)   Other: 0.4ms
[2025-11-14T18:57:28.637+0100][gc,heap     ] GC(5) Eden regions: 6->0(47)
[2025-11-14T18:57:28.638+0100][gc,heap     ] GC(5) Survivor regions: 6->4(7)
[2025-11-14T18:57:28.638+0100][gc,heap     ] GC(5) Old regions: 10->14
[2025-11-14T18:57:28.638+0100][gc,heap     ] GC(5) Humongous regions: 9->9
[2025-11-14T18:57:28.638+0100][gc,metaspace] GC(5) Metaspace: 35975K(36288K)->35975K(36288K) NonClass: 31716K(31872K)->31716K(31872K) Class: 4259K(4416K)->4259K(4416K)
[2025-11-14T18:57:28.638+0100][gc          ] GC(5) Pause Young (Concurrent Start) (Metadata GC Threshold) 30M->25M(1024M) 17.685ms
[2025-11-14T18:57:28.638+0100][gc          ] GC(6) Concurrent Mark Cycle
[2025-11-14T18:57:28.639+0100][gc,marking  ] GC(6) Concurrent Scan Root Regions
[2025-11-14T18:57:28.638+0100][gc,cpu      ] GC(5) User=0.05s Sys=0.06s Real=0.02s
[2025-11-14T18:57:28.645+0100][gc,marking  ] GC(6) Concurrent Scan Root Regions 6.018ms
[2025-11-14T18:57:28.646+0100][gc,marking  ] GC(6) Concurrent Mark
[2025-11-14T18:57:28.646+0100][gc,marking  ] GC(6) Concurrent Mark From Roots
[2025-11-14T18:57:28.647+0100][gc,task     ] GC(6) Using 2 workers of 2 for marking
[2025-11-14T18:57:28.663+0100][gc,marking  ] GC(6) Concurrent Mark From Roots 16.666ms
[2025-11-14T18:57:28.663+0100][gc,marking  ] GC(6) Concurrent Preclean
[2025-11-14T18:57:28.664+0100][gc,marking  ] GC(6) Concurrent Preclean 0.402ms
[2025-11-14T18:57:28.664+0100][gc,start    ] GC(6) Pause Remark
[2025-11-14T18:57:28.668+0100][gc          ] GC(6) Pause Remark 27M->27M(1024M) 4.065ms
[2025-11-14T18:57:28.669+0100][gc,cpu      ] GC(6) User=0.01s Sys=0.00s Real=0.00s
[2025-11-14T18:57:28.669+0100][gc,marking  ] GC(6) Concurrent Mark 23.069ms
[2025-11-14T18:57:28.669+0100][gc,marking  ] GC(6) Concurrent Rebuild Remembered Sets and Scrub Regions
[2025-11-14T18:57:28.677+0100][gc,marking  ] GC(6) Concurrent Rebuild Remembered Sets and Scrub Regions 8.153ms
[2025-11-14T18:57:28.687+0100][gc,start    ] GC(6) Pause Cleanup
[2025-11-14T18:57:28.688+0100][gc          ] GC(6) Pause Cleanup 27M->27M(1024M) 0.858ms
[2025-11-14T18:57:28.688+0100][gc,cpu      ] GC(6) User=0.00s Sys=0.00s Real=0.00s
[2025-11-14T18:57:28.688+0100][gc,marking  ] GC(6) Concurrent Clear Claimed Marks
[2025-11-14T18:57:28.688+0100][gc,marking  ] GC(6) Concurrent Clear Claimed Marks 0.285ms
[2025-11-14T18:57:28.689+0100][gc,marking  ] GC(6) Concurrent Cleanup for Next Mark
[2025-11-14T18:57:28.691+0100][gc,marking  ] GC(6) Concurrent Cleanup for Next Mark 2.110ms
[2025-11-14T18:57:28.691+0100][gc          ] GC(6) Concurrent Mark Cycle 52.985ms
[2025-11-14T18:57:39.231+0100][gc,start    ] GC(7) Pause Young (Prepare Mixed) (G1 Evacuation Pause)
[2025-11-14T18:57:39.231+0100][gc,task     ] GC(7) Using 8 workers of 8 for evacuation
[2025-11-14T18:57:39.238+0100][gc,phases   ] GC(7)   Pre Evacuate Collection Set: 0.5ms
[2025-11-14T18:57:39.239+0100][gc,phases   ] GC(7)   Merge Heap Roots: 0.2ms
[2025-11-14T18:57:39.240+0100][gc,phases   ] GC(7)   Evacuate Collection Set: 4.2ms
[2025-11-14T18:57:39.240+0100][gc,phases   ] GC(7)   Post Evacuate Collection Set: 1.6ms
[2025-11-14T18:57:39.240+0100][gc,phases   ] GC(7)   Other: 0.5ms
[2025-11-14T18:57:39.241+0100][gc,heap     ] GC(7) Eden regions: 47->0(44)
[2025-11-14T18:57:39.241+0100][gc,heap     ] GC(7) Survivor regions: 4->7(7)
[2025-11-14T18:57:39.241+0100][gc,heap     ] GC(7) Old regions: 14->14
[2025-11-14T18:57:39.242+0100][gc,heap     ] GC(7) Humongous regions: 150->138
[2025-11-14T18:57:39.242+0100][gc,metaspace] GC(7) Metaspace: 43150K(43712K)->43150K(43712K) NonClass: 37949K(38272K)->37949K(38272K) Class: 5201K(5440K)->5201K(5440K)
[2025-11-14T18:57:39.242+0100][gc          ] GC(7) Pause Young (Prepare Mixed) (G1 Evacuation Pause) 213M->158M(1024M) 11.484ms
[2025-11-14T18:57:39.243+0100][gc,cpu      ] GC(7) User=0.03s Sys=0.00s Real=0.01s
[2025-11-14T19:01:01.255+0100][gc,start    ] GC(8) Pause Young (Mixed) (G1 Evacuation Pause)
[2025-11-14T19:01:01.256+0100][gc,task     ] GC(8) Using 8 workers of 8 for evacuation
[2025-11-14T19:01:01.297+0100][gc,mmu      ] GC(8) MMU target violated: 21.0ms (20.0ms/21.0ms)
[2025-11-14T19:01:01.298+0100][gc,phases   ] GC(8)   Pre Evacuate Collection Set: 12.8ms
[2025-11-14T19:01:01.298+0100][gc,phases   ] GC(8)   Merge Heap Roots: 0.7ms
[2025-11-14T19:01:01.298+0100][gc,phases   ] GC(8)   Evacuate Collection Set: 24.6ms
[2025-11-14T19:01:01.299+0100][gc,phases   ] GC(8)   Post Evacuate Collection Set: 1.7ms
[2025-11-14T19:01:01.299+0100][gc,phases   ] GC(8)   Other: 1.6ms
[2025-11-14T19:01:01.299+0100][gc,heap     ] GC(8) Eden regions: 44->0(48)
[2025-11-14T19:01:01.300+0100][gc,heap     ] GC(8) Survivor regions: 7->3(7)
[2025-11-14T19:01:01.300+0100][gc,heap     ] GC(8) Old regions: 14->20
[2025-11-14T19:01:01.300+0100][gc,heap     ] GC(8) Humongous regions: 147->147
[2025-11-14T19:01:01.301+0100][gc,metaspace] GC(8) Metaspace: 46231K(46848K)->46231K(46848K) NonClass: 40690K(41024K)->40690K(41024K) Class: 5541K(5824K)->5541K(5824K)
[2025-11-14T19:01:01.301+0100][gc          ] GC(8) Pause Young (Mixed) (G1 Evacuation Pause) 211M->169M(1024M) 45.604ms
[2025-11-14T19:01:01.301+0100][gc,cpu      ] GC(8) User=0.26s Sys=0.02s Real=0.05s
[2025-11-14T19:05:22.451+0100][gc,start    ] GC(9) Pause Young (Normal) (G1 Evacuation Pause)
[2025-11-14T19:05:22.454+0100][gc,task     ] GC(9) Using 8 workers of 8 for evacuation
[2025-11-14T19:05:22.491+0100][gc,mmu      ] GC(9) MMU target violated: 21.0ms (20.0ms/21.0ms)
[2025-11-14T19:05:22.492+0100][gc,phases   ] GC(9)   Pre Evacuate Collection Set: 10.5ms
[2025-11-14T19:05:22.492+0100][gc,phases   ] GC(9)   Merge Heap Roots: 0.3ms
[2025-11-14T19:05:22.493+0100][gc,phases   ] GC(9)   Evacuate Collection Set: 23.3ms
[2025-11-14T19:05:22.493+0100][gc,phases   ] GC(9)   Post Evacuate Collection Set: 2.0ms
[2025-11-14T19:05:22.493+0100][gc,phases   ] GC(9)   Other: 1.8ms
[2025-11-14T19:05:22.494+0100][gc,heap     ] GC(9) Eden regions: 48->0(45)
[2025-11-14T19:05:22.494+0100][gc,heap     ] GC(9) Survivor regions: 3->6(7)
[2025-11-14T19:05:22.495+0100][gc,heap     ] GC(9) Old regions: 20->20
[2025-11-14T19:05:22.495+0100][gc,heap     ] GC(9) Humongous regions: 147->147
[2025-11-14T19:05:22.496+0100][gc,metaspace] GC(9) Metaspace: 46437K(47040K)->46437K(47040K) NonClass: 40896K(41216K)->40896K(41216K) Class: 5541K(5824K)->5541K(5824K)
[2025-11-14T19:05:22.496+0100][gc          ] GC(9) Pause Young (Normal) (G1 Evacuation Pause) 217M->173M(1024M) 45.088ms
[2025-11-14T19:05:22.497+0100][gc,cpu      ] GC(9) User=0.18s Sys=0.00s Real=0.05s
[2025-11-14T19:09:43.010+0100][gc,start    ] GC(10) Pause Young (Normal) (G1 Evacuation Pause)
[2025-11-14T19:09:43.011+0100][gc,task     ] GC(10) Using 8 workers of 8 for evacuation
[2025-11-14T19:09:43.117+0100][gc,mmu      ] GC(10) MMU target violated: 21.0ms (20.0ms/21.0ms)
[2025-11-14T19:09:43.117+0100][gc,phases   ] GC(10)   Pre Evacuate Collection Set: 0.5ms
[2025-11-14T19:09:43.118+0100][gc,phases   ] GC(10)   Merge Heap Roots: 0.2ms
[2025-11-14T19:09:43.119+0100][gc,phases   ] GC(10)   Evacuate Collection Set: 98.7ms
[2025-11-14T19:09:43.122+0100][gc,phases   ] GC(10)   Post Evacuate Collection Set: 5.9ms
[2025-11-14T19:09:43.123+0100][gc,phases   ] GC(10)   Other: 1.1ms
[2025-11-14T19:09:43.124+0100][gc,heap     ] GC(10) Eden regions: 45->0(47)
[2025-11-14T19:09:43.126+0100][gc,heap     ] GC(10) Survivor regions: 6->4(7)
[2025-11-14T19:09:43.129+0100][gc,heap     ] GC(10) Old regions: 20->25
[2025-11-14T19:09:43.130+0100][gc,heap     ] GC(10) Humongous regions: 147->147
[2025-11-14T19:09:43.131+0100][gc,metaspace] GC(10) Metaspace: 46588K(47232K)->46588K(47232K) NonClass: 41029K(41408K)->41029K(41408K) Class: 5558K(5824K)->5558K(5824K)
[2025-11-14T19:09:43.132+0100][gc          ] GC(10) Pause Young (Normal) (G1 Evacuation Pause) 218M->175M(1024M) 121.707ms
[2025-11-14T19:09:43.133+0100][gc,cpu      ] GC(10) User=0.47s Sys=0.10s Real=0.12s
[2025-11-14T19:14:31.041+0100][gc,start    ] GC(11) Pause Young (Normal) (G1 Evacuation Pause)
[2025-11-14T19:14:31.043+0100][gc,task     ] GC(11) Using 8 workers of 8 for evacuation
[2025-11-14T19:14:31.118+0100][gc,mmu      ] GC(11) MMU target violated: 21.0ms (20.0ms/21.0ms)
[2025-11-14T19:14:31.119+0100][gc,phases   ] GC(11)   Pre Evacuate Collection Set: 23.8ms
[2025-11-14T19:14:31.119+0100][gc,phases   ] GC(11)   Merge Heap Roots: 1.9ms
[2025-11-14T19:14:31.120+0100][gc,phases   ] GC(11)   Evacuate Collection Set: 44.9ms
[2025-11-14T19:14:31.120+0100][gc,phases   ] GC(11)   Post Evacuate Collection Set: 3.1ms
[2025-11-14T19:14:31.120+0100][gc,phases   ] GC(11)   Other: 3.3ms
[2025-11-14T19:14:31.121+0100][gc,heap     ] GC(11) Eden regions: 47->0(44)
[2025-11-14T19:14:31.121+0100][gc,heap     ] GC(11) Survivor regions: 4->7(7)
[2025-11-14T19:14:31.121+0100][gc,heap     ] GC(11) Old regions: 25->26
[2025-11-14T19:14:31.122+0100][gc,heap     ] GC(11) Humongous regions: 147->147
[2025-11-14T19:14:31.122+0100][gc,metaspace] GC(11) Metaspace: 46702K(47296K)->46702K(47296K) NonClass: 41141K(41472K)->41141K(41472K) Class: 5560K(5824K)->5560K(5824K)
[2025-11-14T19:14:31.122+0100][gc          ] GC(11) Pause Young (Normal) (G1 Evacuation Pause) 222M->179M(1024M) 81.770ms
[2025-11-14T19:14:31.123+0100][gc,cpu      ] GC(11) User=0.52s Sys=0.00s Real=0.08s
[2025-11-14T19:19:14.983+0100][gc,start    ] GC(12) Pause Young (Normal) (G1 Evacuation Pause)
[2025-11-14T19:19:14.985+0100][gc,task     ] GC(12) Using 8 workers of 8 for evacuation
[2025-11-14T19:19:15.139+0100][gc,mmu      ] GC(12) MMU target violated: 21.0ms (20.0ms/21.0ms)
[2025-11-14T19:19:15.155+0100][gc,phases   ] GC(12)   Pre Evacuate Collection Set: 18.6ms
[2025-11-14T19:19:15.155+0100][gc,phases   ] GC(12)   Merge Heap Roots: 2.0ms
[2025-11-14T19:19:15.156+0100][gc,phases   ] GC(12)   Evacuate Collection Set: 56.6ms
[2025-11-14T19:19:15.156+0100][gc,phases   ] GC(12)   Post Evacuate Collection Set: 74.9ms
[2025-11-14T19:19:15.156+0100][gc,phases   ] GC(12)   Other: 18.6ms
[2025-11-14T19:19:15.157+0100][gc,heap     ] GC(12) Eden regions: 44->0(46)
[2025-11-14T19:19:15.157+0100][gc,heap     ] GC(12) Survivor regions: 7->5(7)
[2025-11-14T19:19:15.157+0100][gc,heap     ] GC(12) Old regions: 26->32
[2025-11-14T19:19:15.157+0100][gc,heap     ] GC(12) Humongous regions: 147->147
[2025-11-14T19:19:15.158+0100][gc,metaspace] GC(12) Metaspace: 46798K(47424K)->46798K(47424K) NonClass: 41238K(41600K)->41238K(41600K) Class: 5560K(5824K)->5560K(5824K)
[2025-11-14T19:19:15.158+0100][gc          ] GC(12) Pause Young (Normal) (G1 Evacuation Pause) 223M->182M(1024M) 175.738ms
[2025-11-14T19:19:15.159+0100][gc,cpu      ] GC(12) User=0.85s Sys=0.07s Real=0.17s
[2025-11-14T19:24:10.464+0100][gc,start    ] GC(13) Pause Young (Normal) (G1 Evacuation Pause)
[2025-11-14T19:24:10.467+0100][gc,task     ] GC(13) Using 8 workers of 8 for evacuation
[2025-11-14T19:24:10.557+0100][gc,mmu      ] GC(13) MMU target violated: 21.0ms (20.0ms/21.0ms)
[2025-11-14T19:24:10.558+0100][gc,phases   ] GC(13)   Pre Evacuate Collection Set: 20.8ms
[2025-11-14T19:24:10.558+0100][gc,phases   ] GC(13)   Merge Heap Roots: 1.5ms
[2025-11-14T19:24:10.558+0100][gc,phases   ] GC(13)   Evacuate Collection Set: 56.6ms
[2025-11-14T19:24:10.559+0100][gc,phases   ] GC(13)   Post Evacuate Collection Set: 8.2ms
[2025-11-14T19:24:10.560+0100][gc,phases   ] GC(13)   Other: 3.8ms
[2025-11-14T19:24:10.560+0100][gc,heap     ] GC(13) Eden regions: 46->0(47)
[2025-11-14T19:24:10.561+0100][gc,heap     ] GC(13) Survivor regions: 5->4(7)
[2025-11-14T19:24:10.561+0100][gc,heap     ] GC(13) Old regions: 32->36
[2025-11-14T19:24:10.561+0100][gc,heap     ] GC(13) Humongous regions: 147->147
[2025-11-14T19:24:10.562+0100][gc,metaspace] GC(13) Metaspace: 46807K(47424K)->46807K(47424K) NonClass: 41246K(41600K)->41246K(41600K) Class: 5560K(5824K)->5560K(5824K)
[2025-11-14T19:24:10.563+0100][gc          ] GC(13) Pause Young (Normal) (G1 Evacuation Pause) 228M->186M(1024M) 99.340ms
[2025-11-14T19:24:10.563+0100][gc,cpu      ] GC(13) User=0.51s Sys=0.04s Real=0.10s
[2025-11-14T19:29:11.137+0100][gc,start    ] GC(14) Pause Young (Normal) (G1 Evacuation Pause)
[2025-11-14T19:29:11.141+0100][gc,task     ] GC(14) Using 8 workers of 8 for evacuation
[2025-11-14T19:29:11.242+0100][gc,mmu      ] GC(14) MMU target violated: 21.0ms (20.0ms/21.0ms)
[2025-11-14T19:29:11.243+0100][gc,phases   ] GC(14)   Pre Evacuate Collection Set: 24.3ms
[2025-11-14T19:29:11.243+0100][gc,phases   ] GC(14)   Merge Heap Roots: 2.2ms
[2025-11-14T19:29:11.244+0100][gc,phases   ] GC(14)   Evacuate Collection Set: 67.5ms
[2025-11-14T19:29:11.244+0100][gc,phases   ] GC(14)   Post Evacuate Collection Set: 6.0ms
[2025-11-14T19:29:11.245+0100][gc,phases   ] GC(14)   Other: 3.7ms
[2025-11-14T19:29:11.246+0100][gc,heap     ] GC(14) Eden regions: 47->0(45)
[2025-11-14T19:29:11.246+0100][gc,heap     ] GC(14) Survivor regions: 4->6(7)
[2025-11-14T19:29:11.246+0100][gc,heap     ] GC(14) Old regions: 36->39
[2025-11-14T19:29:11.247+0100][gc,heap     ] GC(14) Humongous regions: 147->147
[2025-11-14T19:29:11.248+0100][gc,metaspace] GC(14) Metaspace: 46833K(47488K)->46833K(47488K) NonClass: 41271K(41664K)->41271K(41664K) Class: 5561K(5824K)->5561K(5824K)
[2025-11-14T19:29:11.249+0100][gc          ] GC(14) Pause Young (Normal) (G1 Evacuation Pause) 233M->190M(1024M) 112.575ms
[2025-11-14T19:29:11.249+0100][gc,cpu      ] GC(14) User=0.72s Sys=0.00s Real=0.12s
[2025-11-14T19:33:58.334+0100][gc,start    ] GC(15) Pause Young (Normal) (G1 Evacuation Pause)
[2025-11-14T19:33:58.338+0100][gc,task     ] GC(15) Using 8 workers of 8 for evacuation
[2025-11-14T19:33:58.435+0100][gc,mmu      ] GC(15) MMU target violated: 21.0ms (20.0ms/21.0ms)
[2025-11-14T19:33:58.435+0100][gc,phases   ] GC(15)   Pre Evacuate Collection Set: 22.3ms
[2025-11-14T19:33:58.436+0100][gc,phases   ] GC(15)   Merge Heap Roots: 1.6ms
[2025-11-14T19:33:58.436+0100][gc,phases   ] GC(15)   Evacuate Collection Set: 65.3ms
[2025-11-14T19:33:58.436+0100][gc,phases   ] GC(15)   Post Evacuate Collection Set: 6.4ms
[2025-11-14T19:33:58.437+0100][gc,phases   ] GC(15)   Other: 3.0ms
[2025-11-14T19:33:58.437+0100][gc,heap     ] GC(15) Eden regions: 45->0(46)
[2025-11-14T19:33:58.438+0100][gc,heap     ] GC(15) Survivor regions: 6->5(7)
[2025-11-14T19:33:58.438+0100][gc,heap     ] GC(15) Old regions: 39->43
[2025-11-14T19:33:58.438+0100][gc,heap     ] GC(15) Humongous regions: 147->147
[2025-11-14T19:33:58.439+0100][gc,metaspace] GC(15) Metaspace: 46857K(47488K)->46857K(47488K) NonClass: 41295K(41664K)->41295K(41664K) Class: 5561K(5824K)->5561K(5824K)
[2025-11-14T19:33:58.439+0100][gc          ] GC(15) Pause Young (Normal) (G1 Evacuation Pause) 235M->193M(1024M) 105.751ms
[2025-11-14T19:33:58.439+0100][gc,cpu      ] GC(15) User=0.63s Sys=0.00s Real=0.10s
[2025-11-14T19:38:50.577+0100][gc,start    ] GC(16) Pause Young (Normal) (G1 Evacuation Pause)
[2025-11-14T19:38:50.590+0100][gc,task     ] GC(16) Using 8 workers of 8 for evacuation
[2025-11-14T19:38:50.885+0100][gc,mmu      ] GC(16) MMU target violated: 21.0ms (20.0ms/21.0ms)
[2025-11-14T19:38:50.888+0100][gc,phases   ] GC(16)   Pre Evacuate Collection Set: 76.8ms
[2025-11-14T19:38:50.888+0100][gc,phases   ] GC(16)   Merge Heap Roots: 3.2ms
[2025-11-14T19:38:50.889+0100][gc,phases   ] GC(16)   Evacuate Collection Set: 190.5ms
[2025-11-14T19:38:50.890+0100][gc,phases   ] GC(16)   Post Evacuate Collection Set: 17.5ms
[2025-11-14T19:38:50.893+0100][gc,phases   ] GC(16)   Other: 10.3ms
[2025-11-14T19:38:50.894+0100][gc,heap     ] GC(16) Eden regions: 46->0(46)
[2025-11-14T19:38:50.895+0100][gc,heap     ] GC(16) Survivor regions: 5->5(7)
[2025-11-14T19:38:50.896+0100][gc,heap     ] GC(16) Old regions: 43->46
[2025-11-14T19:38:50.896+0100][gc,heap     ] GC(16) Humongous regions: 147->147
[2025-11-14T19:38:50.897+0100][gc,metaspace] GC(16) Metaspace: 46872K(47488K)->46872K(47488K) NonClass: 41311K(41664K)->41311K(41664K) Class: 5561K(5824K)->5561K(5824K)
[2025-11-14T19:38:50.900+0100][gc          ] GC(16) Pause Young (Normal) (G1 Evacuation Pause) 239M->196M(1024M) 324.379ms
[2025-11-14T19:38:50.901+0100][gc,cpu      ] GC(16) User=1.24s Sys=0.43s Real=0.32s
[2025-11-14T19:43:59.993+0100][gc,start    ] GC(17) Pause Young (Normal) (G1 Evacuation Pause)
[2025-11-14T19:44:00.046+0100][gc,task     ] GC(17) Using 8 workers of 8 for evacuation
[2025-11-14T19:44:00.381+0100][gc,mmu      ] GC(17) MMU target violated: 21.0ms (20.0ms/21.0ms)
[2025-11-14T19:44:00.383+0100][gc,phases   ] GC(17)   Pre Evacuate Collection Set: 103.1ms
[2025-11-14T19:44:00.384+0100][gc,phases   ] GC(17)   Merge Heap Roots: 5.9ms
[2025-11-14T19:44:00.384+0100][gc,phases   ] GC(17)   Evacuate Collection Set: 169.7ms
[2025-11-14T19:44:00.386+0100][gc,phases   ] GC(17)   Post Evacuate Collection Set: 25.4ms
[2025-11-14T19:44:00.388+0100][gc,phases   ] GC(17)   Other: 35.6ms
[2025-11-14T19:44:00.389+0100][gc,heap     ] GC(17) Eden regions: 46->0(47)
[2025-11-14T19:44:00.391+0100][gc,heap     ] GC(17) Survivor regions: 5->4(7)
[2025-11-14T19:44:00.392+0100][gc,heap     ] GC(17) Old regions: 46->49
[2025-11-14T19:44:00.394+0100][gc,heap     ] GC(17) Humongous regions: 147->147
[2025-11-14T19:44:00.396+0100][gc,metaspace] GC(17) Metaspace: 46910K(47552K)->46910K(47552K) NonClass: 41346K(41728K)->41346K(41728K) Class: 5563K(5824K)->5563K(5824K)
[2025-11-14T19:44:00.398+0100][gc          ] GC(17) Pause Young (Normal) (G1 Evacuation Pause) 242M->199M(1024M) 406.095ms
[2025-11-14T19:44:00.403+0100][gc,cpu      ] GC(17) User=1.56s Sys=0.35s Real=0.41s
[2025-11-14T19:49:10.283+0100][gc,start    ] GC(18) Pause Young (Normal) (G1 Evacuation Pause)
[2025-11-14T19:49:10.303+0100][gc,task     ] GC(18) Using 8 workers of 8 for evacuation
[2025-11-14T19:49:11.124+0100][gc,mmu      ] GC(18) MMU target violated: 21.0ms (20.0ms/21.0ms)
[2025-11-14T19:49:11.130+0100][gc,phases   ] GC(18)   Pre Evacuate Collection Set: 174.7ms
[2025-11-14T19:49:11.142+0100][gc,phases   ] GC(18)   Merge Heap Roots: 7.2ms
[2025-11-14T19:49:11.147+0100][gc,phases   ] GC(18)   Evacuate Collection Set: 559.3ms
[2025-11-14T19:49:11.150+0100][gc,phases   ] GC(18)   Post Evacuate Collection Set: 71.8ms
[2025-11-14T19:49:11.154+0100][gc,phases   ] GC(18)   Other: 20.6ms
[2025-11-14T19:49:11.160+0100][gc,heap     ] GC(18) Eden regions: 47->0(44)
[2025-11-14T19:49:11.165+0100][gc,heap     ] GC(18) Survivor regions: 4->7(7)
[2025-11-14T19:49:11.181+0100][gc,heap     ] GC(18) Old regions: 49->51
[2025-11-14T19:49:11.183+0100][gc,heap     ] GC(18) Humongous regions: 147->147
[2025-11-14T19:49:11.191+0100][gc,metaspace] GC(18) Metaspace: 46923K(47552K)->46923K(47552K) NonClass: 41359K(41728K)->41359K(41728K) Class: 5563K(5824K)->5563K(5824K)
[2025-11-14T19:49:11.198+0100][gc          ] GC(18) Pause Young (Normal) (G1 Evacuation Pause) 246M->204M(1024M) 915.034ms
[2025-11-14T19:49:11.205+0100][gc,cpu      ] GC(18) User=3.67s Sys=0.59s Real=0.93s
[2025-11-14T19:54:02.878+0100][gc,start    ] GC(19) Pause Young (Normal) (G1 Evacuation Pause)
[2025-11-14T19:54:02.890+0100][gc,task     ] GC(19) Using 8 workers of 8 for evacuation
[2025-11-14T19:54:02.939+0100][gc,mmu      ] GC(19) MMU target violated: 21.0ms (20.0ms/21.0ms)
[2025-11-14T19:54:02.940+0100][gc,phases   ] GC(19)   Pre Evacuate Collection Set: 1.3ms
[2025-11-14T19:54:02.948+0100][gc,phases   ] GC(19)   Merge Heap Roots: 0.3ms
[2025-11-14T19:54:02.948+0100][gc,phases   ] GC(19)   Evacuate Collection Set: 42.6ms
[2025-11-14T19:54:02.949+0100][gc,phases   ] GC(19)   Post Evacuate Collection Set: 2.6ms
[2025-11-14T19:54:02.953+0100][gc,phases   ] GC(19)   Other: 3.7ms
[2025-11-14T19:54:02.966+0100][gc,heap     ] GC(19) Eden regions: 44->0(46)
[2025-11-14T19:54:02.972+0100][gc,heap     ] GC(19) Survivor regions: 7->5(7)
[2025-11-14T19:54:02.972+0100][gc,heap     ] GC(19) Old regions: 51->57
[2025-11-14T19:54:02.973+0100][gc,heap     ] GC(19) Humongous regions: 147->147
[2025-11-14T19:54:02.975+0100][gc,metaspace] GC(19) Metaspace: 46941K(47552K)->46941K(47552K) NonClass: 41377K(41728K)->41377K(41728K) Class: 5563K(5824K)->5563K(5824K)
[2025-11-14T19:54:02.976+0100][gc          ] GC(19) Pause Young (Normal) (G1 Evacuation Pause) 248M->208M(1024M) 98.133ms
[2025-11-14T19:54:02.977+0100][gc,cpu      ] GC(19) User=0.10s Sys=0.16s Real=0.09s
[2025-11-14T19:58:39.004+0100][gc,start    ] GC(20) Pause Young (Normal) (G1 Evacuation Pause)
[2025-11-14T19:58:39.672+0100][gc,task     ] GC(20) Using 8 workers of 8 for evacuation
[2025-11-14T19:58:39.782+0100][gc,mmu      ] GC(20) MMU target violated: 21.0ms (20.0ms/21.0ms)
[2025-11-14T19:58:39.782+0100][gc,phases   ] GC(20)   Pre Evacuate Collection Set: 34.7ms
[2025-11-14T19:58:39.783+0100][gc,phases   ] GC(20)   Merge Heap Roots: 1.9ms
[2025-11-14T19:58:39.783+0100][gc,phases   ] GC(20)   Evacuate Collection Set: 65.6ms
[2025-11-14T19:58:39.783+0100][gc,phases   ] GC(20)   Post Evacuate Collection Set: 5.9ms
[2025-11-14T19:58:39.784+0100][gc,phases   ] GC(20)   Other: 3.8ms
[2025-11-14T19:58:39.784+0100][gc,heap     ] GC(20) Eden regions: 46->0(44)
[2025-11-14T19:58:39.784+0100][gc,heap     ] GC(20) Survivor regions: 5->7(7)
[2025-11-14T19:58:39.785+0100][gc,heap     ] GC(20) Old regions: 57->61
[2025-11-14T19:58:39.785+0100][gc,heap     ] GC(20) Humongous regions: 147->147
[2025-11-14T19:58:39.786+0100][gc,metaspace] GC(20) Metaspace: 47083K(47744K)->47083K(47744K) NonClass: 41487K(41856K)->41487K(41856K) Class: 5596K(5888K)->5596K(5888K)
[2025-11-14T19:58:39.786+0100][gc          ] GC(20) Pause Young (Normal) (G1 Evacuation Pause) 254M->213M(1024M) 1683.209ms
[2025-11-14T19:58:39.786+0100][gc,cpu      ] GC(20) User=7.32s Sys=1.71s Real=1.70s
[2025-11-14T20:03:29.092+0100][gc,start    ] GC(21) Pause Young (Normal) (G1 Evacuation Pause)
[2025-11-14T20:03:29.093+0100][gc,task     ] GC(21) Using 8 workers of 8 for evacuation
[2025-11-14T20:03:29.110+0100][gc,phases   ] GC(21)   Pre Evacuate Collection Set: 0.7ms
[2025-11-14T20:03:29.110+0100][gc,phases   ] GC(21)   Merge Heap Roots: 0.3ms
[2025-11-14T20:03:29.111+0100][gc,phases   ] GC(21)   Evacuate Collection Set: 13.8ms
[2025-11-14T20:03:29.111+0100][gc,phases   ] GC(21)   Post Evacuate Collection Set: 1.2ms
[2025-11-14T20:03:29.111+0100][gc,phases   ] GC(21)   Other: 0.7ms
[2025-11-14T20:03:29.112+0100][gc,heap     ] GC(21) Eden regions: 44->0(47)
[2025-11-14T20:03:29.112+0100][gc,heap     ] GC(21) Survivor regions: 7->4(7)
[2025-11-14T20:03:29.112+0100][gc,heap     ] GC(21) Old regions: 61->65
[2025-11-14T20:03:29.112+0100][gc,heap     ] GC(21) Humongous regions: 147->147
[2025-11-14T20:03:29.113+0100][gc,metaspace] GC(21) Metaspace: 47102K(47744K)->47102K(47744K) NonClass: 41506K(41856K)->41506K(41856K) Class: 5596K(5888K)->5596K(5888K)
[2025-11-14T20:03:29.113+0100][gc          ] GC(21) Pause Young (Normal) (G1 Evacuation Pause) 257M->215M(1024M) 21.037ms
[2025-11-14T20:03:29.113+0100][gc,cpu      ] GC(21) User=0.08s Sys=0.01s Real=0.03s
[2025-11-14T20:08:33.625+0100][gc,start    ] GC(22) Pause Young (Normal) (G1 Evacuation Pause)
[2025-11-14T20:08:33.626+0100][gc,task     ] GC(22) Using 8 workers of 8 for evacuation
[2025-11-14T20:08:33.634+0100][gc,phases   ] GC(22)   Pre Evacuate Collection Set: 0.5ms
[2025-11-14T20:08:33.635+0100][gc,phases   ] GC(22)   Merge Heap Roots: 0.2ms
[2025-11-14T20:08:33.635+0100][gc,phases   ] GC(22)   Evacuate Collection Set: 6.2ms
[2025-11-14T20:08:33.635+0100][gc,phases   ] GC(22)   Post Evacuate Collection Set: 0.9ms
[2025-11-14T20:08:33.636+0100][gc,phases   ] GC(22)   Other: 0.5ms
[2025-11-14T20:08:33.636+0100][gc,heap     ] GC(22) Eden regions: 47->0(44)
[2025-11-14T20:08:33.636+0100][gc,heap     ] GC(22) Survivor regions: 4->7(7)
[2025-11-14T20:08:33.637+0100][gc,heap     ] GC(22) Old regions: 65->65
[2025-11-14T20:08:33.637+0100][gc,heap     ] GC(22) Humongous regions: 147->147
[2025-11-14T20:08:33.637+0100][gc,metaspace] GC(22) Metaspace: 47115K(47808K)->47115K(47808K) NonClass: 41519K(41920K)->41519K(41920K) Class: 5596K(5888K)->5596K(5888K)
[2025-11-14T20:08:33.638+0100][gc          ] GC(22) Pause Young (Normal) (G1 Evacuation Pause) 262M->218M(1024M) 12.481ms
[2025-11-14T20:08:33.638+0100][gc,cpu      ] GC(22) User=0.04s Sys=0.01s Real=0.01s
[2025-11-14T20:13:21.218+0100][gc,start    ] GC(23) Pause Young (Normal) (G1 Evacuation Pause)
[2025-11-14T20:13:21.222+0100][gc,task     ] GC(23) Using 8 workers of 8 for evacuation
[2025-11-14T20:13:21.335+0100][gc,mmu      ] GC(23) MMU target violated: 21.0ms (20.0ms/21.0ms)
[2025-11-14T20:13:21.336+0100][gc,phases   ] GC(23)   Pre Evacuate Collection Set: 27.1ms
[2025-11-14T20:13:21.336+0100][gc,phases   ] GC(23)   Merge Heap Roots: 1.9ms
[2025-11-14T20:13:21.336+0100][gc,phases   ] GC(23)   Evacuate Collection Set: 72.2ms
[2025-11-14T20:13:21.337+0100][gc,phases   ] GC(23)   Post Evacuate Collection Set: 10.1ms
[2025-11-14T20:13:21.337+0100][gc,phases   ] GC(23)   Other: 4.3ms
[2025-11-14T20:13:21.338+0100][gc,heap     ] GC(23) Eden regions: 44->0(46)
[2025-11-14T20:13:21.338+0100][gc,heap     ] GC(23) Survivor regions: 7->5(7)
[2025-11-14T20:13:21.339+0100][gc,heap     ] GC(23) Old regions: 65->70
[2025-11-14T20:13:21.339+0100][gc,heap     ] GC(23) Humongous regions: 147->147
[2025-11-14T20:13:21.339+0100][gc,metaspace] GC(23) Metaspace: 47119K(47808K)->47119K(47808K) NonClass: 41523K(41920K)->41523K(41920K) Class: 5596K(5888K)->5596K(5888K)
[2025-11-14T20:13:21.340+0100][gc          ] GC(23) Pause Young (Normal) (G1 Evacuation Pause) 262M->220M(1024M) 122.648ms
[2025-11-14T20:13:21.341+0100][gc,cpu      ] GC(23) User=0.67s Sys=0.00s Real=0.13s
[2025-11-14T20:18:21.371+0100][gc,start    ] GC(24) Pause Young (Normal) (G1 Evacuation Pause)
[2025-11-14T20:18:21.373+0100][gc,task     ] GC(24) Using 8 workers of 8 for evacuation
[2025-11-14T20:18:21.441+0100][gc,mmu      ] GC(24) MMU target violated: 21.0ms (20.0ms/21.0ms)
[2025-11-14T20:18:21.442+0100][gc,phases   ] GC(24)   Pre Evacuate Collection Set: 15.8ms
[2025-11-14T20:18:21.443+0100][gc,phases   ] GC(24)   Merge Heap Roots: 1.5ms
[2025-11-14T20:18:21.443+0100][gc,phases   ] GC(24)   Evacuate Collection Set: 45.1ms
[2025-11-14T20:18:21.443+0100][gc,phases   ] GC(24)   Post Evacuate Collection Set: 5.6ms
[2025-11-14T20:18:21.444+0100][gc,phases   ] GC(24)   Other: 2.7ms
[2025-11-14T20:18:21.444+0100][gc,heap     ] GC(24) Eden regions: 46->0(47)
[2025-11-14T20:18:21.445+0100][gc,heap     ] GC(24) Survivor regions: 5->4(7)
[2025-11-14T20:18:21.445+0100][gc,heap     ] GC(24) Old regions: 70->73
[2025-11-14T20:18:21.445+0100][gc,heap     ] GC(24) Humongous regions: 147->147
[2025-11-14T20:18:21.446+0100][gc,metaspace] GC(24) Metaspace: 47133K(47808K)->47133K(47808K) NonClass: 41537K(41920K)->41537K(41920K) Class: 5596K(5888K)->5596K(5888K)
[2025-11-14T20:18:21.446+0100][gc          ] GC(24) Pause Young (Normal) (G1 Evacuation Pause) 266M->224M(1024M) 74.964ms
[2025-11-14T20:18:21.446+0100][gc,cpu      ] GC(24) User=0.46s Sys=0.00s Real=0.08s
[2025-11-14T20:23:31.272+0100][gc,start    ] GC(25) Pause Young (Normal) (G1 Evacuation Pause)
[2025-11-14T20:23:31.274+0100][gc,task     ] GC(25) Using 8 workers of 8 for evacuation
[2025-11-14T20:23:31.311+0100][gc,mmu      ] GC(25) MMU target violated: 21.0ms (20.0ms/21.0ms)
[2025-11-14T20:23:31.311+0100][gc,phases   ] GC(25)   Pre Evacuate Collection Set: 6.2ms
[2025-11-14T20:23:31.311+0100][gc,phases   ] GC(25)   Merge Heap Roots: 0.7ms
[2025-11-14T20:23:31.312+0100][gc,phases   ] GC(25)   Evacuate Collection Set: 27.5ms
[2025-11-14T20:23:31.312+0100][gc,phases   ] GC(25)   Post Evacuate Collection Set: 2.2ms
[2025-11-14T20:23:31.313+0100][gc,phases   ] GC(25)   Other: 1.3ms
[2025-11-14T20:23:31.313+0100][gc,heap     ] GC(25) Eden regions: 47->0(47)
[2025-11-14T20:23:31.313+0100][gc,heap     ] GC(25) Survivor regions: 4->4(7)
[2025-11-14T20:23:31.314+0100][gc,heap     ] GC(25) Old regions: 73->77
[2025-11-14T20:23:31.314+0100][gc,heap     ] GC(25) Humongous regions: 147->147
[2025-11-14T20:23:31.314+0100][gc,metaspace] GC(25) Metaspace: 47146K(47808K)->47146K(47808K) NonClass: 41550K(41920K)->41550K(41920K) Class: 5596K(5888K)->5596K(5888K)
[2025-11-14T20:23:31.315+0100][gc          ] GC(25) Pause Young (Normal) (G1 Evacuation Pause) 271M->227M(1024M) 42.870ms
[2025-11-14T20:23:31.315+0100][gc,cpu      ] GC(25) User=0.25s Sys=0.00s Real=0.05s
[2025-11-14T20:28:39.873+0100][gc,start    ] GC(26) Pause Young (Normal) (G1 Evacuation Pause)
[2025-11-14T20:28:39.874+0100][gc,task     ] GC(26) Using 8 workers of 8 for evacuation
[2025-11-14T20:28:39.901+0100][gc,mmu      ] GC(26) MMU target violated: 21.0ms (20.0ms/21.0ms)
[2025-11-14T20:28:39.902+0100][gc,phases   ] GC(26)   Pre Evacuate Collection Set: 1.5ms
[2025-11-14T20:28:39.902+0100][gc,phases   ] GC(26)   Merge Heap Roots: 0.3ms
[2025-11-14T20:28:39.903+0100][gc,phases   ] GC(26)   Evacuate Collection Set: 23.4ms
[2025-11-14T20:28:39.903+0100][gc,phases   ] GC(26)   Post Evacuate Collection Set: 1.4ms
[2025-11-14T20:28:39.904+0100][gc,phases   ] GC(26)   Other: 1.3ms
[2025-11-14T20:28:39.904+0100][gc,heap     ] GC(26) Eden regions: 47->0(44)
[2025-11-14T20:28:39.904+0100][gc,heap     ] GC(26) Survivor regions: 4->7(7)
[2025-11-14T20:28:39.904+0100][gc,heap     ] GC(26) Old regions: 77->78
[2025-11-14T20:28:39.905+0100][gc,heap     ] GC(26) Humongous regions: 147->147
[2025-11-14T20:28:39.905+0100][gc,metaspace] GC(26) Metaspace: 47147K(47808K)->47147K(47808K) NonClass: 41551K(41920K)->41551K(41920K) Class: 5596K(5888K)->5596K(5888K)
[2025-11-14T20:28:39.905+0100][gc          ] GC(26) Pause Young (Normal) (G1 Evacuation Pause) 274M->231M(1024M) 32.488ms
[2025-11-14T20:28:39.905+0100][gc,cpu      ] GC(26) User=0.20s Sys=0.00s Real=0.03s
[2025-11-14T20:33:28.122+0100][gc,start    ] GC(27) Pause Young (Normal) (G1 Evacuation Pause)
[2025-11-14T20:33:28.124+0100][gc,task     ] GC(27) Using 8 workers of 8 for evacuation
[2025-11-14T20:33:28.229+0100][gc,mmu      ] GC(27) MMU target violated: 21.0ms (20.0ms/21.0ms)
[2025-11-14T20:33:28.230+0100][gc,phases   ] GC(27)   Pre Evacuate Collection Set: 18.4ms
[2025-11-14T20:33:28.231+0100][gc,phases   ] GC(27)   Merge Heap Roots: 1.8ms
[2025-11-14T20:33:28.231+0100][gc,phases   ] GC(27)   Evacuate Collection Set: 76.2ms
[2025-11-14T20:33:28.231+0100][gc,phases   ] GC(27)   Post Evacuate Collection Set: 7.9ms
[2025-11-14T20:33:28.231+0100][gc,phases   ] GC(27)   Other: 2.6ms
[2025-11-14T20:33:28.232+0100][gc,heap     ] GC(27) Eden regions: 44->0(46)
[2025-11-14T20:33:28.232+0100][gc,heap     ] GC(27) Survivor regions: 7->5(7)
[2025-11-14T20:33:28.232+0100][gc,heap     ] GC(27) Old regions: 78->85
[2025-11-14T20:33:28.233+0100][gc,heap     ] GC(27) Humongous regions: 147->147
[2025-11-14T20:33:28.233+0100][gc,metaspace] GC(27) Metaspace: 47154K(47808K)->47154K(47808K) NonClass: 41558K(41920K)->41558K(41920K) Class: 5596K(5888K)->5596K(5888K)
[2025-11-14T20:33:28.233+0100][gc          ] GC(27) Pause Young (Normal) (G1 Evacuation Pause) 275M->236M(1024M) 111.719ms
[2025-11-14T20:33:28.234+0100][gc,cpu      ] GC(27) User=0.67s Sys=0.00s Real=0.11s
[2025-11-14T20:37:50.531+0100][gc,start    ] GC(28) Pause Young (Normal) (G1 Evacuation Pause)
[2025-11-14T20:37:50.539+0100][gc,task     ] GC(28) Using 8 workers of 8 for evacuation
[2025-11-14T20:37:50.845+0100][gc,mmu      ] GC(28) MMU target violated: 21.0ms (20.0ms/21.0ms)
[2025-11-14T20:37:50.848+0100][gc,phases   ] GC(28)   Pre Evacuate Collection Set: 75.3ms
[2025-11-14T20:37:50.849+0100][gc,phases   ] GC(28)   Merge Heap Roots: 2.0ms
[2025-11-14T20:37:50.850+0100][gc,phases   ] GC(28)   Evacuate Collection Set: 214.1ms
[2025-11-14T20:37:50.851+0100][gc,phases   ] GC(28)   Post Evacuate Collection Set: 9.3ms
[2025-11-14T20:37:50.852+0100][gc,phases   ] GC(28)   Other: 12.1ms
[2025-11-14T20:37:50.854+0100][gc,heap     ] GC(28) Eden regions: 46->0(47)
[2025-11-14T20:37:50.854+0100][gc,heap     ] GC(28) Survivor regions: 5->4(7)
[2025-11-14T20:37:50.855+0100][gc,heap     ] GC(28) Old regions: 85->89
[2025-11-14T20:37:50.856+0100][gc,heap     ] GC(28) Humongous regions: 147->147
[2025-11-14T20:37:50.857+0100][gc,metaspace] GC(28) Metaspace: 47852K(48448K)->47852K(48448K) NonClass: 42112K(42432K)->42112K(42432K) Class: 5740K(6016K)->5740K(6016K)
[2025-11-14T20:37:50.858+0100][gc          ] GC(28) Pause Young (Normal) (G1 Evacuation Pause) 282M->238M(1024M) 326.933ms
[2025-11-14T20:37:50.859+0100][gc,cpu      ] GC(28) User=1.72s Sys=0.17s Real=0.33s
[2025-11-14T20:37:52.195+0100][gc,heap,exit] Heap
[2025-11-14T20:37:52.201+0100][gc,heap,exit]  garbage-first heap   total 1048576K, used 251087K [0x00000000c0000000, 0x0000000100000000)
[2025-11-14T20:37:52.203+0100][gc,heap,exit]   region size 1024K, 11 young (11264K), 4 survivors (4096K)
[2025-11-14T20:37:52.210+0100][gc,heap,exit]  Metaspace       used 48037K, committed 48640K, reserved 1114112K
[2025-11-14T20:37:52.211+0100][gc,heap,exit]   class space    used 5793K, committed 6080K, reserved 1048576K
